Component: ARM Compiler 5.06 update 6 (build 750) Tool: armlink [4d35ed]

==============================================================================

Section Cross References

    main.o(.text) refers to system_swm190.o(.text) for SystemInit
    main.o(.text) refers to swm190_gpio.o(.text) for GPIO_Init
    main.o(.text) refers to swm190_timr.o(.text) for TIMR_Init
    main.o(.text) refers to system_swm190.o(.data) for SystemCoreClock
    swm190_gpio.o(.text) refers to swm190_port.o(.text) for PORT_Init
    swm190_i2c.o(.text) refers to uidiv.o(.text) for __aeabi_uidivmod
    swm190_i2c.o(.text) refers to system_swm190.o(.data) for SystemCoreClock
    swm190_pwm.o(.text) refers to swm190_pwm.o(.data) for .data
    swm190_uart.o(.text) refers to uidiv.o(.text) for __aeabi_uidivmod
    swm190_uart.o(.text) refers to system_swm190.o(.data) for SystemCoreClock
    swm190_spi.o(.text) refers to uidiv.o(.text) for __aeabi_uidivmod
    swm190_spi.o(.text) refers to system_swm190.o(.data) for SystemCoreClock
    swm190_rtc.o(.text) refers to memcpya.o(.text) for __aeabi_memcpy4
    swm190_rtc.o(.text) refers to uidiv.o(.text) for __aeabi_uidivmod
    swm190_rtc.o(.text) refers to swm190_rtc.o(.constdata) for .constdata
    system_swm190.o(.text) refers to system_swm190.o(i.__ARM_common_switch8) for __ARM_common_switch8
    system_swm190.o(.text) refers to uidiv.o(.text) for __aeabi_uidivmod
    system_swm190.o(.text) refers to swm190_port.o(.text) for PORT_Init
    system_swm190.o(.text) refers to system_swm190.o(.data) for .data
    startup_swm190.o(RESET) refers to startup_swm190.o(STACK) for __initial_sp
    startup_swm190.o(RESET) refers to startup_swm190.o(.text) for Reset_Handler
    startup_swm190.o(RESET) refers to main.o(.text) for BTIMR0_Handler
    startup_swm190.o(.text) refers to entry.o(.ARM.Collect$$$$00000000) for __main
    entry.o(.ARM.Collect$$$$00000000) refers (Special) to entry10a.o(.ARM.Collect$$$$0000000D) for __rt_final_cpp
    entry.o(.ARM.Collect$$$$00000000) refers (Special) to entry11a.o(.ARM.Collect$$$$0000000F) for __rt_final_exit
    entry.o(.ARM.Collect$$$$00000000) refers (Special) to entry7b.o(.ARM.Collect$$$$00000008) for _main_clock
    entry.o(.ARM.Collect$$$$00000000) refers (Special) to entry8b.o(.ARM.Collect$$$$0000000A) for _main_cpp_init
    entry.o(.ARM.Collect$$$$00000000) refers (Special) to entry9a.o(.ARM.Collect$$$$0000000B) for _main_init
    entry.o(.ARM.Collect$$$$00000000) refers (Special) to entry5.o(.ARM.Collect$$$$00000004) for _main_scatterload
    entry.o(.ARM.Collect$$$$00000000) refers (Special) to entry2.o(.ARM.Collect$$$$00000001) for _main_stk
    entry2.o(.ARM.Collect$$$$00000001) refers to entry2.o(.ARM.Collect$$$$00002712) for __lit__00000000
    entry2.o(.ARM.Collect$$$$00002712) refers to startup_swm190.o(STACK) for __initial_sp
    entry2.o(__vectab_stack_and_reset_area) refers to startup_swm190.o(STACK) for __initial_sp
    entry2.o(__vectab_stack_and_reset_area) refers to entry.o(.ARM.Collect$$$$00000000) for __main
    entry5.o(.ARM.Collect$$$$00000004) refers to init.o(.text) for __scatterload
    entry9a.o(.ARM.Collect$$$$0000000B) refers to main.o(.text) for main
    entry9b.o(.ARM.Collect$$$$0000000C) refers to main.o(.text) for main
    init.o(.text) refers to entry5.o(.ARM.Collect$$$$00000004) for __main_after_scatterload


==============================================================================

Removing Unused input sections from the image.

    Removing main.o(.rev16_text), (4 bytes).
    Removing main.o(.revsh_text), (4 bytes).
    Removing swm190_adc.o(.rev16_text), (4 bytes).
    Removing swm190_adc.o(.revsh_text), (4 bytes).
    Removing swm190_adc.o(.text), (692 bytes).
    Removing swm190_exti.o(.rev16_text), (4 bytes).
    Removing swm190_exti.o(.revsh_text), (4 bytes).
    Removing swm190_exti.o(.text), (150 bytes).
    Removing swm190_gpio.o(.rev16_text), (4 bytes).
    Removing swm190_gpio.o(.revsh_text), (4 bytes).
    Removing swm190_i2c.o(.rev16_text), (4 bytes).
    Removing swm190_i2c.o(.revsh_text), (4 bytes).
    Removing swm190_i2c.o(.text), (576 bytes).
    Removing swm190_pwm.o(.rev16_text), (4 bytes).
    Removing swm190_pwm.o(.revsh_text), (4 bytes).
    Removing swm190_pwm.o(.text), (2708 bytes).
    Removing swm190_pwm.o(.data), (32 bytes).
    Removing swm190_timr.o(.rev16_text), (4 bytes).
    Removing swm190_timr.o(.revsh_text), (4 bytes).
    Removing swm190_uart.o(.rev16_text), (4 bytes).
    Removing swm190_uart.o(.revsh_text), (4 bytes).
    Removing swm190_uart.o(.text), (920 bytes).
    Removing swm190_wdt.o(.rev16_text), (4 bytes).
    Removing swm190_wdt.o(.revsh_text), (4 bytes).
    Removing swm190_wdt.o(.text), (128 bytes).
    Removing swm190_dma.o(.rev16_text), (4 bytes).
    Removing swm190_dma.o(.revsh_text), (4 bytes).
    Removing swm190_dma.o(.text), (272 bytes).
    Removing swm190_flash.o(.rev16_text), (4 bytes).
    Removing swm190_flash.o(.revsh_text), (4 bytes).
    Removing swm190_flash.o(.text), (220 bytes).
    Removing swm190_port.o(.rev16_text), (4 bytes).
    Removing swm190_port.o(.revsh_text), (4 bytes).
    Removing swm190_spi.o(.rev16_text), (4 bytes).
    Removing swm190_spi.o(.revsh_text), (4 bytes).
    Removing swm190_spi.o(.text), (1040 bytes).
    Removing swm190_rtc.o(.rev16_text), (4 bytes).
    Removing swm190_rtc.o(.revsh_text), (4 bytes).
    Removing swm190_rtc.o(.text), (644 bytes).
    Removing swm190_rtc.o(.constdata), (52 bytes).
    Removing system_swm190.o(.rev16_text), (4 bytes).
    Removing system_swm190.o(.revsh_text), (4 bytes).
    Removing startup_swm190.o(HEAP), (0 bytes).

43 unused section(s) (total 7554 bytes) removed from the image.

==============================================================================

Image Symbol Table

    Local Symbols

    Symbol Name                              Value     Ov Type        Size  Object(Section)

    RESET                                    0x00000000   Section      256  startup_swm190.o(RESET)
    ../clib/microlib/division.c              0x00000000   Number         0  uidiv.o ABSOLUTE
    ../clib/microlib/init/entry.s            0x00000000   Number         0  entry7b.o ABSOLUTE
    ../clib/microlib/init/entry.s            0x00000000   Number         0  entry7a.o ABSOLUTE
    ../clib/microlib/init/entry.s            0x00000000   Number         0  entry8b.o ABSOLUTE
    ../clib/microlib/init/entry.s            0x00000000   Number         0  entry11b.o ABSOLUTE
    ../clib/microlib/init/entry.s            0x00000000   Number         0  entry11a.o ABSOLUTE
    ../clib/microlib/init/entry.s            0x00000000   Number         0  entry10a.o ABSOLUTE
    ../clib/microlib/init/entry.s            0x00000000   Number         0  entry9b.o ABSOLUTE
    ../clib/microlib/init/entry.s            0x00000000   Number         0  entry9a.o ABSOLUTE
    ../clib/microlib/init/entry.s            0x00000000   Number         0  entry8a.o ABSOLUTE
    ../clib/microlib/init/entry.s            0x00000000   Number         0  entry10b.o ABSOLUTE
    ../clib/microlib/init/entry.s            0x00000000   Number         0  entry5.o ABSOLUTE
    ../clib/microlib/init/entry.s            0x00000000   Number         0  entry2.o ABSOLUTE
    ../clib/microlib/init/entry.s            0x00000000   Number         0  entry.o ABSOLUTE
    ../clib/microlib/string/memcpy.c         0x00000000   Number         0  memcpya.o ABSOLUTE
    ../clib/microlib/string/memcpy.c         0x00000000   Number         0  memcpyb.o ABSOLUTE
    ..\..\SWM190_StdPeriph_Driver\CSL\CMSIS\DeviceSupport\startup\arm\startup_SWM190.s 0x00000000   Number         0  startup_swm190.o ABSOLUTE
    ..\..\SWM190_StdPeriph_Driver\CSL\CMSIS\DeviceSupport\system_SWM190.c 0x00000000   Number         0  system_swm190.o ABSOLUTE
    ..\..\SWM190_StdPeriph_Driver\CSL\SWM190_StdPeriph_Driver\SWM190_adc.c 0x00000000   Number         0  swm190_adc.o ABSOLUTE
    ..\..\SWM190_StdPeriph_Driver\CSL\SWM190_StdPeriph_Driver\SWM190_dma.c 0x00000000   Number         0  swm190_dma.o ABSOLUTE
    ..\..\SWM190_StdPeriph_Driver\CSL\SWM190_StdPeriph_Driver\SWM190_exti.c 0x00000000   Number         0  swm190_exti.o ABSOLUTE
    ..\..\SWM190_StdPeriph_Driver\CSL\SWM190_StdPeriph_Driver\SWM190_flash.c 0x00000000   Number         0  swm190_flash.o ABSOLUTE
    ..\..\SWM190_StdPeriph_Driver\CSL\SWM190_StdPeriph_Driver\SWM190_gpio.c 0x00000000   Number         0  swm190_gpio.o ABSOLUTE
    ..\..\SWM190_StdPeriph_Driver\CSL\SWM190_StdPeriph_Driver\SWM190_i2c.c 0x00000000   Number         0  swm190_i2c.o ABSOLUTE
    ..\..\SWM190_StdPeriph_Driver\CSL\SWM190_StdPeriph_Driver\SWM190_port.c 0x00000000   Number         0  swm190_port.o ABSOLUTE
    ..\..\SWM190_StdPeriph_Driver\CSL\SWM190_StdPeriph_Driver\SWM190_pwm.c 0x00000000   Number         0  swm190_pwm.o ABSOLUTE
    ..\..\SWM190_StdPeriph_Driver\CSL\SWM190_StdPeriph_Driver\SWM190_rtc.c 0x00000000   Number         0  swm190_rtc.o ABSOLUTE
    ..\..\SWM190_StdPeriph_Driver\CSL\SWM190_StdPeriph_Driver\SWM190_spi.c 0x00000000   Number         0  swm190_spi.o ABSOLUTE
    ..\..\SWM190_StdPeriph_Driver\CSL\SWM190_StdPeriph_Driver\SWM190_timr.c 0x00000000   Number         0  swm190_timr.o ABSOLUTE
    ..\..\SWM190_StdPeriph_Driver\CSL\SWM190_StdPeriph_Driver\SWM190_uart.c 0x00000000   Number         0  swm190_uart.o ABSOLUTE
    ..\..\SWM190_StdPeriph_Driver\CSL\SWM190_StdPeriph_Driver\SWM190_wdt.c 0x00000000   Number         0  swm190_wdt.o ABSOLUTE
    ..\\..\\SWM190_StdPeriph_Driver\\CSL\\CMSIS\\DeviceSupport\\system_SWM190.c 0x00000000   Number         0  system_swm190.o ABSOLUTE
    ..\\..\\SWM190_StdPeriph_Driver\\CSL\\SWM190_StdPeriph_Driver\\SWM190_adc.c 0x00000000   Number         0  swm190_adc.o ABSOLUTE
    ..\\..\\SWM190_StdPeriph_Driver\\CSL\\SWM190_StdPeriph_Driver\\SWM190_dma.c 0x00000000   Number         0  swm190_dma.o ABSOLUTE
    ..\\..\\SWM190_StdPeriph_Driver\\CSL\\SWM190_StdPeriph_Driver\\SWM190_exti.c 0x00000000   Number         0  swm190_exti.o ABSOLUTE
    ..\\..\\SWM190_StdPeriph_Driver\\CSL\\SWM190_StdPeriph_Driver\\SWM190_flash.c 0x00000000   Number         0  swm190_flash.o ABSOLUTE
    ..\\..\\SWM190_StdPeriph_Driver\\CSL\\SWM190_StdPeriph_Driver\\SWM190_gpio.c 0x00000000   Number         0  swm190_gpio.o ABSOLUTE
    ..\\..\\SWM190_StdPeriph_Driver\\CSL\\SWM190_StdPeriph_Driver\\SWM190_i2c.c 0x00000000   Number         0  swm190_i2c.o ABSOLUTE
    ..\\..\\SWM190_StdPeriph_Driver\\CSL\\SWM190_StdPeriph_Driver\\SWM190_port.c 0x00000000   Number         0  swm190_port.o ABSOLUTE
    ..\\..\\SWM190_StdPeriph_Driver\\CSL\\SWM190_StdPeriph_Driver\\SWM190_pwm.c 0x00000000   Number         0  swm190_pwm.o ABSOLUTE
    ..\\..\\SWM190_StdPeriph_Driver\\CSL\\SWM190_StdPeriph_Driver\\SWM190_rtc.c 0x00000000   Number         0  swm190_rtc.o ABSOLUTE
    ..\\..\\SWM190_StdPeriph_Driver\\CSL\\SWM190_StdPeriph_Driver\\SWM190_spi.c 0x00000000   Number         0  swm190_spi.o ABSOLUTE
    ..\\..\\SWM190_StdPeriph_Driver\\CSL\\SWM190_StdPeriph_Driver\\SWM190_timr.c 0x00000000   Number         0  swm190_timr.o ABSOLUTE
    ..\\..\\SWM190_StdPeriph_Driver\\CSL\\SWM190_StdPeriph_Driver\\SWM190_uart.c 0x00000000   Number         0  swm190_uart.o ABSOLUTE
    ..\\..\\SWM190_StdPeriph_Driver\\CSL\\SWM190_StdPeriph_Driver\\SWM190_wdt.c 0x00000000   Number         0  swm190_wdt.o ABSOLUTE
    app\\main.c                              0x00000000   Number         0  main.o ABSOLUTE
    app\main.c                               0x00000000   Number         0  main.o ABSOLUTE
    dc.s                                     0x00000000   Number         0  dc.o ABSOLUTE
    handlers.s                               0x00000000   Number         0  handlers.o ABSOLUTE
    init.s                                   0x00000000   Number         0  init.o ABSOLUTE
    .ARM.Collect$$$$00000000                 0x00000100   Section        0  entry.o(.ARM.Collect$$$$00000000)
    .ARM.Collect$$$$00000001                 0x00000100   Section        4  entry2.o(.ARM.Collect$$$$00000001)
    .ARM.Collect$$$$00000004                 0x00000104   Section        4  entry5.o(.ARM.Collect$$$$00000004)
    .ARM.Collect$$$$00000008                 0x00000108   Section        0  entry7b.o(.ARM.Collect$$$$00000008)
    .ARM.Collect$$$$0000000A                 0x00000108   Section        0  entry8b.o(.ARM.Collect$$$$0000000A)
    .ARM.Collect$$$$0000000B                 0x00000108   Section        8  entry9a.o(.ARM.Collect$$$$0000000B)
    .ARM.Collect$$$$0000000D                 0x00000110   Section        0  entry10a.o(.ARM.Collect$$$$0000000D)
    .ARM.Collect$$$$0000000F                 0x00000110   Section        0  entry11a.o(.ARM.Collect$$$$0000000F)
    .ARM.Collect$$$$00002712                 0x00000110   Section        4  entry2.o(.ARM.Collect$$$$00002712)
    __lit__00000000                          0x00000110   Data           4  entry2.o(.ARM.Collect$$$$00002712)
    .text                                    0x00000114   Section        0  main.o(.text)
    .text                                    0x000001b0   Section        0  swm190_gpio.o(.text)
    .text                                    0x00000384   Section        0  swm190_timr.o(.text)
    NVIC_EnableIRQ                           0x0000078b   Thumb Code    14  swm190_timr.o(.text)
    .text                                    0x0000079c   Section        0  swm190_port.o(.text)
    .text                                    0x000007ec   Section        0  system_swm190.o(.text)
    .text                                    0x00000a98   Section      132  startup_swm190.o(.text)
    .text                                    0x00000b1c   Section        0  uidiv.o(.text)
    .text                                    0x00000b48   Section       36  init.o(.text)
    i.__ARM_common_switch8                   0x00000b6c   Section        0  system_swm190.o(i.__ARM_common_switch8)
    i.__scatterload_copy                     0x00000b86   Section       14  handlers.o(i.__scatterload_copy)
    i.__scatterload_null                     0x00000b94   Section        2  handlers.o(i.__scatterload_null)
    i.__scatterload_zeroinit                 0x00000b96   Section       14  handlers.o(i.__scatterload_zeroinit)
    .data                                    0x20000000   Section        8  system_swm190.o(.data)
    STACK                                    0x20000008   Section     1024  startup_swm190.o(STACK)

    Global Symbols

    Symbol Name                              Value     Ov Type        Size  Object(Section)

    BuildAttributes$$THM_ISAv3M$S$PE$A:L22$X:L11$S22$IEEE1$IW$USESV6$~STKCKD$USESV7$~SHL$OSPACE$EBA8$MICROLIB$REQ8$PRES8$EABIv2 0x00000000   Number         0  anon$$obj.o ABSOLUTE
    __ARM_use_no_argv                        0x00000000   Number         0  main.o ABSOLUTE
    __Vectors                                0x00000000   Data           4  startup_swm190.o(RESET)
    __cpp_initialize__aeabi_                  - Undefined Weak Reference
    __cxa_finalize                            - Undefined Weak Reference
    __decompress                              - Undefined Weak Reference
    _clock_init                               - Undefined Weak Reference
    _microlib_exit                            - Undefined Weak Reference
    __Vectors_End                            0x00000100   Data           0  startup_swm190.o(RESET)
    __Vectors_Size                           0x00000100   Number         0  startup_swm190.o ABSOLUTE
    __main                                   0x00000101   Thumb Code     0  entry.o(.ARM.Collect$$$$00000000)
    _main_stk                                0x00000101   Thumb Code     0  entry2.o(.ARM.Collect$$$$00000001)
    _main_scatterload                        0x00000105   Thumb Code     0  entry5.o(.ARM.Collect$$$$00000004)
    __main_after_scatterload                 0x00000109   Thumb Code     0  entry5.o(.ARM.Collect$$$$00000004)
    _main_clock                              0x00000109   Thumb Code     0  entry7b.o(.ARM.Collect$$$$00000008)
    _main_cpp_init                           0x00000109   Thumb Code     0  entry8b.o(.ARM.Collect$$$$0000000A)
    _main_init                               0x00000109   Thumb Code     0  entry9a.o(.ARM.Collect$$$$0000000B)
    __rt_final_cpp                           0x00000111   Thumb Code     0  entry10a.o(.ARM.Collect$$$$0000000D)
    __rt_final_exit                          0x00000111   Thumb Code     0  entry11a.o(.ARM.Collect$$$$0000000F)
    main                                     0x00000115   Thumb Code    96  main.o(.text)
    TIMR2_Handler                            0x00000175   Thumb Code    18  main.o(.text)
    BTIMR0_Handler                           0x00000187   Thumb Code    18  main.o(.text)
    GPIO_Init                                0x000001b1   Thumb Code   236  swm190_gpio.o(.text)
    GPIO_SetBit                              0x0000029d   Thumb Code    12  swm190_gpio.o(.text)
    GPIO_ClrBit                              0x000002a9   Thumb Code    12  swm190_gpio.o(.text)
    GPIO_InvBit                              0x000002b5   Thumb Code    12  swm190_gpio.o(.text)
    GPIO_GetBit                              0x000002c1   Thumb Code    10  swm190_gpio.o(.text)
    GPIO_SetBits                             0x000002cb   Thumb Code    18  swm190_gpio.o(.text)
    GPIO_ClrBits                             0x000002dd   Thumb Code    18  swm190_gpio.o(.text)
    GPIO_InvBits                             0x000002ef   Thumb Code    18  swm190_gpio.o(.text)
    GPIO_GetBits                             0x00000301   Thumb Code    16  swm190_gpio.o(.text)
    GPIO_AtomicSetBit                        0x00000311   Thumb Code    10  swm190_gpio.o(.text)
    GPIO_AtomicClrBit                        0x0000031b   Thumb Code    10  swm190_gpio.o(.text)
    GPIO_AtomicInvBit                        0x00000325   Thumb Code    14  swm190_gpio.o(.text)
    GPIO_AtomicSetBits                       0x00000333   Thumb Code    22  swm190_gpio.o(.text)
    GPIO_AtomicClrBits                       0x00000349   Thumb Code    22  swm190_gpio.o(.text)
    GPIO_AtomicInvBits                       0x0000035f   Thumb Code    22  swm190_gpio.o(.text)
    TIMR_Stop                                0x00000385   Thumb Code   120  swm190_timr.o(.text)
    TIMR_Init                                0x000003fd   Thumb Code   320  swm190_timr.o(.text)
    TIMR_Start                               0x0000053d   Thumb Code   118  swm190_timr.o(.text)
    TIMR_Halt                                0x000005b3   Thumb Code     6  swm190_timr.o(.text)
    TIMR_Resume                              0x000005b9   Thumb Code     6  swm190_timr.o(.text)
    TIMR_SetPeriod                           0x000005bf   Thumb Code     6  swm190_timr.o(.text)
    TIMR_GetPeriod                           0x000005c5   Thumb Code     6  swm190_timr.o(.text)
    TIMR_GetCurValue                         0x000005cb   Thumb Code     4  swm190_timr.o(.text)
    TIMR_INTEn                               0x000005cf   Thumb Code    10  swm190_timr.o(.text)
    TIMR_INTDis                              0x000005d9   Thumb Code    10  swm190_timr.o(.text)
    TIMR_INTClr                              0x000005e3   Thumb Code     6  swm190_timr.o(.text)
    TIMR_INTStat                             0x000005e9   Thumb Code     8  swm190_timr.o(.text)
    TIMR_OC_Init                             0x000005f1   Thumb Code   114  swm190_timr.o(.text)
    TIMR_OC_OutputEn                         0x00000663   Thumb Code    10  swm190_timr.o(.text)
    TIMR_OC_OutputDis                        0x0000066d   Thumb Code    32  swm190_timr.o(.text)
    TIMR_OC_SetMatch                         0x0000068d   Thumb Code     4  swm190_timr.o(.text)
    TIMR_OC_GetMatch                         0x00000691   Thumb Code     4  swm190_timr.o(.text)
    TIMR_OC_INTEn                            0x00000695   Thumb Code    10  swm190_timr.o(.text)
    TIMR_OC_INTDis                           0x0000069f   Thumb Code    10  swm190_timr.o(.text)
    TIMR_OC_INTClr                           0x000006a9   Thumb Code     6  swm190_timr.o(.text)
    TIMR_OC_INTStat                          0x000006af   Thumb Code     8  swm190_timr.o(.text)
    TIMR_IC_Init                             0x000006b7   Thumb Code   116  swm190_timr.o(.text)
    TIMR_IC_GetCaptureH                      0x0000072b   Thumb Code     4  swm190_timr.o(.text)
    TIMR_IC_GetCaptureL                      0x0000072f   Thumb Code     4  swm190_timr.o(.text)
    TIMR_IC_CaptureH_INTEn                   0x00000733   Thumb Code    10  swm190_timr.o(.text)
    TIMR_IC_CaptureH_INTDis                  0x0000073d   Thumb Code    10  swm190_timr.o(.text)
    TIMR_IC_CaptureH_INTClr                  0x00000747   Thumb Code     6  swm190_timr.o(.text)
    TIMR_IC_CaptureH_INTStat                 0x0000074d   Thumb Code     8  swm190_timr.o(.text)
    TIMR_IC_CaptureL_INTEn                   0x00000755   Thumb Code    10  swm190_timr.o(.text)
    TIMR_IC_CaptureL_INTDis                  0x0000075f   Thumb Code    30  swm190_timr.o(.text)
    TIMR_IC_CaptureL_INTClr                  0x0000077d   Thumb Code     6  swm190_timr.o(.text)
    TIMR_IC_CaptureL_INTStat                 0x00000783   Thumb Code     8  swm190_timr.o(.text)
    PORT_Init                                0x0000079d   Thumb Code    80  swm190_port.o(.text)
    SystemCoreClockUpdate                    0x000007ed   Thumb Code   148  system_swm190.o(.text)
    switchTo24MHz                            0x00000881   Thumb Code    16  system_swm190.o(.text)
    switchToXTAL_32K                         0x00000891   Thumb Code    72  system_swm190.o(.text)
    switchTo32KHz                            0x000008d9   Thumb Code    48  system_swm190.o(.text)
    PLLInit                                  0x00000909   Thumb Code    56  system_swm190.o(.text)
    switchToPLL                              0x00000941   Thumb Code    64  system_swm190.o(.text)
    switchToXTAL                             0x00000981   Thumb Code   110  system_swm190.o(.text)
    switchTo48MHz                            0x000009ef   Thumb Code    18  system_swm190.o(.text)
    switchTo6MHz                             0x00000a01   Thumb Code    46  system_swm190.o(.text)
    switchTo3MHz                             0x00000a2f   Thumb Code    46  system_swm190.o(.text)
    SystemInit                               0x00000a5d   Thumb Code    24  system_swm190.o(.text)
    Reset_Handler                            0x00000a99   Thumb Code    54  startup_swm190.o(.text)
    NMI_Handler                              0x00000acf   Thumb Code     2  startup_swm190.o(.text)
    HardFault_Handler                        0x00000ad1   Thumb Code     2  startup_swm190.o(.text)
    SVC_Handler                              0x00000ad3   Thumb Code     2  startup_swm190.o(.text)
    PendSV_Handler                           0x00000ad5   Thumb Code     2  startup_swm190.o(.text)
    SysTick_Handler                          0x00000ad7   Thumb Code     2  startup_swm190.o(.text)
    GPIOA_Handler                            0x00000ad9   Thumb Code     2  startup_swm190.o(.text)
    GPIOA0_Handler                           0x00000adb   Thumb Code     2  startup_swm190.o(.text)
    UART0_Handler                            0x00000add   Thumb Code     2  startup_swm190.o(.text)
    UART1_Handler                            0x00000adf   Thumb Code     2  startup_swm190.o(.text)
    SPI0_Handler                             0x00000ae1   Thumb Code     2  startup_swm190.o(.text)
    TIMR0_Handler                            0x00000ae3   Thumb Code     2  startup_swm190.o(.text)
    DMA_Handler                              0x00000ae5   Thumb Code     2  startup_swm190.o(.text)
    PWM0_Handler                             0x00000ae7   Thumb Code     2  startup_swm190.o(.text)
    BTIMR3_Handler                           0x00000aeb   Thumb Code     2  startup_swm190.o(.text)
    TIMR1_Handler                            0x00000aed   Thumb Code     2  startup_swm190.o(.text)
    WDT_Handler                              0x00000aef   Thumb Code     2  startup_swm190.o(.text)
    GPIOA4_Handler                           0x00000af1   Thumb Code     2  startup_swm190.o(.text)
    I2C0_Handler                             0x00000af3   Thumb Code     2  startup_swm190.o(.text)
    GPIOA5_Handler                           0x00000af5   Thumb Code     2  startup_swm190.o(.text)
    BTIMR2_Handler                           0x00000af7   Thumb Code     2  startup_swm190.o(.text)
    GPIOC_CORDIC_Handler                     0x00000af9   Thumb Code     2  startup_swm190.o(.text)
    SPI1_BTIMR1_Handler                      0x00000afb   Thumb Code     2  startup_swm190.o(.text)
    GPIOB_BOD_Handler                        0x00000afd   Thumb Code     2  startup_swm190.o(.text)
    GPIOC4_ADC0_Handler                      0x00000aff   Thumb Code     2  startup_swm190.o(.text)
    GPIOD_RTC_Handler                        0x00000b01   Thumb Code     2  startup_swm190.o(.text)
    XTAL_ACMP_Handler                        0x00000b03   Thumb Code     2  startup_swm190.o(.text)
    UART2_GPIOB4_Handler                     0x00000b05   Thumb Code     2  startup_swm190.o(.text)
    TIMR2_GPIOA15_Handler                    0x00000b07   Thumb Code     2  startup_swm190.o(.text)
    TIMR3_HALL_Handler                       0x00000b09   Thumb Code     2  startup_swm190.o(.text)
    GPIOC5_I2C1_Handler                      0x00000b0b   Thumb Code     2  startup_swm190.o(.text)
    PWM1_GPIOB6_Handler                      0x00000b0d   Thumb Code     2  startup_swm190.o(.text)
    UART3_GPIOB5_Handler                     0x00000b0f   Thumb Code     2  startup_swm190.o(.text)
    PWM2_SFC_Handler                         0x00000b11   Thumb Code     2  startup_swm190.o(.text)
    PWM3_CACHE_Handler                       0x00000b13   Thumb Code     2  startup_swm190.o(.text)
    ADC1_GPIOA14_Handler                     0x00000b15   Thumb Code     2  startup_swm190.o(.text)
    GPIOE_PWMHALT_Handler                    0x00000b17   Thumb Code     2  startup_swm190.o(.text)
    __aeabi_uidiv                            0x00000b1d   Thumb Code     0  uidiv.o(.text)
    __aeabi_uidivmod                         0x00000b1d   Thumb Code    44  uidiv.o(.text)
    __scatterload                            0x00000b49   Thumb Code    28  init.o(.text)
    __scatterload_rt2                        0x00000b49   Thumb Code     0  init.o(.text)
    __ARM_common_switch8                     0x00000b6d   Thumb Code    26  system_swm190.o(i.__ARM_common_switch8)
    __scatterload_copy                       0x00000b87   Thumb Code    14  handlers.o(i.__scatterload_copy)
    __scatterload_null                       0x00000b95   Thumb Code     2  handlers.o(i.__scatterload_null)
    __scatterload_zeroinit                   0x00000b97   Thumb Code    14  handlers.o(i.__scatterload_zeroinit)
    Region$$Table$$Base                      0x00000ba4   Number         0  anon$$obj.o(Region$$Table)
    Region$$Table$$Limit                     0x00000bc4   Number         0  anon$$obj.o(Region$$Table)
    SystemCoreClock                          0x20000000   Data           4  system_swm190.o(.data)
    CyclesPerUs                              0x20000004   Data           4  system_swm190.o(.data)
    __initial_sp                             0x20000408   Data           0  startup_swm190.o(STACK)



==============================================================================

Memory Map of the image

  Image Entry point : 0x00000101

  Load Region LR_IROM1 (Base: 0x00000000, Size: 0x00000bcc, Max: 0x0001e000, ABSOLUTE)

    Execution Region ER_IROM1 (Exec base: 0x00000000, Load base: 0x00000000, Size: 0x00000bc4, Max: 0x0001e000, ABSOLUTE)

    Exec Addr    Load Addr    Size         Type   Attr      Idx    E Section Name        Object

    0x00000000   0x00000000   0x00000100   Data   RO          398    RESET               startup_swm190.o
    0x00000100   0x00000100   0x00000000   Code   RO          403  * .ARM.Collect$$$$00000000  mc_p.l(entry.o)
    0x00000100   0x00000100   0x00000004   Code   RO          412    .ARM.Collect$$$$00000001  mc_p.l(entry2.o)
    0x00000104   0x00000104   0x00000004   Code   RO          415    .ARM.Collect$$$$00000004  mc_p.l(entry5.o)
    0x00000108   0x00000108   0x00000000   Code   RO          417    .ARM.Collect$$$$00000008  mc_p.l(entry7b.o)
    0x00000108   0x00000108   0x00000000   Code   RO          419    .ARM.Collect$$$$0000000A  mc_p.l(entry8b.o)
    0x00000108   0x00000108   0x00000008   Code   RO          420    .ARM.Collect$$$$0000000B  mc_p.l(entry9a.o)
    0x00000110   0x00000110   0x00000000   Code   RO          422    .ARM.Collect$$$$0000000D  mc_p.l(entry10a.o)
    0x00000110   0x00000110   0x00000000   Code   RO          424    .ARM.Collect$$$$0000000F  mc_p.l(entry11a.o)
    0x00000110   0x00000110   0x00000004   Code   RO          413    .ARM.Collect$$$$00002712  mc_p.l(entry2.o)
    0x00000114   0x00000114   0x0000009c   Code   RO            3    .text               main.o
    0x000001b0   0x000001b0   0x000001d4   Code   RO          143    .text               swm190_gpio.o
    0x00000384   0x00000384   0x00000418   Code   RO          209    .text               swm190_timr.o
    0x0000079c   0x0000079c   0x00000050   Code   RO          309    .text               swm190_port.o
    0x000007ec   0x000007ec   0x000002ac   Code   RO          370    .text               system_swm190.o
    0x00000a98   0x00000a98   0x00000084   Code   RO          399    .text               startup_swm190.o
    0x00000b1c   0x00000b1c   0x0000002c   Code   RO          406    .text               mc_p.l(uidiv.o)
    0x00000b48   0x00000b48   0x00000024   Code   RO          426    .text               mc_p.l(init.o)
    0x00000b6c   0x00000b6c   0x0000001a   Code   RO          388    i.__ARM_common_switch8  system_swm190.o
    0x00000b86   0x00000b86   0x0000000e   Code   RO          430    i.__scatterload_copy  mc_p.l(handlers.o)
    0x00000b94   0x00000b94   0x00000002   Code   RO          431    i.__scatterload_null  mc_p.l(handlers.o)
    0x00000b96   0x00000b96   0x0000000e   Code   RO          432    i.__scatterload_zeroinit  mc_p.l(handlers.o)
    0x00000ba4   0x00000ba4   0x00000020   Data   RO          428    Region$$Table       anon$$obj.o


    Execution Region RW_IRAM1 (Exec base: 0x20000000, Load base: 0x00000bc4, Size: 0x00000408, Max: 0x00005000, ABSOLUTE)

    Exec Addr    Load Addr    Size         Type   Attr      Idx    E Section Name        Object

    0x20000000   0x00000bc4   0x00000008   Data   RW          371    .data               system_swm190.o
    0x20000008        -       0x00000400   Zero   RW          396    STACK               startup_swm190.o


==============================================================================

Image component sizes


      Code (inc. data)   RO Data    RW Data    ZI Data      Debug   Object Name

       156         24          0          0          0      66136   main.o
       132          4        256          0       1024       2084   startup_swm190.o
         0          0          0          0          0       5748   swm190_adc.o
       468         16          0          0          0       4615   swm190_gpio.o
        80          0          0          0          0       1264   swm190_port.o
      1048         24          0          0          0       7449   swm190_timr.o
       710         44          0          8          0       2751   system_swm190.o

    ----------------------------------------------------------------------
      2594        112        288          8       1024      90047   Object Totals
         0          0         32          0          0          0   (incl. Generated)
         0          0          0          0          0          0   (incl. Padding)

    ----------------------------------------------------------------------

      Code (inc. data)   RO Data    RW Data    ZI Data      Debug   Library Member Name

         0          0          0          0          0          0   entry.o
         0          0          0          0          0          0   entry10a.o
         0          0          0          0          0          0   entry11a.o
         8          4          0          0          0          0   entry2.o
         4          0          0          0          0          0   entry5.o
         0          0          0          0          0          0   entry7b.o
         0          0          0          0          0          0   entry8b.o
         8          4          0          0          0          0   entry9a.o
        30          0          0          0          0          0   handlers.o
        36          8          0          0          0         68   init.o
        44          0          0          0          0         72   uidiv.o

    ----------------------------------------------------------------------
       130         16          0          0          0        140   Library Totals
         0          0          0          0          0          0   (incl. Padding)

    ----------------------------------------------------------------------

      Code (inc. data)   RO Data    RW Data    ZI Data      Debug   Library Name

       130         16          0          0          0        140   mc_p.l

    ----------------------------------------------------------------------
       130         16          0          0          0        140   Library Totals

    ----------------------------------------------------------------------

==============================================================================


      Code (inc. data)   RO Data    RW Data    ZI Data      Debug   

      2724        128        288          8       1024      89987   Grand Totals
      2724        128        288          8       1024      89987   ELF Image Totals
      2724        128        288          8          0          0   ROM Totals

==============================================================================

    Total RO  Size (Code + RO Data)                 3012 (   2.94kB)
    Total RW  Size (RW Data + ZI Data)              1032 (   1.01kB)
    Total ROM Size (Code + RO Data + RW Data)       3020 (   2.95kB)

==============================================================================

