Component: ARM Compiler 5.06 update 6 (build 750) Tool: armlink [4d35ed]

==============================================================================

Section Cross References

    main.o(.text) refers to swm190_port.o(.text) for PORT_Init
    main.o(.text) refers to swm190_uart.o(.text) for UART_Init
    main.o(.text) refers to system_swm190.o(.text) for SystemInit
    main.o(.text) refers to swm190_adc.o(.text) for ADC_Init
    main.o(.text) refers to swm190_dma.o(.text) for DMA_CH_Init
    main.o(.text) refers to printf6.o(i.__0printf$6) for __2printf
    main.o(.text) refers to main.o(.bss) for .bss
    swm190_gpio.o(.text) refers to swm190_port.o(.text) for PORT_Init
    swm190_i2c.o(.text) refers to uidiv.o(.text) for __aeabi_uidivmod
    swm190_i2c.o(.text) refers to system_swm190.o(.data) for SystemCoreClock
    swm190_pwm.o(.text) refers to swm190_pwm.o(.data) for .data
    swm190_uart.o(.text) refers to uidiv.o(.text) for __aeabi_uidivmod
    swm190_uart.o(.text) refers to system_swm190.o(.data) for SystemCoreClock
    swm190_spi.o(.text) refers to uidiv.o(.text) for __aeabi_uidivmod
    swm190_spi.o(.text) refers to system_swm190.o(.data) for SystemCoreClock
    swm190_rtc.o(.text) refers to memcpya.o(.text) for __aeabi_memcpy4
    swm190_rtc.o(.text) refers to uidiv.o(.text) for __aeabi_uidivmod
    swm190_rtc.o(.text) refers to swm190_rtc.o(.constdata) for .constdata
    swm190_cordic.o(.text) refers to dadd.o(.text) for __aeabi_dadd
    swm190_cordic.o(.text) refers to cdcmple.o(.text) for __aeabi_cdcmple
    swm190_cordic.o(.text) refers to cdrcmple.o(.text) for __aeabi_cdrcmple
    swm190_cordic.o(.text) refers to dscalb.o(.text) for __ARM_scalbn
    swm190_cordic.o(.text) refers to dfixui.o(.text) for __aeabi_d2uiz
    swm190_cordic.o(.text) refers to dfltui.o(.text) for __aeabi_ui2d
    swm190_cordic.o(.text) refers to ddiv.o(.text) for __aeabi_ddiv
    swm190_cordic.o(.text) refers to dmul.o(.text) for __aeabi_dmul
    system_swm190.o(.text) refers to system_swm190.o(i.__ARM_common_switch8) for __ARM_common_switch8
    system_swm190.o(.text) refers to uidiv.o(.text) for __aeabi_uidivmod
    system_swm190.o(.text) refers to swm190_port.o(.text) for PORT_Init
    system_swm190.o(.text) refers to system_swm190.o(.data) for .data
    startup_swm190.o(RESET) refers to startup_swm190.o(STACK) for __initial_sp
    startup_swm190.o(RESET) refers to startup_swm190.o(.text) for Reset_Handler
    startup_swm190.o(RESET) refers to main.o(.text) for DMA_Handler
    startup_swm190.o(.text) refers to entry.o(.ARM.Collect$$$$00000000) for __main
    entry.o(.ARM.Collect$$$$00000000) refers (Special) to entry10a.o(.ARM.Collect$$$$0000000D) for __rt_final_cpp
    entry.o(.ARM.Collect$$$$00000000) refers (Special) to entry11a.o(.ARM.Collect$$$$0000000F) for __rt_final_exit
    entry.o(.ARM.Collect$$$$00000000) refers (Special) to entry7b.o(.ARM.Collect$$$$00000008) for _main_clock
    entry.o(.ARM.Collect$$$$00000000) refers (Special) to entry8b.o(.ARM.Collect$$$$0000000A) for _main_cpp_init
    entry.o(.ARM.Collect$$$$00000000) refers (Special) to entry9a.o(.ARM.Collect$$$$0000000B) for _main_init
    entry.o(.ARM.Collect$$$$00000000) refers (Special) to entry5.o(.ARM.Collect$$$$00000004) for _main_scatterload
    entry.o(.ARM.Collect$$$$00000000) refers (Special) to entry2.o(.ARM.Collect$$$$00000001) for _main_stk
    printfb.o(i.__0fprintf$bare) refers to printfb.o(i._printf_core) for _printf_core
    printfb.o(i.__0fprintf$bare) refers to main.o(.text) for fputc
    printfb.o(i.__0printf$bare) refers to printfb.o(i._printf_core) for _printf_core
    printfb.o(i.__0printf$bare) refers to main.o(.text) for fputc
    printfb.o(i.__0printf$bare) refers to stdout.o(.data) for __stdout
    printfb.o(i.__0snprintf$bare) refers to printfb.o(i._printf_core) for _printf_core
    printfb.o(i.__0snprintf$bare) refers to printfb.o(i._snputc) for _snputc
    printfb.o(i.__0sprintf$bare) refers to printfb.o(i._printf_core) for _printf_core
    printfb.o(i.__0sprintf$bare) refers to printfb.o(i._sputc) for _sputc
    printfb.o(i.__0vfprintf$bare) refers to printfb.o(i._printf_core) for _printf_core
    printfb.o(i.__0vfprintf$bare) refers to main.o(.text) for fputc
    printfb.o(i.__0vprintf$bare) refers to printfb.o(i._printf_core) for _printf_core
    printfb.o(i.__0vprintf$bare) refers to main.o(.text) for fputc
    printfb.o(i.__0vprintf$bare) refers to stdout.o(.data) for __stdout
    printfb.o(i.__0vsnprintf$bare) refers to printfb.o(i._printf_core) for _printf_core
    printfb.o(i.__0vsnprintf$bare) refers to printfb.o(i._snputc) for _snputc
    printfb.o(i.__0vsprintf$bare) refers to printfb.o(i._printf_core) for _printf_core
    printfb.o(i.__0vsprintf$bare) refers to printfb.o(i._sputc) for _sputc
    printf0.o(i.__0fprintf$0) refers to printf0.o(i._printf_core) for _printf_core
    printf0.o(i.__0fprintf$0) refers to main.o(.text) for fputc
    printf0.o(i.__0printf$0) refers to printf0.o(i._printf_core) for _printf_core
    printf0.o(i.__0printf$0) refers to main.o(.text) for fputc
    printf0.o(i.__0printf$0) refers to stdout.o(.data) for __stdout
    printf0.o(i.__0snprintf$0) refers to printf0.o(i._printf_core) for _printf_core
    printf0.o(i.__0snprintf$0) refers to printf0.o(i._snputc) for _snputc
    printf0.o(i.__0sprintf$0) refers to printf0.o(i._printf_core) for _printf_core
    printf0.o(i.__0sprintf$0) refers to printf0.o(i._sputc) for _sputc
    printf0.o(i.__0vfprintf$0) refers to printf0.o(i._printf_core) for _printf_core
    printf0.o(i.__0vfprintf$0) refers to main.o(.text) for fputc
    printf0.o(i.__0vprintf$0) refers to printf0.o(i._printf_core) for _printf_core
    printf0.o(i.__0vprintf$0) refers to main.o(.text) for fputc
    printf0.o(i.__0vprintf$0) refers to stdout.o(.data) for __stdout
    printf0.o(i.__0vsnprintf$0) refers to printf0.o(i._printf_core) for _printf_core
    printf0.o(i.__0vsnprintf$0) refers to printf0.o(i._snputc) for _snputc
    printf0.o(i.__0vsprintf$0) refers to printf0.o(i._printf_core) for _printf_core
    printf0.o(i.__0vsprintf$0) refers to printf0.o(i._sputc) for _sputc
    printf1.o(i.__0fprintf$1) refers to printf1.o(i._printf_core) for _printf_core
    printf1.o(i.__0fprintf$1) refers to main.o(.text) for fputc
    printf1.o(i.__0printf$1) refers to printf1.o(i._printf_core) for _printf_core
    printf1.o(i.__0printf$1) refers to main.o(.text) for fputc
    printf1.o(i.__0printf$1) refers to stdout.o(.data) for __stdout
    printf1.o(i.__0snprintf$1) refers to printf1.o(i._printf_core) for _printf_core
    printf1.o(i.__0snprintf$1) refers to printf1.o(i._snputc) for _snputc
    printf1.o(i.__0sprintf$1) refers to printf1.o(i._printf_core) for _printf_core
    printf1.o(i.__0sprintf$1) refers to printf1.o(i._sputc) for _sputc
    printf1.o(i.__0vfprintf$1) refers to printf1.o(i._printf_core) for _printf_core
    printf1.o(i.__0vfprintf$1) refers to main.o(.text) for fputc
    printf1.o(i.__0vprintf$1) refers to printf1.o(i._printf_core) for _printf_core
    printf1.o(i.__0vprintf$1) refers to main.o(.text) for fputc
    printf1.o(i.__0vprintf$1) refers to stdout.o(.data) for __stdout
    printf1.o(i.__0vsnprintf$1) refers to printf1.o(i._printf_core) for _printf_core
    printf1.o(i.__0vsnprintf$1) refers to printf1.o(i._snputc) for _snputc
    printf1.o(i.__0vsprintf$1) refers to printf1.o(i._printf_core) for _printf_core
    printf1.o(i.__0vsprintf$1) refers to printf1.o(i._sputc) for _sputc
    printf1.o(i._printf_core) refers to uidiv.o(.text) for __aeabi_uidivmod
    printf2.o(i.__0fprintf$2) refers to printf2.o(i._printf_core) for _printf_core
    printf2.o(i.__0fprintf$2) refers to main.o(.text) for fputc
    printf2.o(i.__0printf$2) refers to printf2.o(i._printf_core) for _printf_core
    printf2.o(i.__0printf$2) refers to main.o(.text) for fputc
    printf2.o(i.__0printf$2) refers to stdout.o(.data) for __stdout
    printf2.o(i.__0snprintf$2) refers to printf2.o(i._printf_core) for _printf_core
    printf2.o(i.__0snprintf$2) refers to printf2.o(i._snputc) for _snputc
    printf2.o(i.__0sprintf$2) refers to printf2.o(i._printf_core) for _printf_core
    printf2.o(i.__0sprintf$2) refers to printf2.o(i._sputc) for _sputc
    printf2.o(i.__0vfprintf$2) refers to printf2.o(i._printf_core) for _printf_core
    printf2.o(i.__0vfprintf$2) refers to main.o(.text) for fputc
    printf2.o(i.__0vprintf$2) refers to printf2.o(i._printf_core) for _printf_core
    printf2.o(i.__0vprintf$2) refers to main.o(.text) for fputc
    printf2.o(i.__0vprintf$2) refers to stdout.o(.data) for __stdout
    printf2.o(i.__0vsnprintf$2) refers to printf2.o(i._printf_core) for _printf_core
    printf2.o(i.__0vsnprintf$2) refers to printf2.o(i._snputc) for _snputc
    printf2.o(i.__0vsprintf$2) refers to printf2.o(i._printf_core) for _printf_core
    printf2.o(i.__0vsprintf$2) refers to printf2.o(i._sputc) for _sputc
    printf3.o(i.__0fprintf$3) refers to printf3.o(i._printf_core) for _printf_core
    printf3.o(i.__0fprintf$3) refers to main.o(.text) for fputc
    printf3.o(i.__0printf$3) refers to printf3.o(i._printf_core) for _printf_core
    printf3.o(i.__0printf$3) refers to main.o(.text) for fputc
    printf3.o(i.__0printf$3) refers to stdout.o(.data) for __stdout
    printf3.o(i.__0snprintf$3) refers to printf3.o(i._printf_core) for _printf_core
    printf3.o(i.__0snprintf$3) refers to printf3.o(i._snputc) for _snputc
    printf3.o(i.__0sprintf$3) refers to printf3.o(i._printf_core) for _printf_core
    printf3.o(i.__0sprintf$3) refers to printf3.o(i._sputc) for _sputc
    printf3.o(i.__0vfprintf$3) refers to printf3.o(i._printf_core) for _printf_core
    printf3.o(i.__0vfprintf$3) refers to main.o(.text) for fputc
    printf3.o(i.__0vprintf$3) refers to printf3.o(i._printf_core) for _printf_core
    printf3.o(i.__0vprintf$3) refers to main.o(.text) for fputc
    printf3.o(i.__0vprintf$3) refers to stdout.o(.data) for __stdout
    printf3.o(i.__0vsnprintf$3) refers to printf3.o(i._printf_core) for _printf_core
    printf3.o(i.__0vsnprintf$3) refers to printf3.o(i._snputc) for _snputc
    printf3.o(i.__0vsprintf$3) refers to printf3.o(i._printf_core) for _printf_core
    printf3.o(i.__0vsprintf$3) refers to printf3.o(i._sputc) for _sputc
    printf3.o(i._printf_core) refers to uidiv.o(.text) for __aeabi_uidivmod
    printf4.o(i.__0fprintf$4) refers to printf4.o(i._printf_core) for _printf_core
    printf4.o(i.__0fprintf$4) refers to main.o(.text) for fputc
    printf4.o(i.__0printf$4) refers to printf4.o(i._printf_core) for _printf_core
    printf4.o(i.__0printf$4) refers to main.o(.text) for fputc
    printf4.o(i.__0printf$4) refers to stdout.o(.data) for __stdout
    printf4.o(i.__0snprintf$4) refers to printf4.o(i._printf_core) for _printf_core
    printf4.o(i.__0snprintf$4) refers to printf4.o(i._snputc) for _snputc
    printf4.o(i.__0sprintf$4) refers to printf4.o(i._printf_core) for _printf_core
    printf4.o(i.__0sprintf$4) refers to printf4.o(i._sputc) for _sputc
    printf4.o(i.__0vfprintf$4) refers to printf4.o(i._printf_core) for _printf_core
    printf4.o(i.__0vfprintf$4) refers to main.o(.text) for fputc
    printf4.o(i.__0vprintf$4) refers to printf4.o(i._printf_core) for _printf_core
    printf4.o(i.__0vprintf$4) refers to main.o(.text) for fputc
    printf4.o(i.__0vprintf$4) refers to stdout.o(.data) for __stdout
    printf4.o(i.__0vsnprintf$4) refers to printf4.o(i._printf_core) for _printf_core
    printf4.o(i.__0vsnprintf$4) refers to printf4.o(i._snputc) for _snputc
    printf4.o(i.__0vsprintf$4) refers to printf4.o(i._printf_core) for _printf_core
    printf4.o(i.__0vsprintf$4) refers to printf4.o(i._sputc) for _sputc
    printf4.o(i._printf_core) refers to uldiv.o(.text) for __aeabi_uldivmod
    printf5.o(i.__0fprintf$5) refers to printf5.o(i._printf_core) for _printf_core
    printf5.o(i.__0fprintf$5) refers to main.o(.text) for fputc
    printf5.o(i.__0printf$5) refers to printf5.o(i._printf_core) for _printf_core
    printf5.o(i.__0printf$5) refers to main.o(.text) for fputc
    printf5.o(i.__0printf$5) refers to stdout.o(.data) for __stdout
    printf5.o(i.__0snprintf$5) refers to printf5.o(i._printf_core) for _printf_core
    printf5.o(i.__0snprintf$5) refers to printf5.o(i._snputc) for _snputc
    printf5.o(i.__0sprintf$5) refers to printf5.o(i._printf_core) for _printf_core
    printf5.o(i.__0sprintf$5) refers to printf5.o(i._sputc) for _sputc
    printf5.o(i.__0vfprintf$5) refers to printf5.o(i._printf_core) for _printf_core
    printf5.o(i.__0vfprintf$5) refers to main.o(.text) for fputc
    printf5.o(i.__0vprintf$5) refers to printf5.o(i._printf_core) for _printf_core
    printf5.o(i.__0vprintf$5) refers to main.o(.text) for fputc
    printf5.o(i.__0vprintf$5) refers to stdout.o(.data) for __stdout
    printf5.o(i.__0vsnprintf$5) refers to printf5.o(i._printf_core) for _printf_core
    printf5.o(i.__0vsnprintf$5) refers to printf5.o(i._snputc) for _snputc
    printf5.o(i.__0vsprintf$5) refers to printf5.o(i._printf_core) for _printf_core
    printf5.o(i.__0vsprintf$5) refers to printf5.o(i._sputc) for _sputc
    printf5.o(i._printf_core) refers to uldiv.o(.text) for __aeabi_uldivmod
    printf6.o(i.__0fprintf$6) refers to printf6.o(i._printf_core) for _printf_core
    printf6.o(i.__0fprintf$6) refers to main.o(.text) for fputc
    printf6.o(i.__0printf$6) refers to printf6.o(i._printf_core) for _printf_core
    printf6.o(i.__0printf$6) refers to main.o(.text) for fputc
    printf6.o(i.__0printf$6) refers to stdout.o(.data) for __stdout
    printf6.o(i.__0snprintf$6) refers to printf6.o(i._printf_core) for _printf_core
    printf6.o(i.__0snprintf$6) refers to printf6.o(i._snputc) for _snputc
    printf6.o(i.__0sprintf$6) refers to printf6.o(i._printf_core) for _printf_core
    printf6.o(i.__0sprintf$6) refers to printf6.o(i._sputc) for _sputc
    printf6.o(i.__0vfprintf$6) refers to printf6.o(i._printf_core) for _printf_core
    printf6.o(i.__0vfprintf$6) refers to main.o(.text) for fputc
    printf6.o(i.__0vprintf$6) refers to printf6.o(i._printf_core) for _printf_core
    printf6.o(i.__0vprintf$6) refers to main.o(.text) for fputc
    printf6.o(i.__0vprintf$6) refers to stdout.o(.data) for __stdout
    printf6.o(i.__0vsnprintf$6) refers to printf6.o(i._printf_core) for _printf_core
    printf6.o(i.__0vsnprintf$6) refers to printf6.o(i._snputc) for _snputc
    printf6.o(i.__0vsprintf$6) refers to printf6.o(i._printf_core) for _printf_core
    printf6.o(i.__0vsprintf$6) refers to printf6.o(i._sputc) for _sputc
    printf6.o(i._printf_core) refers to printf6.o(i._printf_pre_padding) for _printf_pre_padding
    printf6.o(i._printf_core) refers to printf6.o(i._printf_post_padding) for _printf_post_padding
    printf6.o(i._printf_core) refers to uidiv.o(.text) for __aeabi_uidivmod
    printf7.o(i.__0fprintf$7) refers to printf7.o(i._printf_core) for _printf_core
    printf7.o(i.__0fprintf$7) refers to main.o(.text) for fputc
    printf7.o(i.__0printf$7) refers to printf7.o(i._printf_core) for _printf_core
    printf7.o(i.__0printf$7) refers to main.o(.text) for fputc
    printf7.o(i.__0printf$7) refers to stdout.o(.data) for __stdout
    printf7.o(i.__0snprintf$7) refers to printf7.o(i._printf_core) for _printf_core
    printf7.o(i.__0snprintf$7) refers to printf7.o(i._snputc) for _snputc
    printf7.o(i.__0sprintf$7) refers to printf7.o(i._printf_core) for _printf_core
    printf7.o(i.__0sprintf$7) refers to printf7.o(i._sputc) for _sputc
    printf7.o(i.__0vfprintf$7) refers to printf7.o(i._printf_core) for _printf_core
    printf7.o(i.__0vfprintf$7) refers to main.o(.text) for fputc
    printf7.o(i.__0vprintf$7) refers to printf7.o(i._printf_core) for _printf_core
    printf7.o(i.__0vprintf$7) refers to main.o(.text) for fputc
    printf7.o(i.__0vprintf$7) refers to stdout.o(.data) for __stdout
    printf7.o(i.__0vsnprintf$7) refers to printf7.o(i._printf_core) for _printf_core
    printf7.o(i.__0vsnprintf$7) refers to printf7.o(i._snputc) for _snputc
    printf7.o(i.__0vsprintf$7) refers to printf7.o(i._printf_core) for _printf_core
    printf7.o(i.__0vsprintf$7) refers to printf7.o(i._sputc) for _sputc
    printf7.o(i._printf_core) refers to printf7.o(i._printf_pre_padding) for _printf_pre_padding
    printf7.o(i._printf_core) refers to printf7.o(i._printf_post_padding) for _printf_post_padding
    printf7.o(i._printf_core) refers to uldiv.o(.text) for __aeabi_uldivmod
    printf8.o(i.__0fprintf$8) refers to printf8.o(i._printf_core) for _printf_core
    printf8.o(i.__0fprintf$8) refers to main.o(.text) for fputc
    printf8.o(i.__0printf$8) refers to printf8.o(i._printf_core) for _printf_core
    printf8.o(i.__0printf$8) refers to main.o(.text) for fputc
    printf8.o(i.__0printf$8) refers to stdout.o(.data) for __stdout
    printf8.o(i.__0snprintf$8) refers to printf8.o(i._printf_core) for _printf_core
    printf8.o(i.__0snprintf$8) refers to printf8.o(i._snputc) for _snputc
    printf8.o(i.__0sprintf$8) refers to printf8.o(i._printf_core) for _printf_core
    printf8.o(i.__0sprintf$8) refers to printf8.o(i._sputc) for _sputc
    printf8.o(i.__0vfprintf$8) refers to printf8.o(i._printf_core) for _printf_core
    printf8.o(i.__0vfprintf$8) refers to main.o(.text) for fputc
    printf8.o(i.__0vprintf$8) refers to printf8.o(i._printf_core) for _printf_core
    printf8.o(i.__0vprintf$8) refers to main.o(.text) for fputc
    printf8.o(i.__0vprintf$8) refers to stdout.o(.data) for __stdout
    printf8.o(i.__0vsnprintf$8) refers to printf8.o(i._printf_core) for _printf_core
    printf8.o(i.__0vsnprintf$8) refers to printf8.o(i._snputc) for _snputc
    printf8.o(i.__0vsprintf$8) refers to printf8.o(i._printf_core) for _printf_core
    printf8.o(i.__0vsprintf$8) refers to printf8.o(i._sputc) for _sputc
    printf8.o(i._printf_core) refers to printf8.o(i._printf_pre_padding) for _printf_pre_padding
    printf8.o(i._printf_core) refers to printf8.o(i._printf_post_padding) for _printf_post_padding
    printf8.o(i._printf_core) refers to uldiv.o(.text) for __aeabi_uldivmod
    printfa.o(i.__0fprintf) refers (Special) to iusefp.o(.text) for __I$use$fp
    printfa.o(i.__0fprintf) refers to printfa.o(i._printf_core) for _printf_core
    printfa.o(i.__0fprintf) refers to main.o(.text) for fputc
    printfa.o(i.__0printf) refers (Special) to iusefp.o(.text) for __I$use$fp
    printfa.o(i.__0printf) refers to printfa.o(i._printf_core) for _printf_core
    printfa.o(i.__0printf) refers to main.o(.text) for fputc
    printfa.o(i.__0printf) refers to stdout.o(.data) for __stdout
    printfa.o(i.__0snprintf) refers (Special) to iusefp.o(.text) for __I$use$fp
    printfa.o(i.__0snprintf) refers to printfa.o(i._printf_core) for _printf_core
    printfa.o(i.__0snprintf) refers to printfa.o(i._snputc) for _snputc
    printfa.o(i.__0sprintf) refers (Special) to iusefp.o(.text) for __I$use$fp
    printfa.o(i.__0sprintf) refers to printfa.o(i._printf_core) for _printf_core
    printfa.o(i.__0sprintf) refers to printfa.o(i._sputc) for _sputc
    printfa.o(i.__0vfprintf) refers (Special) to iusefp.o(.text) for __I$use$fp
    printfa.o(i.__0vfprintf) refers to printfa.o(i._printf_core) for _printf_core
    printfa.o(i.__0vfprintf) refers to main.o(.text) for fputc
    printfa.o(i.__0vprintf) refers (Special) to iusefp.o(.text) for __I$use$fp
    printfa.o(i.__0vprintf) refers to printfa.o(i._printf_core) for _printf_core
    printfa.o(i.__0vprintf) refers to main.o(.text) for fputc
    printfa.o(i.__0vprintf) refers to stdout.o(.data) for __stdout
    printfa.o(i.__0vsnprintf) refers (Special) to iusefp.o(.text) for __I$use$fp
    printfa.o(i.__0vsnprintf) refers to printfa.o(i._printf_core) for _printf_core
    printfa.o(i.__0vsnprintf) refers to printfa.o(i._snputc) for _snputc
    printfa.o(i.__0vsprintf) refers (Special) to iusefp.o(.text) for __I$use$fp
    printfa.o(i.__0vsprintf) refers to printfa.o(i._printf_core) for _printf_core
    printfa.o(i.__0vsprintf) refers to printfa.o(i._sputc) for _sputc
    printfa.o(i._fp_digits) refers (Special) to iusefp.o(.text) for __I$use$fp
    printfa.o(i._fp_digits) refers to dmul.o(.text) for __aeabi_dmul
    printfa.o(i._fp_digits) refers to ddiv.o(.text) for __aeabi_ddiv
    printfa.o(i._fp_digits) refers to cdrcmple.o(.text) for __aeabi_cdrcmple
    printfa.o(i._fp_digits) refers to dadd.o(.text) for __aeabi_dadd
    printfa.o(i._fp_digits) refers to dfixul.o(.text) for __aeabi_d2ulz
    printfa.o(i._fp_digits) refers to uldiv.o(.text) for __aeabi_uldivmod
    printfa.o(i._printf_core) refers (Special) to iusefp.o(.text) for __I$use$fp
    printfa.o(i._printf_core) refers to printfa.o(i._printf_pre_padding) for _printf_pre_padding
    printfa.o(i._printf_core) refers to uldiv.o(.text) for __aeabi_uldivmod
    printfa.o(i._printf_core) refers to printfa.o(i._printf_post_padding) for _printf_post_padding
    printfa.o(i._printf_core) refers to printfa.o(i._fp_digits) for _fp_digits
    printfa.o(i._printf_core) refers to uidiv.o(.text) for __aeabi_uidivmod
    printfa.o(i._printf_post_padding) refers (Special) to iusefp.o(.text) for __I$use$fp
    printfa.o(i._printf_pre_padding) refers (Special) to iusefp.o(.text) for __I$use$fp
    printfa.o(i._snputc) refers (Special) to iusefp.o(.text) for __I$use$fp
    printfa.o(i._sputc) refers (Special) to iusefp.o(.text) for __I$use$fp
    dadd.o(.text) refers (Special) to iusefp.o(.text) for __I$use$fp
    dadd.o(.text) refers to llshl.o(.text) for __aeabi_llsl
    dadd.o(.text) refers to llsshr.o(.text) for __aeabi_lasr
    dadd.o(.text) refers to depilogue.o(.text) for _double_epilogue
    dmul.o(.text) refers (Special) to iusefp.o(.text) for __I$use$fp
    dmul.o(.text) refers to depilogue.o(.text) for _double_epilogue
    ddiv.o(.text) refers (Special) to iusefp.o(.text) for __I$use$fp
    ddiv.o(.text) refers to depilogue.o(.text) for _double_round
    dscalb.o(.text) refers (Special) to iusefp.o(.text) for __I$use$fp
    dfltui.o(.text) refers (Special) to iusefp.o(.text) for __I$use$fp
    dfltui.o(.text) refers to depilogue.o(.text) for _double_epilogue
    dfixui.o(.text) refers (Special) to iusefp.o(.text) for __I$use$fp
    dfixui.o(.text) refers to llushr.o(.text) for __aeabi_llsr
    cdcmple.o(.text) refers (Special) to iusefp.o(.text) for __I$use$fp
    cdrcmple.o(.text) refers (Special) to iusefp.o(.text) for __I$use$fp
    entry2.o(.ARM.Collect$$$$00000001) refers to entry2.o(.ARM.Collect$$$$00002712) for __lit__00000000
    entry2.o(.ARM.Collect$$$$00002712) refers to startup_swm190.o(STACK) for __initial_sp
    entry2.o(__vectab_stack_and_reset_area) refers to startup_swm190.o(STACK) for __initial_sp
    entry2.o(__vectab_stack_and_reset_area) refers to entry.o(.ARM.Collect$$$$00000000) for __main
    entry5.o(.ARM.Collect$$$$00000004) refers to init.o(.text) for __scatterload
    entry9a.o(.ARM.Collect$$$$0000000B) refers to main.o(.text) for main
    entry9b.o(.ARM.Collect$$$$0000000C) refers to main.o(.text) for main
    uldiv.o(.text) refers to llushr.o(.text) for __aeabi_llsr
    uldiv.o(.text) refers to llshl.o(.text) for __aeabi_llsl
    depilogue.o(.text) refers to depilogue.o(i.__ARM_clz) for __ARM_clz
    depilogue.o(.text) refers to llshl.o(.text) for __aeabi_llsl
    depilogue.o(.text) refers to llushr.o(.text) for __aeabi_llsr
    dfixul.o(.text) refers to llushr.o(.text) for __aeabi_llsr
    dfixul.o(.text) refers to llshl.o(.text) for __aeabi_llsl
    init.o(.text) refers to entry5.o(.ARM.Collect$$$$00000004) for __main_after_scatterload


==============================================================================

Removing Unused input sections from the image.

    Removing main.o(.rev16_text), (4 bytes).
    Removing main.o(.revsh_text), (4 bytes).
    Removing swm190_adc.o(.rev16_text), (4 bytes).
    Removing swm190_adc.o(.revsh_text), (4 bytes).
    Removing swm190_exti.o(.rev16_text), (4 bytes).
    Removing swm190_exti.o(.revsh_text), (4 bytes).
    Removing swm190_exti.o(.text), (150 bytes).
    Removing swm190_gpio.o(.rev16_text), (4 bytes).
    Removing swm190_gpio.o(.revsh_text), (4 bytes).
    Removing swm190_gpio.o(.text), (468 bytes).
    Removing swm190_i2c.o(.rev16_text), (4 bytes).
    Removing swm190_i2c.o(.revsh_text), (4 bytes).
    Removing swm190_i2c.o(.text), (576 bytes).
    Removing swm190_pwm.o(.rev16_text), (4 bytes).
    Removing swm190_pwm.o(.revsh_text), (4 bytes).
    Removing swm190_pwm.o(.text), (2708 bytes).
    Removing swm190_pwm.o(.data), (32 bytes).
    Removing swm190_timr.o(.rev16_text), (4 bytes).
    Removing swm190_timr.o(.revsh_text), (4 bytes).
    Removing swm190_timr.o(.text), (1048 bytes).
    Removing swm190_uart.o(.rev16_text), (4 bytes).
    Removing swm190_uart.o(.revsh_text), (4 bytes).
    Removing swm190_wdt.o(.rev16_text), (4 bytes).
    Removing swm190_wdt.o(.revsh_text), (4 bytes).
    Removing swm190_wdt.o(.text), (128 bytes).
    Removing swm190_dma.o(.rev16_text), (4 bytes).
    Removing swm190_dma.o(.revsh_text), (4 bytes).
    Removing swm190_flash.o(.rev16_text), (4 bytes).
    Removing swm190_flash.o(.revsh_text), (4 bytes).
    Removing swm190_flash.o(.text), (220 bytes).
    Removing swm190_port.o(.rev16_text), (4 bytes).
    Removing swm190_port.o(.revsh_text), (4 bytes).
    Removing swm190_spi.o(.rev16_text), (4 bytes).
    Removing swm190_spi.o(.revsh_text), (4 bytes).
    Removing swm190_spi.o(.text), (1040 bytes).
    Removing swm190_rtc.o(.rev16_text), (4 bytes).
    Removing swm190_rtc.o(.revsh_text), (4 bytes).
    Removing swm190_rtc.o(.text), (644 bytes).
    Removing swm190_rtc.o(.constdata), (52 bytes).
    Removing swm190_cordic.o(.rev16_text), (4 bytes).
    Removing swm190_cordic.o(.revsh_text), (4 bytes).
    Removing swm190_cordic.o(.text), (592 bytes).
    Removing system_swm190.o(.rev16_text), (4 bytes).
    Removing system_swm190.o(.revsh_text), (4 bytes).
    Removing startup_swm190.o(HEAP), (0 bytes).
    Removing dadd.o(.text), (356 bytes).
    Removing dmul.o(.text), (208 bytes).
    Removing ddiv.o(.text), (240 bytes).
    Removing dscalb.o(.text), (44 bytes).
    Removing dfltui.o(.text), (28 bytes).
    Removing dfixui.o(.text), (60 bytes).
    Removing cdcmple.o(.text), (40 bytes).
    Removing cdrcmple.o(.text), (40 bytes).
    Removing depilogue.o(.text), (190 bytes).
    Removing dfixul.o(.text), (64 bytes).
    Removing depilogue.o(i.__ARM_clz), (46 bytes).

56 unused section(s) (total 9102 bytes) removed from the image.

==============================================================================

Image Symbol Table

    Local Symbols

    Symbol Name                              Value     Ov Type        Size  Object(Section)

    RESET                                    0x00000000   Section      256  startup_swm190.o(RESET)
    ../clib/microlib/division.c              0x00000000   Number         0  uldiv.o ABSOLUTE
    ../clib/microlib/division.c              0x00000000   Number         0  uidiv.o ABSOLUTE
    ../clib/microlib/init/entry.s            0x00000000   Number         0  entry11b.o ABSOLUTE
    ../clib/microlib/init/entry.s            0x00000000   Number         0  entry11a.o ABSOLUTE
    ../clib/microlib/init/entry.s            0x00000000   Number         0  entry10b.o ABSOLUTE
    ../clib/microlib/init/entry.s            0x00000000   Number         0  entry10a.o ABSOLUTE
    ../clib/microlib/init/entry.s            0x00000000   Number         0  entry9b.o ABSOLUTE
    ../clib/microlib/init/entry.s            0x00000000   Number         0  entry9a.o ABSOLUTE
    ../clib/microlib/init/entry.s            0x00000000   Number         0  entry8b.o ABSOLUTE
    ../clib/microlib/init/entry.s            0x00000000   Number         0  entry8a.o ABSOLUTE
    ../clib/microlib/init/entry.s            0x00000000   Number         0  entry7b.o ABSOLUTE
    ../clib/microlib/init/entry.s            0x00000000   Number         0  entry7a.o ABSOLUTE
    ../clib/microlib/init/entry.s            0x00000000   Number         0  entry5.o ABSOLUTE
    ../clib/microlib/init/entry.s            0x00000000   Number         0  entry2.o ABSOLUTE
    ../clib/microlib/init/entry.s            0x00000000   Number         0  entry.o ABSOLUTE
    ../clib/microlib/longlong.c              0x00000000   Number         0  llshl.o ABSOLUTE
    ../clib/microlib/longlong.c              0x00000000   Number         0  llsshr.o ABSOLUTE
    ../clib/microlib/longlong.c              0x00000000   Number         0  llushr.o ABSOLUTE
    ../clib/microlib/printf/printf.c         0x00000000   Number         0  printf3.o ABSOLUTE
    ../clib/microlib/printf/printf.c         0x00000000   Number         0  printfa.o ABSOLUTE
    ../clib/microlib/printf/printf.c         0x00000000   Number         0  printf8.o ABSOLUTE
    ../clib/microlib/printf/printf.c         0x00000000   Number         0  printf7.o ABSOLUTE
    ../clib/microlib/printf/printf.c         0x00000000   Number         0  printf6.o ABSOLUTE
    ../clib/microlib/printf/printf.c         0x00000000   Number         0  printf5.o ABSOLUTE
    ../clib/microlib/printf/printf.c         0x00000000   Number         0  printf4.o ABSOLUTE
    ../clib/microlib/printf/printf.c         0x00000000   Number         0  printfb.o ABSOLUTE
    ../clib/microlib/printf/printf.c         0x00000000   Number         0  printf0.o ABSOLUTE
    ../clib/microlib/printf/printf.c         0x00000000   Number         0  printf1.o ABSOLUTE
    ../clib/microlib/printf/printf.c         0x00000000   Number         0  printf2.o ABSOLUTE
    ../clib/microlib/printf/stubs.s          0x00000000   Number         0  stubs.o ABSOLUTE
    ../clib/microlib/stdio/streams.c         0x00000000   Number         0  stdout.o ABSOLUTE
    ../clib/microlib/string/memcpy.c         0x00000000   Number         0  memcpya.o ABSOLUTE
    ../clib/microlib/string/memcpy.c         0x00000000   Number         0  memcpyb.o ABSOLUTE
    ../clib/microlib/stubs.s                 0x00000000   Number         0  iusefp.o ABSOLUTE
    ../fplib/microlib/fpadd.c                0x00000000   Number         0  dadd.o ABSOLUTE
    ../fplib/microlib/fpdiv.c                0x00000000   Number         0  ddiv.o ABSOLUTE
    ../fplib/microlib/fpepilogue.c           0x00000000   Number         0  depilogue.o ABSOLUTE
    ../fplib/microlib/fpfix.c                0x00000000   Number         0  dfixul.o ABSOLUTE
    ../fplib/microlib/fpfix.c                0x00000000   Number         0  dfixui.o ABSOLUTE
    ../fplib/microlib/fpflt.c                0x00000000   Number         0  dfltui.o ABSOLUTE
    ../fplib/microlib/fpmul.c                0x00000000   Number         0  dmul.o ABSOLUTE
    ../fplib/microlib/fpscalb.c              0x00000000   Number         0  dscalb.o ABSOLUTE
    ..\..\SWM190_StdPeriph_Driver\CSL\CMSIS\DeviceSupport\startup\arm\startup_SWM190.s 0x00000000   Number         0  startup_swm190.o ABSOLUTE
    ..\..\SWM190_StdPeriph_Driver\CSL\CMSIS\DeviceSupport\system_SWM190.c 0x00000000   Number         0  system_swm190.o ABSOLUTE
    ..\..\SWM190_StdPeriph_Driver\CSL\SWM190_StdPeriph_Driver\SWM190_adc.c 0x00000000   Number         0  swm190_adc.o ABSOLUTE
    ..\..\SWM190_StdPeriph_Driver\CSL\SWM190_StdPeriph_Driver\SWM190_cordic.c 0x00000000   Number         0  swm190_cordic.o ABSOLUTE
    ..\..\SWM190_StdPeriph_Driver\CSL\SWM190_StdPeriph_Driver\SWM190_dma.c 0x00000000   Number         0  swm190_dma.o ABSOLUTE
    ..\..\SWM190_StdPeriph_Driver\CSL\SWM190_StdPeriph_Driver\SWM190_exti.c 0x00000000   Number         0  swm190_exti.o ABSOLUTE
    ..\..\SWM190_StdPeriph_Driver\CSL\SWM190_StdPeriph_Driver\SWM190_flash.c 0x00000000   Number         0  swm190_flash.o ABSOLUTE
    ..\..\SWM190_StdPeriph_Driver\CSL\SWM190_StdPeriph_Driver\SWM190_gpio.c 0x00000000   Number         0  swm190_gpio.o ABSOLUTE
    ..\..\SWM190_StdPeriph_Driver\CSL\SWM190_StdPeriph_Driver\SWM190_i2c.c 0x00000000   Number         0  swm190_i2c.o ABSOLUTE
    ..\..\SWM190_StdPeriph_Driver\CSL\SWM190_StdPeriph_Driver\SWM190_port.c 0x00000000   Number         0  swm190_port.o ABSOLUTE
    ..\..\SWM190_StdPeriph_Driver\CSL\SWM190_StdPeriph_Driver\SWM190_pwm.c 0x00000000   Number         0  swm190_pwm.o ABSOLUTE
    ..\..\SWM190_StdPeriph_Driver\CSL\SWM190_StdPeriph_Driver\SWM190_rtc.c 0x00000000   Number         0  swm190_rtc.o ABSOLUTE
    ..\..\SWM190_StdPeriph_Driver\CSL\SWM190_StdPeriph_Driver\SWM190_spi.c 0x00000000   Number         0  swm190_spi.o ABSOLUTE
    ..\..\SWM190_StdPeriph_Driver\CSL\SWM190_StdPeriph_Driver\SWM190_timr.c 0x00000000   Number         0  swm190_timr.o ABSOLUTE
    ..\..\SWM190_StdPeriph_Driver\CSL\SWM190_StdPeriph_Driver\SWM190_uart.c 0x00000000   Number         0  swm190_uart.o ABSOLUTE
    ..\..\SWM190_StdPeriph_Driver\CSL\SWM190_StdPeriph_Driver\SWM190_wdt.c 0x00000000   Number         0  swm190_wdt.o ABSOLUTE
    ..\\..\\SWM190_StdPeriph_Driver\\CSL\\CMSIS\\DeviceSupport\\system_SWM190.c 0x00000000   Number         0  system_swm190.o ABSOLUTE
    ..\\..\\SWM190_StdPeriph_Driver\\CSL\\SWM190_StdPeriph_Driver\\SWM190_adc.c 0x00000000   Number         0  swm190_adc.o ABSOLUTE
    ..\\..\\SWM190_StdPeriph_Driver\\CSL\\SWM190_StdPeriph_Driver\\SWM190_cordic.c 0x00000000   Number         0  swm190_cordic.o ABSOLUTE
    ..\\..\\SWM190_StdPeriph_Driver\\CSL\\SWM190_StdPeriph_Driver\\SWM190_dma.c 0x00000000   Number         0  swm190_dma.o ABSOLUTE
    ..\\..\\SWM190_StdPeriph_Driver\\CSL\\SWM190_StdPeriph_Driver\\SWM190_exti.c 0x00000000   Number         0  swm190_exti.o ABSOLUTE
    ..\\..\\SWM190_StdPeriph_Driver\\CSL\\SWM190_StdPeriph_Driver\\SWM190_flash.c 0x00000000   Number         0  swm190_flash.o ABSOLUTE
    ..\\..\\SWM190_StdPeriph_Driver\\CSL\\SWM190_StdPeriph_Driver\\SWM190_gpio.c 0x00000000   Number         0  swm190_gpio.o ABSOLUTE
    ..\\..\\SWM190_StdPeriph_Driver\\CSL\\SWM190_StdPeriph_Driver\\SWM190_i2c.c 0x00000000   Number         0  swm190_i2c.o ABSOLUTE
    ..\\..\\SWM190_StdPeriph_Driver\\CSL\\SWM190_StdPeriph_Driver\\SWM190_port.c 0x00000000   Number         0  swm190_port.o ABSOLUTE
    ..\\..\\SWM190_StdPeriph_Driver\\CSL\\SWM190_StdPeriph_Driver\\SWM190_pwm.c 0x00000000   Number         0  swm190_pwm.o ABSOLUTE
    ..\\..\\SWM190_StdPeriph_Driver\\CSL\\SWM190_StdPeriph_Driver\\SWM190_rtc.c 0x00000000   Number         0  swm190_rtc.o ABSOLUTE
    ..\\..\\SWM190_StdPeriph_Driver\\CSL\\SWM190_StdPeriph_Driver\\SWM190_spi.c 0x00000000   Number         0  swm190_spi.o ABSOLUTE
    ..\\..\\SWM190_StdPeriph_Driver\\CSL\\SWM190_StdPeriph_Driver\\SWM190_timr.c 0x00000000   Number         0  swm190_timr.o ABSOLUTE
    ..\\..\\SWM190_StdPeriph_Driver\\CSL\\SWM190_StdPeriph_Driver\\SWM190_uart.c 0x00000000   Number         0  swm190_uart.o ABSOLUTE
    ..\\..\\SWM190_StdPeriph_Driver\\CSL\\SWM190_StdPeriph_Driver\\SWM190_wdt.c 0x00000000   Number         0  swm190_wdt.o ABSOLUTE
    app\\main.c                              0x00000000   Number         0  main.o ABSOLUTE
    app\main.c                               0x00000000   Number         0  main.o ABSOLUTE
    cdcmple.s                                0x00000000   Number         0  cdcmple.o ABSOLUTE
    cdrcmple.s                               0x00000000   Number         0  cdrcmple.o ABSOLUTE
    dc.s                                     0x00000000   Number         0  dc.o ABSOLUTE
    handlers.s                               0x00000000   Number         0  handlers.o ABSOLUTE
    init.s                                   0x00000000   Number         0  init.o ABSOLUTE
    .ARM.Collect$$$$00000000                 0x00000100   Section        0  entry.o(.ARM.Collect$$$$00000000)
    .ARM.Collect$$$$00000001                 0x00000100   Section        4  entry2.o(.ARM.Collect$$$$00000001)
    .ARM.Collect$$$$00000004                 0x00000104   Section        4  entry5.o(.ARM.Collect$$$$00000004)
    .ARM.Collect$$$$00000008                 0x00000108   Section        0  entry7b.o(.ARM.Collect$$$$00000008)
    .ARM.Collect$$$$0000000A                 0x00000108   Section        0  entry8b.o(.ARM.Collect$$$$0000000A)
    .ARM.Collect$$$$0000000B                 0x00000108   Section        8  entry9a.o(.ARM.Collect$$$$0000000B)
    .ARM.Collect$$$$0000000D                 0x00000110   Section        0  entry10a.o(.ARM.Collect$$$$0000000D)
    .ARM.Collect$$$$0000000F                 0x00000110   Section        0  entry11a.o(.ARM.Collect$$$$0000000F)
    .ARM.Collect$$$$00002712                 0x00000110   Section        4  entry2.o(.ARM.Collect$$$$00002712)
    __lit__00000000                          0x00000110   Data           4  entry2.o(.ARM.Collect$$$$00002712)
    .text                                    0x00000114   Section        0  main.o(.text)
    .text                                    0x000002a8   Section        0  swm190_adc.o(.text)
    chn2idx                                  0x00000403   Thumb Code    66  swm190_adc.o(.text)
    .text                                    0x0000055c   Section        0  swm190_uart.o(.text)
    NVIC_EnableIRQ                           0x000008c1   Thumb Code    14  swm190_uart.o(.text)
    NVIC_DisableIRQ                          0x000008cf   Thumb Code    16  swm190_uart.o(.text)
    .text                                    0x000008f4   Section        0  swm190_dma.o(.text)
    .text                                    0x00000a04   Section        0  swm190_port.o(.text)
    .text                                    0x00000a54   Section        0  system_swm190.o(.text)
    .text                                    0x00000d00   Section      132  startup_swm190.o(.text)
    .text                                    0x00000d84   Section        0  uidiv.o(.text)
    .text                                    0x00000db0   Section       36  init.o(.text)
    i.__0printf$6                            0x00000dd4   Section        0  printf6.o(i.__0printf$6)
    i.__ARM_common_switch8                   0x00000df4   Section        0  system_swm190.o(i.__ARM_common_switch8)
    i.__scatterload_copy                     0x00000e0e   Section       14  handlers.o(i.__scatterload_copy)
    i.__scatterload_null                     0x00000e1c   Section        2  handlers.o(i.__scatterload_null)
    i.__scatterload_zeroinit                 0x00000e1e   Section       14  handlers.o(i.__scatterload_zeroinit)
    i._printf_core                           0x00000e2c   Section        0  printf6.o(i._printf_core)
    _printf_core                             0x00000e2d   Thumb Code   768  printf6.o(i._printf_core)
    i._printf_post_padding                   0x00001130   Section        0  printf6.o(i._printf_post_padding)
    _printf_post_padding                     0x00001131   Thumb Code    32  printf6.o(i._printf_post_padding)
    i._printf_pre_padding                    0x00001150   Section        0  printf6.o(i._printf_pre_padding)
    _printf_pre_padding                      0x00001151   Thumb Code    44  printf6.o(i._printf_pre_padding)
    .data                                    0x20000000   Section        8  system_swm190.o(.data)
    .data                                    0x20000008   Section        4  stdout.o(.data)
    .bss                                     0x2000000c   Section     2000  main.o(.bss)
    STACK                                    0x200007e0   Section     1024  startup_swm190.o(STACK)

    Global Symbols

    Symbol Name                              Value     Ov Type        Size  Object(Section)

    BuildAttributes$$THM_ISAv3M$S$PE$A:L22$X:L11$S22$IEEE1$IW$USESV6$~STKCKD$USESV7$~SHL$OSPACE$ROPI$EBA8$MICROLIB$REQ8$PRES8$EABIv2 0x00000000   Number         0  anon$$obj.o ABSOLUTE
    __ARM_use_no_argv                        0x00000000   Number         0  main.o ABSOLUTE
    __Vectors                                0x00000000   Data           4  startup_swm190.o(RESET)
    _printf_a                                0x00000000   Number         0  stubs.o ABSOLUTE
    _printf_c                                0x00000000   Number         0  stubs.o ABSOLUTE
    _printf_charcount                        0x00000000   Number         0  stubs.o ABSOLUTE
    _printf_d                                0x00000000   Number         0  stubs.o ABSOLUTE
    _printf_e                                0x00000000   Number         0  stubs.o ABSOLUTE
    _printf_f                                0x00000000   Number         0  stubs.o ABSOLUTE
    _printf_flags                            0x00000000   Number         0  stubs.o ABSOLUTE
    _printf_fp_dec                           0x00000000   Number         0  stubs.o ABSOLUTE
    _printf_fp_hex                           0x00000000   Number         0  stubs.o ABSOLUTE
    _printf_g                                0x00000000   Number         0  stubs.o ABSOLUTE
    _printf_i                                0x00000000   Number         0  stubs.o ABSOLUTE
    _printf_int_dec                          0x00000000   Number         0  stubs.o ABSOLUTE
    _printf_l                                0x00000000   Number         0  stubs.o ABSOLUTE
    _printf_lc                               0x00000000   Number         0  stubs.o ABSOLUTE
    _printf_ll                               0x00000000   Number         0  stubs.o ABSOLUTE
    _printf_lld                              0x00000000   Number         0  stubs.o ABSOLUTE
    _printf_lli                              0x00000000   Number         0  stubs.o ABSOLUTE
    _printf_llo                              0x00000000   Number         0  stubs.o ABSOLUTE
    _printf_llu                              0x00000000   Number         0  stubs.o ABSOLUTE
    _printf_llx                              0x00000000   Number         0  stubs.o ABSOLUTE
    _printf_longlong_dec                     0x00000000   Number         0  stubs.o ABSOLUTE
    _printf_longlong_hex                     0x00000000   Number         0  stubs.o ABSOLUTE
    _printf_longlong_oct                     0x00000000   Number         0  stubs.o ABSOLUTE
    _printf_ls                               0x00000000   Number         0  stubs.o ABSOLUTE
    _printf_mbtowc                           0x00000000   Number         0  stubs.o ABSOLUTE
    _printf_n                                0x00000000   Number         0  stubs.o ABSOLUTE
    _printf_o                                0x00000000   Number         0  stubs.o ABSOLUTE
    _printf_p                                0x00000000   Number         0  stubs.o ABSOLUTE
    _printf_percent                          0x00000000   Number         0  stubs.o ABSOLUTE
    _printf_pre_padding                      0x00000000   Number         0  stubs.o ABSOLUTE
    _printf_return_value                     0x00000000   Number         0  stubs.o ABSOLUTE
    _printf_s                                0x00000000   Number         0  stubs.o ABSOLUTE
    _printf_sizespec                         0x00000000   Number         0  stubs.o ABSOLUTE
    _printf_str                              0x00000000   Number         0  stubs.o ABSOLUTE
    _printf_truncate_signed                  0x00000000   Number         0  stubs.o ABSOLUTE
    _printf_truncate_unsigned                0x00000000   Number         0  stubs.o ABSOLUTE
    _printf_u                                0x00000000   Number         0  stubs.o ABSOLUTE
    _printf_wc                               0x00000000   Number         0  stubs.o ABSOLUTE
    _printf_wctomb                           0x00000000   Number         0  stubs.o ABSOLUTE
    _printf_widthprec                        0x00000000   Number         0  stubs.o ABSOLUTE
    _printf_x                                0x00000000   Number         0  stubs.o ABSOLUTE
    __cpp_initialize__aeabi_                  - Undefined Weak Reference
    __cxa_finalize                            - Undefined Weak Reference
    __decompress                              - Undefined Weak Reference
    _clock_init                               - Undefined Weak Reference
    _microlib_exit                            - Undefined Weak Reference
    __Vectors_End                            0x00000100   Data           0  startup_swm190.o(RESET)
    __Vectors_Size                           0x00000100   Number         0  startup_swm190.o ABSOLUTE
    __main                                   0x00000101   Thumb Code     0  entry.o(.ARM.Collect$$$$00000000)
    _main_stk                                0x00000101   Thumb Code     0  entry2.o(.ARM.Collect$$$$00000001)
    _main_scatterload                        0x00000105   Thumb Code     0  entry5.o(.ARM.Collect$$$$00000004)
    __main_after_scatterload                 0x00000109   Thumb Code     0  entry5.o(.ARM.Collect$$$$00000004)
    _main_clock                              0x00000109   Thumb Code     0  entry7b.o(.ARM.Collect$$$$00000008)
    _main_cpp_init                           0x00000109   Thumb Code     0  entry8b.o(.ARM.Collect$$$$0000000A)
    _main_init                               0x00000109   Thumb Code     0  entry9a.o(.ARM.Collect$$$$0000000B)
    __rt_final_cpp                           0x00000111   Thumb Code     0  entry10a.o(.ARM.Collect$$$$0000000D)
    __rt_final_exit                          0x00000111   Thumb Code     0  entry11a.o(.ARM.Collect$$$$0000000F)
    SerialInit                               0x00000115   Thumb Code    66  main.o(.text)
    main                                     0x00000157   Thumb Code   212  main.o(.text)
    DMA_Handler                              0x0000022b   Thumb Code    74  main.o(.text)
    fputc                                    0x00000275   Thumb Code    28  main.o(.text)
    ADC_Close                                0x000002a9   Thumb Code    12  swm190_adc.o(.text)
    ADC_Init                                 0x000002b5   Thumb Code   302  swm190_adc.o(.text)
    ADC_Open                                 0x000003e3   Thumb Code    12  swm190_adc.o(.text)
    ADC_Start                                0x000003ef   Thumb Code    10  swm190_adc.o(.text)
    ADC_Stop                                 0x000003f9   Thumb Code    10  swm190_adc.o(.text)
    ADC_Read                                 0x00000445   Thumb Code    26  swm190_adc.o(.text)
    ADC_IsEOC                                0x0000045f   Thumb Code    22  swm190_adc.o(.text)
    ADC_ChnSelect                            0x00000475   Thumb Code    16  swm190_adc.o(.text)
    ADC_IntEOCEn                             0x00000485   Thumb Code    24  swm190_adc.o(.text)
    ADC_IntEOCDis                            0x0000049d   Thumb Code    24  swm190_adc.o(.text)
    ADC_IntEOCClr                            0x000004b5   Thumb Code    20  swm190_adc.o(.text)
    ADC_IntEOCStat                           0x000004c9   Thumb Code    30  swm190_adc.o(.text)
    ADC_IntOVFEn                             0x000004e7   Thumb Code    26  swm190_adc.o(.text)
    ADC_IntOVFDis                            0x00000501   Thumb Code    26  swm190_adc.o(.text)
    ADC_IntOVFClr                            0x0000051b   Thumb Code    22  swm190_adc.o(.text)
    ADC_IntOVFStat                           0x00000531   Thumb Code    32  swm190_adc.o(.text)
    UART_Close                               0x0000055d   Thumb Code    12  swm190_uart.o(.text)
    UART_Init                                0x00000569   Thumb Code   366  swm190_uart.o(.text)
    UART_Open                                0x000006d7   Thumb Code    12  swm190_uart.o(.text)
    UART_WriteByte                           0x000006e3   Thumb Code     4  swm190_uart.o(.text)
    UART_ReadByte                            0x000006e7   Thumb Code    20  swm190_uart.o(.text)
    UART_IsTXBusy                            0x000006fb   Thumb Code    32  swm190_uart.o(.text)
    UART_IsRXFIFOEmpty                       0x0000071b   Thumb Code    10  swm190_uart.o(.text)
    UART_IsTXFIFOFull                        0x00000725   Thumb Code     8  swm190_uart.o(.text)
    UART_SetBaudrate                         0x0000072d   Thumb Code    34  swm190_uart.o(.text)
    UART_GetBaudrate                         0x0000074f   Thumb Code    26  swm190_uart.o(.text)
    UART_CTSConfig                           0x00000769   Thumb Code    22  swm190_uart.o(.text)
    UART_CTSLineState                        0x0000077f   Thumb Code     8  swm190_uart.o(.text)
    UART_RTSConfig                           0x00000787   Thumb Code    28  swm190_uart.o(.text)
    UART_RTSLineState                        0x000007a3   Thumb Code     8  swm190_uart.o(.text)
    UART_LINConfig                           0x000007ab   Thumb Code    22  swm190_uart.o(.text)
    UART_LINGenerate                         0x000007c1   Thumb Code    10  swm190_uart.o(.text)
    UART_LINIsDetected                       0x000007cb   Thumb Code     8  swm190_uart.o(.text)
    UART_LINIsGenerated                      0x000007d3   Thumb Code     8  swm190_uart.o(.text)
    UART_ABRStart                            0x000007db   Thumb Code    90  swm190_uart.o(.text)
    UART_ABRIsDone                           0x00000835   Thumb Code    24  swm190_uart.o(.text)
    UART_INTRXThresholdEn                    0x0000084d   Thumb Code    10  swm190_uart.o(.text)
    UART_INTRXThresholdDis                   0x00000857   Thumb Code    10  swm190_uart.o(.text)
    UART_INTRXThresholdStat                  0x00000861   Thumb Code     8  swm190_uart.o(.text)
    UART_INTTXThresholdEn                    0x00000869   Thumb Code    10  swm190_uart.o(.text)
    UART_INTTXThresholdDis                   0x00000873   Thumb Code    10  swm190_uart.o(.text)
    UART_INTTXThresholdStat                  0x0000087d   Thumb Code     8  swm190_uart.o(.text)
    UART_INTTimeoutEn                        0x00000885   Thumb Code    12  swm190_uart.o(.text)
    UART_INTTimeoutDis                       0x00000891   Thumb Code    12  swm190_uart.o(.text)
    UART_INTTimeoutStat                      0x0000089d   Thumb Code     8  swm190_uart.o(.text)
    UART_INTTXDoneEn                         0x000008a5   Thumb Code    10  swm190_uart.o(.text)
    UART_INTTXDoneDis                        0x000008af   Thumb Code    10  swm190_uart.o(.text)
    UART_INTTXDoneStat                       0x000008b9   Thumb Code     8  swm190_uart.o(.text)
    DMA_CH_Close                             0x000008f5   Thumb Code    18  swm190_dma.o(.text)
    DMA_CH_Init                              0x00000907   Thumb Code   170  swm190_dma.o(.text)
    DMA_CH_Open                              0x000009b1   Thumb Code    18  swm190_dma.o(.text)
    DMA_CH_INTEn                             0x000009c3   Thumb Code    14  swm190_dma.o(.text)
    DMA_CH_INTDis                            0x000009d1   Thumb Code    14  swm190_dma.o(.text)
    DMA_CH_INTClr                            0x000009df   Thumb Code    10  swm190_dma.o(.text)
    DMA_CH_INTStat                           0x000009e9   Thumb Code    20  swm190_dma.o(.text)
    PORT_Init                                0x00000a05   Thumb Code    80  swm190_port.o(.text)
    SystemCoreClockUpdate                    0x00000a55   Thumb Code   148  system_swm190.o(.text)
    switchTo24MHz                            0x00000ae9   Thumb Code    16  system_swm190.o(.text)
    switchToXTAL_32K                         0x00000af9   Thumb Code    72  system_swm190.o(.text)
    switchTo32KHz                            0x00000b41   Thumb Code    48  system_swm190.o(.text)
    PLLInit                                  0x00000b71   Thumb Code    56  system_swm190.o(.text)
    switchToPLL                              0x00000ba9   Thumb Code    64  system_swm190.o(.text)
    switchToXTAL                             0x00000be9   Thumb Code   110  system_swm190.o(.text)
    switchTo48MHz                            0x00000c57   Thumb Code    18  system_swm190.o(.text)
    switchTo6MHz                             0x00000c69   Thumb Code    46  system_swm190.o(.text)
    switchTo3MHz                             0x00000c97   Thumb Code    46  system_swm190.o(.text)
    SystemInit                               0x00000cc5   Thumb Code    24  system_swm190.o(.text)
    Reset_Handler                            0x00000d01   Thumb Code    54  startup_swm190.o(.text)
    NMI_Handler                              0x00000d37   Thumb Code     2  startup_swm190.o(.text)
    HardFault_Handler                        0x00000d39   Thumb Code     2  startup_swm190.o(.text)
    SVC_Handler                              0x00000d3b   Thumb Code     2  startup_swm190.o(.text)
    PendSV_Handler                           0x00000d3d   Thumb Code     2  startup_swm190.o(.text)
    SysTick_Handler                          0x00000d3f   Thumb Code     2  startup_swm190.o(.text)
    GPIOA_Handler                            0x00000d41   Thumb Code     2  startup_swm190.o(.text)
    GPIOA0_Handler                           0x00000d43   Thumb Code     2  startup_swm190.o(.text)
    UART0_Handler                            0x00000d45   Thumb Code     2  startup_swm190.o(.text)
    UART1_Handler                            0x00000d47   Thumb Code     2  startup_swm190.o(.text)
    SPI0_Handler                             0x00000d49   Thumb Code     2  startup_swm190.o(.text)
    TIMR0_Handler                            0x00000d4b   Thumb Code     2  startup_swm190.o(.text)
    PWM0_Handler                             0x00000d4f   Thumb Code     2  startup_swm190.o(.text)
    BTIMR0_Handler                           0x00000d51   Thumb Code     2  startup_swm190.o(.text)
    BTIMR3_Handler                           0x00000d53   Thumb Code     2  startup_swm190.o(.text)
    TIMR1_Handler                            0x00000d55   Thumb Code     2  startup_swm190.o(.text)
    WDT_Handler                              0x00000d57   Thumb Code     2  startup_swm190.o(.text)
    GPIOA4_Handler                           0x00000d59   Thumb Code     2  startup_swm190.o(.text)
    I2C0_Handler                             0x00000d5b   Thumb Code     2  startup_swm190.o(.text)
    GPIOA5_Handler                           0x00000d5d   Thumb Code     2  startup_swm190.o(.text)
    BTIMR2_Handler                           0x00000d5f   Thumb Code     2  startup_swm190.o(.text)
    GPIOC_CORDIC_Handler                     0x00000d61   Thumb Code     2  startup_swm190.o(.text)
    SPI1_BTIMR1_Handler                      0x00000d63   Thumb Code     2  startup_swm190.o(.text)
    GPIOB_BOD_Handler                        0x00000d65   Thumb Code     2  startup_swm190.o(.text)
    GPIOC4_ADC0_Handler                      0x00000d67   Thumb Code     2  startup_swm190.o(.text)
    GPIOD_RTC_Handler                        0x00000d69   Thumb Code     2  startup_swm190.o(.text)
    XTAL_ACMP_Handler                        0x00000d6b   Thumb Code     2  startup_swm190.o(.text)
    UART2_GPIOB4_Handler                     0x00000d6d   Thumb Code     2  startup_swm190.o(.text)
    TIMR2_GPIOA15_Handler                    0x00000d6f   Thumb Code     2  startup_swm190.o(.text)
    TIMR3_HALL_Handler                       0x00000d71   Thumb Code     2  startup_swm190.o(.text)
    GPIOC5_I2C1_Handler                      0x00000d73   Thumb Code     2  startup_swm190.o(.text)
    PWM1_GPIOB6_Handler                      0x00000d75   Thumb Code     2  startup_swm190.o(.text)
    UART3_GPIOB5_Handler                     0x00000d77   Thumb Code     2  startup_swm190.o(.text)
    PWM2_SFC_Handler                         0x00000d79   Thumb Code     2  startup_swm190.o(.text)
    PWM3_CACHE_Handler                       0x00000d7b   Thumb Code     2  startup_swm190.o(.text)
    ADC1_GPIOA14_Handler                     0x00000d7d   Thumb Code     2  startup_swm190.o(.text)
    GPIOE_PWMHALT_Handler                    0x00000d7f   Thumb Code     2  startup_swm190.o(.text)
    __aeabi_uidiv                            0x00000d85   Thumb Code     0  uidiv.o(.text)
    __aeabi_uidivmod                         0x00000d85   Thumb Code    44  uidiv.o(.text)
    __scatterload                            0x00000db1   Thumb Code    28  init.o(.text)
    __scatterload_rt2                        0x00000db1   Thumb Code     0  init.o(.text)
    __0printf$6                              0x00000dd5   Thumb Code    24  printf6.o(i.__0printf$6)
    __1printf$6                              0x00000dd5   Thumb Code     0  printf6.o(i.__0printf$6)
    __2printf                                0x00000dd5   Thumb Code     0  printf6.o(i.__0printf$6)
    __ARM_common_switch8                     0x00000df5   Thumb Code    26  system_swm190.o(i.__ARM_common_switch8)
    __scatterload_copy                       0x00000e0f   Thumb Code    14  handlers.o(i.__scatterload_copy)
    __scatterload_null                       0x00000e1d   Thumb Code     2  handlers.o(i.__scatterload_null)
    __scatterload_zeroinit                   0x00000e1f   Thumb Code    14  handlers.o(i.__scatterload_zeroinit)
    Region$$Table$$Base                      0x0000117c   Number         0  anon$$obj.o(Region$$Table)
    Region$$Table$$Limit                     0x0000119c   Number         0  anon$$obj.o(Region$$Table)
    SystemCoreClock                          0x20000000   Data           4  system_swm190.o(.data)
    CyclesPerUs                              0x20000004   Data           4  system_swm190.o(.data)
    __stdout                                 0x20000008   Data           4  stdout.o(.data)
    ADC_Result                               0x2000000c   Data        2000  main.o(.bss)
    __initial_sp                             0x20000be0   Data           0  startup_swm190.o(STACK)



==============================================================================

Memory Map of the image

  Image Entry point : 0x00000101

  Load Region LR_IROM1 (Base: 0x00000000, Size: 0x000011a8, Max: 0x0001e000, ABSOLUTE)

    Execution Region ER_IROM1 (Exec base: 0x00000000, Load base: 0x00000000, Size: 0x0000119c, Max: 0x0001e000, ABSOLUTE)

    Exec Addr    Load Addr    Size         Type   Attr      Idx    E Section Name        Object

    0x00000000   0x00000000   0x00000100   Data   RO          424    RESET               startup_swm190.o
    0x00000100   0x00000100   0x00000000   Code   RO          429  * .ARM.Collect$$$$00000000  mc_p.l(entry.o)
    0x00000100   0x00000100   0x00000004   Code   RO          715    .ARM.Collect$$$$00000001  mc_p.l(entry2.o)
    0x00000104   0x00000104   0x00000004   Code   RO          718    .ARM.Collect$$$$00000004  mc_p.l(entry5.o)
    0x00000108   0x00000108   0x00000000   Code   RO          720    .ARM.Collect$$$$00000008  mc_p.l(entry7b.o)
    0x00000108   0x00000108   0x00000000   Code   RO          722    .ARM.Collect$$$$0000000A  mc_p.l(entry8b.o)
    0x00000108   0x00000108   0x00000008   Code   RO          723    .ARM.Collect$$$$0000000B  mc_p.l(entry9a.o)
    0x00000110   0x00000110   0x00000000   Code   RO          725    .ARM.Collect$$$$0000000D  mc_p.l(entry10a.o)
    0x00000110   0x00000110   0x00000000   Code   RO          727    .ARM.Collect$$$$0000000F  mc_p.l(entry11a.o)
    0x00000110   0x00000110   0x00000004   Code   RO          716    .ARM.Collect$$$$00002712  mc_p.l(entry2.o)
    0x00000114   0x00000114   0x00000194   Code   RO            3    .text               main.o
    0x000002a8   0x000002a8   0x000002b4   Code   RO          103    .text               swm190_adc.o
    0x0000055c   0x0000055c   0x00000398   Code   RO          232    .text               swm190_uart.o
    0x000008f4   0x000008f4   0x00000110   Code   RO          272    .text               swm190_dma.o
    0x00000a04   0x00000a04   0x00000050   Code   RO          312    .text               swm190_port.o
    0x00000a54   0x00000a54   0x000002ac   Code   RO          396    .text               system_swm190.o
    0x00000d00   0x00000d00   0x00000084   Code   RO          425    .text               startup_swm190.o
    0x00000d84   0x00000d84   0x0000002c   Code   RO          432    .text               mc_p.l(uidiv.o)
    0x00000db0   0x00000db0   0x00000024   Code   RO          745    .text               mc_p.l(init.o)
    0x00000dd4   0x00000dd4   0x00000020   Code   RO          593    i.__0printf$6       mc_p.l(printf6.o)
    0x00000df4   0x00000df4   0x0000001a   Code   RO          414    i.__ARM_common_switch8  system_swm190.o
    0x00000e0e   0x00000e0e   0x0000000e   Code   RO          749    i.__scatterload_copy  mc_p.l(handlers.o)
    0x00000e1c   0x00000e1c   0x00000002   Code   RO          750    i.__scatterload_null  mc_p.l(handlers.o)
    0x00000e1e   0x00000e1e   0x0000000e   Code   RO          751    i.__scatterload_zeroinit  mc_p.l(handlers.o)
    0x00000e2c   0x00000e2c   0x00000304   Code   RO          600    i._printf_core      mc_p.l(printf6.o)
    0x00001130   0x00001130   0x00000020   Code   RO          601    i._printf_post_padding  mc_p.l(printf6.o)
    0x00001150   0x00001150   0x0000002c   Code   RO          602    i._printf_pre_padding  mc_p.l(printf6.o)
    0x0000117c   0x0000117c   0x00000020   Data   RO          747    Region$$Table       anon$$obj.o


    Execution Region RW_IRAM1 (Exec base: 0x20000000, Load base: 0x0000119c, Size: 0x00000be0, Max: 0x00005000, ABSOLUTE)

    Exec Addr    Load Addr    Size         Type   Attr      Idx    E Section Name        Object

    0x20000000   0x0000119c   0x00000008   Data   RW          397    .data               system_swm190.o
    0x20000008   0x000011a4   0x00000004   Data   RW          729    .data               mc_p.l(stdout.o)
    0x2000000c        -       0x000007d0   Zero   RW            4    .bss                main.o
    0x200007dc   0x000011a8   0x00000004   PAD
    0x200007e0        -       0x00000400   Zero   RW          422    STACK               startup_swm190.o


==============================================================================

Image component sizes


      Code (inc. data)   RO Data    RW Data    ZI Data      Debug   Object Name

       404         24          0          0       2000      72601   main.o
       132          4        256          0       1024       2084   startup_swm190.o
       692         12          0          0          0      10854   swm190_adc.o
       272          8          0          0          0       2303   swm190_dma.o
         0          0          0          0          0       5752   swm190_i2c.o
        80          0          0          0          0       1268   swm190_port.o
       920         22          0          0          0       7482   swm190_uart.o
       710         44          0          8          0       2759   system_swm190.o

    ----------------------------------------------------------------------
      3210        114        288          8       3028     105103   Object Totals
         0          0         32          0          0          0   (incl. Generated)
         0          0          0          0          4          0   (incl. Padding)

    ----------------------------------------------------------------------

      Code (inc. data)   RO Data    RW Data    ZI Data      Debug   Library Member Name

         0          0          0          0          0          0   entry.o
         0          0          0          0          0          0   entry10a.o
         0          0          0          0          0          0   entry11a.o
         8          4          0          0          0          0   entry2.o
         4          0          0          0          0          0   entry5.o
         0          0          0          0          0          0   entry7b.o
         0          0          0          0          0          0   entry8b.o
         8          4          0          0          0          0   entry9a.o
        30          0          0          0          0          0   handlers.o
        36          8          0          0          0         68   init.o
       880         12          0          0          0        324   printf6.o
         0          0          0          4          0          0   stdout.o
        44          0          0          0          0         72   uidiv.o

    ----------------------------------------------------------------------
      1010         28          0          4          0        464   Library Totals
         0          0          0          0          0          0   (incl. Padding)

    ----------------------------------------------------------------------

      Code (inc. data)   RO Data    RW Data    ZI Data      Debug   Library Name

      1010         28          0          4          0        464   mc_p.l

    ----------------------------------------------------------------------
      1010         28          0          4          0        464   Library Totals

    ----------------------------------------------------------------------

==============================================================================


      Code (inc. data)   RO Data    RW Data    ZI Data      Debug   

      4220        142        288         12       3028     105059   Grand Totals
      4220        142        288         12       3028     105059   ELF Image Totals
      4220        142        288         12          0          0   ROM Totals

==============================================================================

    Total RO  Size (Code + RO Data)                 4508 (   4.40kB)
    Total RW  Size (RW Data + ZI Data)              3040 (   2.97kB)
    Total ROM Size (Code + RO Data + RW Data)       4520 (   4.41kB)

==============================================================================

