Component: ARM Compiler 5.06 update 7 (build 960) Tool: armlink [4d3601]

==============================================================================

Section Cross References

    main.o(.text) refers to swm190_port.o(.text) for PORT_Init
    main.o(.text) refers to swm190_uart.o(.text) for UART_Init
    main.o(.text) refers to system_swm190.o(.text) for SystemInit
    main.o(.text) refers to printfb.o(i.__0printf$bare) for __2printf
    main.o(.text) refers to swm190_wdt.o(.text) for WDT_Init
    swm190_gpio.o(.text) refers to swm190_port.o(.text) for PORT_Init
    swm190_i2c.o(.text) refers to uidiv.o(.text) for __aeabi_uidivmod
    swm190_i2c.o(.text) refers to system_swm190.o(.data) for SystemCoreClock
    swm190_pwm.o(.text) refers to swm190_pwm.o(.data) for .data
    swm190_uart.o(.text) refers to uidiv.o(.text) for __aeabi_uidivmod
    swm190_uart.o(.text) refers to system_swm190.o(.data) for SystemCoreClock
    swm190_spi.o(.text) refers to uidiv.o(.text) for __aeabi_uidivmod
    swm190_spi.o(.text) refers to system_swm190.o(.data) for SystemCoreClock
    swm190_rtc.o(.text) refers to memcpya.o(.text) for __aeabi_memcpy4
    swm190_rtc.o(.text) refers to uidiv.o(.text) for __aeabi_uidivmod
    swm190_rtc.o(.text) refers to swm190_rtc.o(.constdata) for .constdata
    system_swm190.o(.text) refers to system_swm190.o(i.__ARM_common_switch8) for __ARM_common_switch8
    system_swm190.o(.text) refers to uidiv.o(.text) for __aeabi_uidivmod
    system_swm190.o(.text) refers to swm190_port.o(.text) for PORT_Init
    system_swm190.o(.text) refers to system_swm190.o(.data) for .data
    startup_swm190.o(RESET) refers to startup_swm190.o(STACK) for __initial_sp
    startup_swm190.o(RESET) refers to startup_swm190.o(.text) for Reset_Handler
    startup_swm190.o(.text) refers to entry.o(.ARM.Collect$$$$00000000) for __main
    entry.o(.ARM.Collect$$$$00000000) refers (Special) to entry10a.o(.ARM.Collect$$$$0000000F) for __rt_final_cpp
    entry.o(.ARM.Collect$$$$00000000) refers (Special) to entry11a.o(.ARM.Collect$$$$00000011) for __rt_final_exit
    entry.o(.ARM.Collect$$$$00000000) refers (Special) to entry12b.o(.ARM.Collect$$$$0000000E) for __rt_lib_shutdown_fini
    entry.o(.ARM.Collect$$$$00000000) refers (Special) to entry7b.o(.ARM.Collect$$$$00000008) for _main_clock
    entry.o(.ARM.Collect$$$$00000000) refers (Special) to entry8b.o(.ARM.Collect$$$$0000000A) for _main_cpp_init
    entry.o(.ARM.Collect$$$$00000000) refers (Special) to entry9a.o(.ARM.Collect$$$$0000000B) for _main_init
    entry.o(.ARM.Collect$$$$00000000) refers (Special) to entry5.o(.ARM.Collect$$$$00000004) for _main_scatterload
    entry.o(.ARM.Collect$$$$00000000) refers (Special) to entry2.o(.ARM.Collect$$$$00000001) for _main_stk
    printfb.o(i.__0fprintf$bare) refers to printfb.o(i._printf_core) for _printf_core
    printfb.o(i.__0fprintf$bare) refers to main.o(.text) for fputc
    printfb.o(i.__0printf$bare) refers to printfb.o(i._printf_core) for _printf_core
    printfb.o(i.__0printf$bare) refers to main.o(.text) for fputc
    printfb.o(i.__0printf$bare) refers to stdout.o(.data) for __stdout
    printfb.o(i.__0snprintf$bare) refers to printfb.o(i._printf_core) for _printf_core
    printfb.o(i.__0snprintf$bare) refers to printfb.o(i._snputc) for _snputc
    printfb.o(i.__0sprintf$bare) refers to printfb.o(i._printf_core) for _printf_core
    printfb.o(i.__0sprintf$bare) refers to printfb.o(i._sputc) for _sputc
    printfb.o(i.__0vfprintf$bare) refers to printfb.o(i._printf_core) for _printf_core
    printfb.o(i.__0vfprintf$bare) refers to main.o(.text) for fputc
    printfb.o(i.__0vprintf$bare) refers to printfb.o(i._printf_core) for _printf_core
    printfb.o(i.__0vprintf$bare) refers to main.o(.text) for fputc
    printfb.o(i.__0vprintf$bare) refers to stdout.o(.data) for __stdout
    printfb.o(i.__0vsnprintf$bare) refers to printfb.o(i._printf_core) for _printf_core
    printfb.o(i.__0vsnprintf$bare) refers to printfb.o(i._snputc) for _snputc
    printfb.o(i.__0vsprintf$bare) refers to printfb.o(i._printf_core) for _printf_core
    printfb.o(i.__0vsprintf$bare) refers to printfb.o(i._sputc) for _sputc
    printf0.o(i.__0fprintf$0) refers to printf0.o(i._printf_core) for _printf_core
    printf0.o(i.__0fprintf$0) refers to main.o(.text) for fputc
    printf0.o(i.__0printf$0) refers to printf0.o(i._printf_core) for _printf_core
    printf0.o(i.__0printf$0) refers to main.o(.text) for fputc
    printf0.o(i.__0printf$0) refers to stdout.o(.data) for __stdout
    printf0.o(i.__0snprintf$0) refers to printf0.o(i._printf_core) for _printf_core
    printf0.o(i.__0snprintf$0) refers to printf0.o(i._snputc) for _snputc
    printf0.o(i.__0sprintf$0) refers to printf0.o(i._printf_core) for _printf_core
    printf0.o(i.__0sprintf$0) refers to printf0.o(i._sputc) for _sputc
    printf0.o(i.__0vfprintf$0) refers to printf0.o(i._printf_core) for _printf_core
    printf0.o(i.__0vfprintf$0) refers to main.o(.text) for fputc
    printf0.o(i.__0vprintf$0) refers to printf0.o(i._printf_core) for _printf_core
    printf0.o(i.__0vprintf$0) refers to main.o(.text) for fputc
    printf0.o(i.__0vprintf$0) refers to stdout.o(.data) for __stdout
    printf0.o(i.__0vsnprintf$0) refers to printf0.o(i._printf_core) for _printf_core
    printf0.o(i.__0vsnprintf$0) refers to printf0.o(i._snputc) for _snputc
    printf0.o(i.__0vsprintf$0) refers to printf0.o(i._printf_core) for _printf_core
    printf0.o(i.__0vsprintf$0) refers to printf0.o(i._sputc) for _sputc
    printf1.o(i.__0fprintf$1) refers to printf1.o(i._printf_core) for _printf_core
    printf1.o(i.__0fprintf$1) refers to main.o(.text) for fputc
    printf1.o(i.__0printf$1) refers to printf1.o(i._printf_core) for _printf_core
    printf1.o(i.__0printf$1) refers to main.o(.text) for fputc
    printf1.o(i.__0printf$1) refers to stdout.o(.data) for __stdout
    printf1.o(i.__0snprintf$1) refers to printf1.o(i._printf_core) for _printf_core
    printf1.o(i.__0snprintf$1) refers to printf1.o(i._snputc) for _snputc
    printf1.o(i.__0sprintf$1) refers to printf1.o(i._printf_core) for _printf_core
    printf1.o(i.__0sprintf$1) refers to printf1.o(i._sputc) for _sputc
    printf1.o(i.__0vfprintf$1) refers to printf1.o(i._printf_core) for _printf_core
    printf1.o(i.__0vfprintf$1) refers to main.o(.text) for fputc
    printf1.o(i.__0vprintf$1) refers to printf1.o(i._printf_core) for _printf_core
    printf1.o(i.__0vprintf$1) refers to main.o(.text) for fputc
    printf1.o(i.__0vprintf$1) refers to stdout.o(.data) for __stdout
    printf1.o(i.__0vsnprintf$1) refers to printf1.o(i._printf_core) for _printf_core
    printf1.o(i.__0vsnprintf$1) refers to printf1.o(i._snputc) for _snputc
    printf1.o(i.__0vsprintf$1) refers to printf1.o(i._printf_core) for _printf_core
    printf1.o(i.__0vsprintf$1) refers to printf1.o(i._sputc) for _sputc
    printf1.o(i._printf_core) refers to uidiv.o(.text) for __aeabi_uidivmod
    printf2.o(i.__0fprintf$2) refers to printf2.o(i._printf_core) for _printf_core
    printf2.o(i.__0fprintf$2) refers to main.o(.text) for fputc
    printf2.o(i.__0printf$2) refers to printf2.o(i._printf_core) for _printf_core
    printf2.o(i.__0printf$2) refers to main.o(.text) for fputc
    printf2.o(i.__0printf$2) refers to stdout.o(.data) for __stdout
    printf2.o(i.__0snprintf$2) refers to printf2.o(i._printf_core) for _printf_core
    printf2.o(i.__0snprintf$2) refers to printf2.o(i._snputc) for _snputc
    printf2.o(i.__0sprintf$2) refers to printf2.o(i._printf_core) for _printf_core
    printf2.o(i.__0sprintf$2) refers to printf2.o(i._sputc) for _sputc
    printf2.o(i.__0vfprintf$2) refers to printf2.o(i._printf_core) for _printf_core
    printf2.o(i.__0vfprintf$2) refers to main.o(.text) for fputc
    printf2.o(i.__0vprintf$2) refers to printf2.o(i._printf_core) for _printf_core
    printf2.o(i.__0vprintf$2) refers to main.o(.text) for fputc
    printf2.o(i.__0vprintf$2) refers to stdout.o(.data) for __stdout
    printf2.o(i.__0vsnprintf$2) refers to printf2.o(i._printf_core) for _printf_core
    printf2.o(i.__0vsnprintf$2) refers to printf2.o(i._snputc) for _snputc
    printf2.o(i.__0vsprintf$2) refers to printf2.o(i._printf_core) for _printf_core
    printf2.o(i.__0vsprintf$2) refers to printf2.o(i._sputc) for _sputc
    printf3.o(i.__0fprintf$3) refers to printf3.o(i._printf_core) for _printf_core
    printf3.o(i.__0fprintf$3) refers to main.o(.text) for fputc
    printf3.o(i.__0printf$3) refers to printf3.o(i._printf_core) for _printf_core
    printf3.o(i.__0printf$3) refers to main.o(.text) for fputc
    printf3.o(i.__0printf$3) refers to stdout.o(.data) for __stdout
    printf3.o(i.__0snprintf$3) refers to printf3.o(i._printf_core) for _printf_core
    printf3.o(i.__0snprintf$3) refers to printf3.o(i._snputc) for _snputc
    printf3.o(i.__0sprintf$3) refers to printf3.o(i._printf_core) for _printf_core
    printf3.o(i.__0sprintf$3) refers to printf3.o(i._sputc) for _sputc
    printf3.o(i.__0vfprintf$3) refers to printf3.o(i._printf_core) for _printf_core
    printf3.o(i.__0vfprintf$3) refers to main.o(.text) for fputc
    printf3.o(i.__0vprintf$3) refers to printf3.o(i._printf_core) for _printf_core
    printf3.o(i.__0vprintf$3) refers to main.o(.text) for fputc
    printf3.o(i.__0vprintf$3) refers to stdout.o(.data) for __stdout
    printf3.o(i.__0vsnprintf$3) refers to printf3.o(i._printf_core) for _printf_core
    printf3.o(i.__0vsnprintf$3) refers to printf3.o(i._snputc) for _snputc
    printf3.o(i.__0vsprintf$3) refers to printf3.o(i._printf_core) for _printf_core
    printf3.o(i.__0vsprintf$3) refers to printf3.o(i._sputc) for _sputc
    printf3.o(i._printf_core) refers to uidiv.o(.text) for __aeabi_uidivmod
    printf4.o(i.__0fprintf$4) refers to printf4.o(i._printf_core) for _printf_core
    printf4.o(i.__0fprintf$4) refers to main.o(.text) for fputc
    printf4.o(i.__0printf$4) refers to printf4.o(i._printf_core) for _printf_core
    printf4.o(i.__0printf$4) refers to main.o(.text) for fputc
    printf4.o(i.__0printf$4) refers to stdout.o(.data) for __stdout
    printf4.o(i.__0snprintf$4) refers to printf4.o(i._printf_core) for _printf_core
    printf4.o(i.__0snprintf$4) refers to printf4.o(i._snputc) for _snputc
    printf4.o(i.__0sprintf$4) refers to printf4.o(i._printf_core) for _printf_core
    printf4.o(i.__0sprintf$4) refers to printf4.o(i._sputc) for _sputc
    printf4.o(i.__0vfprintf$4) refers to printf4.o(i._printf_core) for _printf_core
    printf4.o(i.__0vfprintf$4) refers to main.o(.text) for fputc
    printf4.o(i.__0vprintf$4) refers to printf4.o(i._printf_core) for _printf_core
    printf4.o(i.__0vprintf$4) refers to main.o(.text) for fputc
    printf4.o(i.__0vprintf$4) refers to stdout.o(.data) for __stdout
    printf4.o(i.__0vsnprintf$4) refers to printf4.o(i._printf_core) for _printf_core
    printf4.o(i.__0vsnprintf$4) refers to printf4.o(i._snputc) for _snputc
    printf4.o(i.__0vsprintf$4) refers to printf4.o(i._printf_core) for _printf_core
    printf4.o(i.__0vsprintf$4) refers to printf4.o(i._sputc) for _sputc
    printf4.o(i._printf_core) refers to uldiv.o(.text) for __aeabi_uldivmod
    printf5.o(i.__0fprintf$5) refers to printf5.o(i._printf_core) for _printf_core
    printf5.o(i.__0fprintf$5) refers to main.o(.text) for fputc
    printf5.o(i.__0printf$5) refers to printf5.o(i._printf_core) for _printf_core
    printf5.o(i.__0printf$5) refers to main.o(.text) for fputc
    printf5.o(i.__0printf$5) refers to stdout.o(.data) for __stdout
    printf5.o(i.__0snprintf$5) refers to printf5.o(i._printf_core) for _printf_core
    printf5.o(i.__0snprintf$5) refers to printf5.o(i._snputc) for _snputc
    printf5.o(i.__0sprintf$5) refers to printf5.o(i._printf_core) for _printf_core
    printf5.o(i.__0sprintf$5) refers to printf5.o(i._sputc) for _sputc
    printf5.o(i.__0vfprintf$5) refers to printf5.o(i._printf_core) for _printf_core
    printf5.o(i.__0vfprintf$5) refers to main.o(.text) for fputc
    printf5.o(i.__0vprintf$5) refers to printf5.o(i._printf_core) for _printf_core
    printf5.o(i.__0vprintf$5) refers to main.o(.text) for fputc
    printf5.o(i.__0vprintf$5) refers to stdout.o(.data) for __stdout
    printf5.o(i.__0vsnprintf$5) refers to printf5.o(i._printf_core) for _printf_core
    printf5.o(i.__0vsnprintf$5) refers to printf5.o(i._snputc) for _snputc
    printf5.o(i.__0vsprintf$5) refers to printf5.o(i._printf_core) for _printf_core
    printf5.o(i.__0vsprintf$5) refers to printf5.o(i._sputc) for _sputc
    printf5.o(i._printf_core) refers to uldiv.o(.text) for __aeabi_uldivmod
    printf6.o(i.__0fprintf$6) refers to printf6.o(i._printf_core) for _printf_core
    printf6.o(i.__0fprintf$6) refers to main.o(.text) for fputc
    printf6.o(i.__0printf$6) refers to printf6.o(i._printf_core) for _printf_core
    printf6.o(i.__0printf$6) refers to main.o(.text) for fputc
    printf6.o(i.__0printf$6) refers to stdout.o(.data) for __stdout
    printf6.o(i.__0snprintf$6) refers to printf6.o(i._printf_core) for _printf_core
    printf6.o(i.__0snprintf$6) refers to printf6.o(i._snputc) for _snputc
    printf6.o(i.__0sprintf$6) refers to printf6.o(i._printf_core) for _printf_core
    printf6.o(i.__0sprintf$6) refers to printf6.o(i._sputc) for _sputc
    printf6.o(i.__0vfprintf$6) refers to printf6.o(i._printf_core) for _printf_core
    printf6.o(i.__0vfprintf$6) refers to main.o(.text) for fputc
    printf6.o(i.__0vprintf$6) refers to printf6.o(i._printf_core) for _printf_core
    printf6.o(i.__0vprintf$6) refers to main.o(.text) for fputc
    printf6.o(i.__0vprintf$6) refers to stdout.o(.data) for __stdout
    printf6.o(i.__0vsnprintf$6) refers to printf6.o(i._printf_core) for _printf_core
    printf6.o(i.__0vsnprintf$6) refers to printf6.o(i._snputc) for _snputc
    printf6.o(i.__0vsprintf$6) refers to printf6.o(i._printf_core) for _printf_core
    printf6.o(i.__0vsprintf$6) refers to printf6.o(i._sputc) for _sputc
    printf6.o(i._printf_core) refers to printf6.o(i._printf_pre_padding) for _printf_pre_padding
    printf6.o(i._printf_core) refers to printf6.o(i._printf_post_padding) for _printf_post_padding
    printf6.o(i._printf_core) refers to uidiv.o(.text) for __aeabi_uidivmod
    printf7.o(i.__0fprintf$7) refers to printf7.o(i._printf_core) for _printf_core
    printf7.o(i.__0fprintf$7) refers to main.o(.text) for fputc
    printf7.o(i.__0printf$7) refers to printf7.o(i._printf_core) for _printf_core
    printf7.o(i.__0printf$7) refers to main.o(.text) for fputc
    printf7.o(i.__0printf$7) refers to stdout.o(.data) for __stdout
    printf7.o(i.__0snprintf$7) refers to printf7.o(i._printf_core) for _printf_core
    printf7.o(i.__0snprintf$7) refers to printf7.o(i._snputc) for _snputc
    printf7.o(i.__0sprintf$7) refers to printf7.o(i._printf_core) for _printf_core
    printf7.o(i.__0sprintf$7) refers to printf7.o(i._sputc) for _sputc
    printf7.o(i.__0vfprintf$7) refers to printf7.o(i._printf_core) for _printf_core
    printf7.o(i.__0vfprintf$7) refers to main.o(.text) for fputc
    printf7.o(i.__0vprintf$7) refers to printf7.o(i._printf_core) for _printf_core
    printf7.o(i.__0vprintf$7) refers to main.o(.text) for fputc
    printf7.o(i.__0vprintf$7) refers to stdout.o(.data) for __stdout
    printf7.o(i.__0vsnprintf$7) refers to printf7.o(i._printf_core) for _printf_core
    printf7.o(i.__0vsnprintf$7) refers to printf7.o(i._snputc) for _snputc
    printf7.o(i.__0vsprintf$7) refers to printf7.o(i._printf_core) for _printf_core
    printf7.o(i.__0vsprintf$7) refers to printf7.o(i._sputc) for _sputc
    printf7.o(i._printf_core) refers to printf7.o(i._printf_pre_padding) for _printf_pre_padding
    printf7.o(i._printf_core) refers to printf7.o(i._printf_post_padding) for _printf_post_padding
    printf7.o(i._printf_core) refers to uldiv.o(.text) for __aeabi_uldivmod
    printf8.o(i.__0fprintf$8) refers to printf8.o(i._printf_core) for _printf_core
    printf8.o(i.__0fprintf$8) refers to main.o(.text) for fputc
    printf8.o(i.__0printf$8) refers to printf8.o(i._printf_core) for _printf_core
    printf8.o(i.__0printf$8) refers to main.o(.text) for fputc
    printf8.o(i.__0printf$8) refers to stdout.o(.data) for __stdout
    printf8.o(i.__0snprintf$8) refers to printf8.o(i._printf_core) for _printf_core
    printf8.o(i.__0snprintf$8) refers to printf8.o(i._snputc) for _snputc
    printf8.o(i.__0sprintf$8) refers to printf8.o(i._printf_core) for _printf_core
    printf8.o(i.__0sprintf$8) refers to printf8.o(i._sputc) for _sputc
    printf8.o(i.__0vfprintf$8) refers to printf8.o(i._printf_core) for _printf_core
    printf8.o(i.__0vfprintf$8) refers to main.o(.text) for fputc
    printf8.o(i.__0vprintf$8) refers to printf8.o(i._printf_core) for _printf_core
    printf8.o(i.__0vprintf$8) refers to main.o(.text) for fputc
    printf8.o(i.__0vprintf$8) refers to stdout.o(.data) for __stdout
    printf8.o(i.__0vsnprintf$8) refers to printf8.o(i._printf_core) for _printf_core
    printf8.o(i.__0vsnprintf$8) refers to printf8.o(i._snputc) for _snputc
    printf8.o(i.__0vsprintf$8) refers to printf8.o(i._printf_core) for _printf_core
    printf8.o(i.__0vsprintf$8) refers to printf8.o(i._sputc) for _sputc
    printf8.o(i._printf_core) refers to printf8.o(i._printf_pre_padding) for _printf_pre_padding
    printf8.o(i._printf_core) refers to printf8.o(i._printf_post_padding) for _printf_post_padding
    printf8.o(i._printf_core) refers to uldiv.o(.text) for __aeabi_uldivmod
    printfa.o(i.__0fprintf) refers (Special) to iusefp.o(.text) for __I$use$fp
    printfa.o(i.__0fprintf) refers to printfa.o(i._printf_core) for _printf_core
    printfa.o(i.__0fprintf) refers to main.o(.text) for fputc
    printfa.o(i.__0printf) refers (Special) to iusefp.o(.text) for __I$use$fp
    printfa.o(i.__0printf) refers to printfa.o(i._printf_core) for _printf_core
    printfa.o(i.__0printf) refers to main.o(.text) for fputc
    printfa.o(i.__0printf) refers to stdout.o(.data) for __stdout
    printfa.o(i.__0snprintf) refers (Special) to iusefp.o(.text) for __I$use$fp
    printfa.o(i.__0snprintf) refers to printfa.o(i._printf_core) for _printf_core
    printfa.o(i.__0snprintf) refers to printfa.o(i._snputc) for _snputc
    printfa.o(i.__0sprintf) refers (Special) to iusefp.o(.text) for __I$use$fp
    printfa.o(i.__0sprintf) refers to printfa.o(i._printf_core) for _printf_core
    printfa.o(i.__0sprintf) refers to printfa.o(i._sputc) for _sputc
    printfa.o(i.__0vfprintf) refers (Special) to iusefp.o(.text) for __I$use$fp
    printfa.o(i.__0vfprintf) refers to printfa.o(i._printf_core) for _printf_core
    printfa.o(i.__0vfprintf) refers to main.o(.text) for fputc
    printfa.o(i.__0vprintf) refers (Special) to iusefp.o(.text) for __I$use$fp
    printfa.o(i.__0vprintf) refers to printfa.o(i._printf_core) for _printf_core
    printfa.o(i.__0vprintf) refers to main.o(.text) for fputc
    printfa.o(i.__0vprintf) refers to stdout.o(.data) for __stdout
    printfa.o(i.__0vsnprintf) refers (Special) to iusefp.o(.text) for __I$use$fp
    printfa.o(i.__0vsnprintf) refers to printfa.o(i._printf_core) for _printf_core
    printfa.o(i.__0vsnprintf) refers to printfa.o(i._snputc) for _snputc
    printfa.o(i.__0vsprintf) refers (Special) to iusefp.o(.text) for __I$use$fp
    printfa.o(i.__0vsprintf) refers to printfa.o(i._printf_core) for _printf_core
    printfa.o(i.__0vsprintf) refers to printfa.o(i._sputc) for _sputc
    printfa.o(i._fp_digits) refers (Special) to iusefp.o(.text) for __I$use$fp
    printfa.o(i._fp_digits) refers to dmul.o(.text) for __aeabi_dmul
    printfa.o(i._fp_digits) refers to ddiv.o(.text) for __aeabi_ddiv
    printfa.o(i._fp_digits) refers to cdrcmple.o(.text) for __aeabi_cdrcmple
    printfa.o(i._fp_digits) refers to dadd.o(.text) for __aeabi_dadd
    printfa.o(i._fp_digits) refers to dfixul.o(.text) for __aeabi_d2ulz
    printfa.o(i._fp_digits) refers to uldiv.o(.text) for __aeabi_uldivmod
    printfa.o(i._printf_core) refers (Special) to iusefp.o(.text) for __I$use$fp
    printfa.o(i._printf_core) refers to printfa.o(i._printf_pre_padding) for _printf_pre_padding
    printfa.o(i._printf_core) refers to uldiv.o(.text) for __aeabi_uldivmod
    printfa.o(i._printf_core) refers to printfa.o(i._printf_post_padding) for _printf_post_padding
    printfa.o(i._printf_core) refers to printfa.o(i._fp_digits) for _fp_digits
    printfa.o(i._printf_core) refers to uidiv.o(.text) for __aeabi_uidivmod
    printfa.o(i._printf_post_padding) refers (Special) to iusefp.o(.text) for __I$use$fp
    printfa.o(i._printf_pre_padding) refers (Special) to iusefp.o(.text) for __I$use$fp
    printfa.o(i._snputc) refers (Special) to iusefp.o(.text) for __I$use$fp
    printfa.o(i._sputc) refers (Special) to iusefp.o(.text) for __I$use$fp
    entry2.o(.ARM.Collect$$$$00000001) refers to entry2.o(.ARM.Collect$$$$00002712) for __lit__00000000
    entry2.o(.ARM.Collect$$$$00002712) refers to startup_swm190.o(STACK) for __initial_sp
    entry2.o(__vectab_stack_and_reset_area) refers to startup_swm190.o(STACK) for __initial_sp
    entry2.o(__vectab_stack_and_reset_area) refers to entry.o(.ARM.Collect$$$$00000000) for __main
    entry5.o(.ARM.Collect$$$$00000004) refers to init.o(.text) for __scatterload
    entry9a.o(.ARM.Collect$$$$0000000B) refers to main.o(.text) for main
    entry9b.o(.ARM.Collect$$$$0000000C) refers to main.o(.text) for main
    uldiv.o(.text) refers to llushr.o(.text) for __aeabi_llsr
    uldiv.o(.text) refers to llshl.o(.text) for __aeabi_llsl
    dadd.o(.text) refers to llshl.o(.text) for __aeabi_llsl
    dadd.o(.text) refers to llsshr.o(.text) for __aeabi_lasr
    dadd.o(.text) refers to depilogue.o(.text) for _double_epilogue
    dmul.o(.text) refers to depilogue.o(.text) for _double_epilogue
    ddiv.o(.text) refers to depilogue.o(.text) for _double_round
    dfixul.o(.text) refers to llushr.o(.text) for __aeabi_llsr
    dfixul.o(.text) refers to llshl.o(.text) for __aeabi_llsl
    init.o(.text) refers to entry5.o(.ARM.Collect$$$$00000004) for __main_after_scatterload
    depilogue.o(.text) refers to depilogue.o(i.__ARM_clz) for __ARM_clz
    depilogue.o(.text) refers to llshl.o(.text) for __aeabi_llsl
    depilogue.o(.text) refers to llushr.o(.text) for __aeabi_llsr


==============================================================================

Removing Unused input sections from the image.

    Removing main.o(.rev16_text), (4 bytes).
    Removing main.o(.revsh_text), (4 bytes).
    Removing swm190_adc.o(.rev16_text), (4 bytes).
    Removing swm190_adc.o(.revsh_text), (4 bytes).
    Removing swm190_adc.o(.text), (692 bytes).
    Removing swm190_exti.o(.rev16_text), (4 bytes).
    Removing swm190_exti.o(.revsh_text), (4 bytes).
    Removing swm190_exti.o(.text), (150 bytes).
    Removing swm190_gpio.o(.rev16_text), (4 bytes).
    Removing swm190_gpio.o(.revsh_text), (4 bytes).
    Removing swm190_gpio.o(.text), (468 bytes).
    Removing swm190_i2c.o(.rev16_text), (4 bytes).
    Removing swm190_i2c.o(.revsh_text), (4 bytes).
    Removing swm190_i2c.o(.text), (576 bytes).
    Removing swm190_pwm.o(.rev16_text), (4 bytes).
    Removing swm190_pwm.o(.revsh_text), (4 bytes).
    Removing swm190_pwm.o(.text), (2708 bytes).
    Removing swm190_pwm.o(.data), (32 bytes).
    Removing swm190_timr.o(.rev16_text), (4 bytes).
    Removing swm190_timr.o(.revsh_text), (4 bytes).
    Removing swm190_timr.o(.text), (1048 bytes).
    Removing swm190_uart.o(.rev16_text), (4 bytes).
    Removing swm190_uart.o(.revsh_text), (4 bytes).
    Removing swm190_wdt.o(.rev16_text), (4 bytes).
    Removing swm190_wdt.o(.revsh_text), (4 bytes).
    Removing swm190_dma.o(.rev16_text), (4 bytes).
    Removing swm190_dma.o(.revsh_text), (4 bytes).
    Removing swm190_dma.o(.text), (272 bytes).
    Removing swm190_flash.o(.rev16_text), (4 bytes).
    Removing swm190_flash.o(.revsh_text), (4 bytes).
    Removing swm190_flash.o(.text), (220 bytes).
    Removing swm190_port.o(.rev16_text), (4 bytes).
    Removing swm190_port.o(.revsh_text), (4 bytes).
    Removing swm190_spi.o(.rev16_text), (4 bytes).
    Removing swm190_spi.o(.revsh_text), (4 bytes).
    Removing swm190_spi.o(.text), (1040 bytes).
    Removing swm190_rtc.o(.rev16_text), (4 bytes).
    Removing swm190_rtc.o(.revsh_text), (4 bytes).
    Removing swm190_rtc.o(.text), (644 bytes).
    Removing swm190_rtc.o(.constdata), (52 bytes).
    Removing system_swm190.o(.rev16_text), (4 bytes).
    Removing system_swm190.o(.revsh_text), (4 bytes).
    Removing startup_swm190.o(HEAP), (0 bytes).
    Removing dadd.o(.text), (360 bytes).
    Removing dmul.o(.text), (208 bytes).
    Removing ddiv.o(.text), (240 bytes).
    Removing dfixul.o(.text), (64 bytes).
    Removing cdrcmple.o(.text), (40 bytes).
    Removing depilogue.o(.text), (190 bytes).
    Removing depilogue.o(i.__ARM_clz), (46 bytes).

50 unused section(s) (total 9170 bytes) removed from the image.

==============================================================================

Image Symbol Table

    Local Symbols

    Symbol Name                              Value     Ov Type        Size  Object(Section)

    RESET                                    0x00000000   Section      256  startup_swm190.o(RESET)
    ../clib/microlib/division.c              0x00000000   Number         0  uidiv.o ABSOLUTE
    ../clib/microlib/division.c              0x00000000   Number         0  uldiv.o ABSOLUTE
    ../clib/microlib/init/entry.s            0x00000000   Number         0  entry10a.o ABSOLUTE
    ../clib/microlib/init/entry.s            0x00000000   Number         0  entry2.o ABSOLUTE
    ../clib/microlib/init/entry.s            0x00000000   Number         0  entry9b.o ABSOLUTE
    ../clib/microlib/init/entry.s            0x00000000   Number         0  entry9a.o ABSOLUTE
    ../clib/microlib/init/entry.s            0x00000000   Number         0  entry8b.o ABSOLUTE
    ../clib/microlib/init/entry.s            0x00000000   Number         0  entry8a.o ABSOLUTE
    ../clib/microlib/init/entry.s            0x00000000   Number         0  entry7b.o ABSOLUTE
    ../clib/microlib/init/entry.s            0x00000000   Number         0  entry7a.o ABSOLUTE
    ../clib/microlib/init/entry.s            0x00000000   Number         0  entry5.o ABSOLUTE
    ../clib/microlib/init/entry.s            0x00000000   Number         0  entry12b.o ABSOLUTE
    ../clib/microlib/init/entry.s            0x00000000   Number         0  entry12a.o ABSOLUTE
    ../clib/microlib/init/entry.s            0x00000000   Number         0  entry11b.o ABSOLUTE
    ../clib/microlib/init/entry.s            0x00000000   Number         0  entry11a.o ABSOLUTE
    ../clib/microlib/init/entry.s            0x00000000   Number         0  entry10b.o ABSOLUTE
    ../clib/microlib/init/entry.s            0x00000000   Number         0  entry.o ABSOLUTE
    ../clib/microlib/longlong.c              0x00000000   Number         0  llsshr.o ABSOLUTE
    ../clib/microlib/longlong.c              0x00000000   Number         0  llushr.o ABSOLUTE
    ../clib/microlib/longlong.c              0x00000000   Number         0  llshl.o ABSOLUTE
    ../clib/microlib/printf/printf.c         0x00000000   Number         0  printf7.o ABSOLUTE
    ../clib/microlib/printf/printf.c         0x00000000   Number         0  printf6.o ABSOLUTE
    ../clib/microlib/printf/printf.c         0x00000000   Number         0  printf5.o ABSOLUTE
    ../clib/microlib/printf/printf.c         0x00000000   Number         0  printf3.o ABSOLUTE
    ../clib/microlib/printf/printf.c         0x00000000   Number         0  printf4.o ABSOLUTE
    ../clib/microlib/printf/printf.c         0x00000000   Number         0  printf1.o ABSOLUTE
    ../clib/microlib/printf/printf.c         0x00000000   Number         0  printf0.o ABSOLUTE
    ../clib/microlib/printf/printf.c         0x00000000   Number         0  printfb.o ABSOLUTE
    ../clib/microlib/printf/printf.c         0x00000000   Number         0  printf8.o ABSOLUTE
    ../clib/microlib/printf/printf.c         0x00000000   Number         0  printf2.o ABSOLUTE
    ../clib/microlib/printf/printf.c         0x00000000   Number         0  printfa.o ABSOLUTE
    ../clib/microlib/stdio/streams.c         0x00000000   Number         0  stdout.o ABSOLUTE
    ../clib/microlib/string/memcpy.c         0x00000000   Number         0  memcpyb.o ABSOLUTE
    ../clib/microlib/string/memcpy.c         0x00000000   Number         0  memcpya.o ABSOLUTE
    ../clib/microlib/stubs.s                 0x00000000   Number         0  iusefp.o ABSOLUTE
    ../fplib/microlib/fpadd.c                0x00000000   Number         0  dadd.o ABSOLUTE
    ../fplib/microlib/fpdiv.c                0x00000000   Number         0  ddiv.o ABSOLUTE
    ../fplib/microlib/fpepilogue.c           0x00000000   Number         0  depilogue.o ABSOLUTE
    ../fplib/microlib/fpfix.c                0x00000000   Number         0  dfixul.o ABSOLUTE
    ../fplib/microlib/fpmul.c                0x00000000   Number         0  dmul.o ABSOLUTE
    ..\..\SWM190_StdPeriph_Driver\CSL\CMSIS\DeviceSupport\startup\arm\startup_SWM190.s 0x00000000   Number         0  startup_swm190.o ABSOLUTE
    ..\..\SWM190_StdPeriph_Driver\CSL\CMSIS\DeviceSupport\system_SWM190.c 0x00000000   Number         0  system_swm190.o ABSOLUTE
    ..\..\SWM190_StdPeriph_Driver\CSL\SWM190_StdPeriph_Driver\SWM190_adc.c 0x00000000   Number         0  swm190_adc.o ABSOLUTE
    ..\..\SWM190_StdPeriph_Driver\CSL\SWM190_StdPeriph_Driver\SWM190_dma.c 0x00000000   Number         0  swm190_dma.o ABSOLUTE
    ..\..\SWM190_StdPeriph_Driver\CSL\SWM190_StdPeriph_Driver\SWM190_exti.c 0x00000000   Number         0  swm190_exti.o ABSOLUTE
    ..\..\SWM190_StdPeriph_Driver\CSL\SWM190_StdPeriph_Driver\SWM190_flash.c 0x00000000   Number         0  swm190_flash.o ABSOLUTE
    ..\..\SWM190_StdPeriph_Driver\CSL\SWM190_StdPeriph_Driver\SWM190_gpio.c 0x00000000   Number         0  swm190_gpio.o ABSOLUTE
    ..\..\SWM190_StdPeriph_Driver\CSL\SWM190_StdPeriph_Driver\SWM190_i2c.c 0x00000000   Number         0  swm190_i2c.o ABSOLUTE
    ..\..\SWM190_StdPeriph_Driver\CSL\SWM190_StdPeriph_Driver\SWM190_port.c 0x00000000   Number         0  swm190_port.o ABSOLUTE
    ..\..\SWM190_StdPeriph_Driver\CSL\SWM190_StdPeriph_Driver\SWM190_pwm.c 0x00000000   Number         0  swm190_pwm.o ABSOLUTE
    ..\..\SWM190_StdPeriph_Driver\CSL\SWM190_StdPeriph_Driver\SWM190_rtc.c 0x00000000   Number         0  swm190_rtc.o ABSOLUTE
    ..\..\SWM190_StdPeriph_Driver\CSL\SWM190_StdPeriph_Driver\SWM190_spi.c 0x00000000   Number         0  swm190_spi.o ABSOLUTE
    ..\..\SWM190_StdPeriph_Driver\CSL\SWM190_StdPeriph_Driver\SWM190_timr.c 0x00000000   Number         0  swm190_timr.o ABSOLUTE
    ..\..\SWM190_StdPeriph_Driver\CSL\SWM190_StdPeriph_Driver\SWM190_uart.c 0x00000000   Number         0  swm190_uart.o ABSOLUTE
    ..\..\SWM190_StdPeriph_Driver\CSL\SWM190_StdPeriph_Driver\SWM190_wdt.c 0x00000000   Number         0  swm190_wdt.o ABSOLUTE
    ..\\..\\SWM190_StdPeriph_Driver\\CSL\\CMSIS\\DeviceSupport\\system_SWM190.c 0x00000000   Number         0  system_swm190.o ABSOLUTE
    ..\\..\\SWM190_StdPeriph_Driver\\CSL\\SWM190_StdPeriph_Driver\\SWM190_adc.c 0x00000000   Number         0  swm190_adc.o ABSOLUTE
    ..\\..\\SWM190_StdPeriph_Driver\\CSL\\SWM190_StdPeriph_Driver\\SWM190_dma.c 0x00000000   Number         0  swm190_dma.o ABSOLUTE
    ..\\..\\SWM190_StdPeriph_Driver\\CSL\\SWM190_StdPeriph_Driver\\SWM190_exti.c 0x00000000   Number         0  swm190_exti.o ABSOLUTE
    ..\\..\\SWM190_StdPeriph_Driver\\CSL\\SWM190_StdPeriph_Driver\\SWM190_flash.c 0x00000000   Number         0  swm190_flash.o ABSOLUTE
    ..\\..\\SWM190_StdPeriph_Driver\\CSL\\SWM190_StdPeriph_Driver\\SWM190_gpio.c 0x00000000   Number         0  swm190_gpio.o ABSOLUTE
    ..\\..\\SWM190_StdPeriph_Driver\\CSL\\SWM190_StdPeriph_Driver\\SWM190_i2c.c 0x00000000   Number         0  swm190_i2c.o ABSOLUTE
    ..\\..\\SWM190_StdPeriph_Driver\\CSL\\SWM190_StdPeriph_Driver\\SWM190_port.c 0x00000000   Number         0  swm190_port.o ABSOLUTE
    ..\\..\\SWM190_StdPeriph_Driver\\CSL\\SWM190_StdPeriph_Driver\\SWM190_pwm.c 0x00000000   Number         0  swm190_pwm.o ABSOLUTE
    ..\\..\\SWM190_StdPeriph_Driver\\CSL\\SWM190_StdPeriph_Driver\\SWM190_rtc.c 0x00000000   Number         0  swm190_rtc.o ABSOLUTE
    ..\\..\\SWM190_StdPeriph_Driver\\CSL\\SWM190_StdPeriph_Driver\\SWM190_spi.c 0x00000000   Number         0  swm190_spi.o ABSOLUTE
    ..\\..\\SWM190_StdPeriph_Driver\\CSL\\SWM190_StdPeriph_Driver\\SWM190_timr.c 0x00000000   Number         0  swm190_timr.o ABSOLUTE
    ..\\..\\SWM190_StdPeriph_Driver\\CSL\\SWM190_StdPeriph_Driver\\SWM190_uart.c 0x00000000   Number         0  swm190_uart.o ABSOLUTE
    ..\\..\\SWM190_StdPeriph_Driver\\CSL\\SWM190_StdPeriph_Driver\\SWM190_wdt.c 0x00000000   Number         0  swm190_wdt.o ABSOLUTE
    app\\main.c                              0x00000000   Number         0  main.o ABSOLUTE
    app\main.c                               0x00000000   Number         0  main.o ABSOLUTE
    cdrcmple.s                               0x00000000   Number         0  cdrcmple.o ABSOLUTE
    dc.s                                     0x00000000   Number         0  dc.o ABSOLUTE
    handlers.s                               0x00000000   Number         0  handlers.o ABSOLUTE
    init.s                                   0x00000000   Number         0  init.o ABSOLUTE
    .ARM.Collect$$$$00000000                 0x00000100   Section        0  entry.o(.ARM.Collect$$$$00000000)
    .ARM.Collect$$$$00000001                 0x00000100   Section        4  entry2.o(.ARM.Collect$$$$00000001)
    .ARM.Collect$$$$00000004                 0x00000104   Section        4  entry5.o(.ARM.Collect$$$$00000004)
    .ARM.Collect$$$$00000008                 0x00000108   Section        0  entry7b.o(.ARM.Collect$$$$00000008)
    .ARM.Collect$$$$0000000A                 0x00000108   Section        0  entry8b.o(.ARM.Collect$$$$0000000A)
    .ARM.Collect$$$$0000000B                 0x00000108   Section        8  entry9a.o(.ARM.Collect$$$$0000000B)
    .ARM.Collect$$$$0000000E                 0x00000110   Section        4  entry12b.o(.ARM.Collect$$$$0000000E)
    .ARM.Collect$$$$0000000F                 0x00000114   Section        0  entry10a.o(.ARM.Collect$$$$0000000F)
    .ARM.Collect$$$$00000011                 0x00000114   Section        0  entry11a.o(.ARM.Collect$$$$00000011)
    .ARM.Collect$$$$00002712                 0x00000114   Section        4  entry2.o(.ARM.Collect$$$$00002712)
    __lit__00000000                          0x00000114   Data           4  entry2.o(.ARM.Collect$$$$00002712)
    .text                                    0x00000118   Section        0  main.o(.text)
    .text                                    0x000001e4   Section        0  swm190_uart.o(.text)
    NVIC_EnableIRQ                           0x00000549   Thumb Code    14  swm190_uart.o(.text)
    NVIC_DisableIRQ                          0x00000557   Thumb Code    16  swm190_uart.o(.text)
    .text                                    0x0000057c   Section        0  swm190_wdt.o(.text)
    .text                                    0x000005fc   Section        0  swm190_port.o(.text)
    .text                                    0x0000064c   Section        0  system_swm190.o(.text)
    .text                                    0x000008f8   Section      132  startup_swm190.o(.text)
    .text                                    0x0000097c   Section        0  uidiv.o(.text)
    .text                                    0x000009a8   Section       36  init.o(.text)
    i.__0printf$bare                         0x000009cc   Section        0  printfb.o(i.__0printf$bare)
    i.__ARM_common_switch8                   0x000009e0   Section        0  system_swm190.o(i.__ARM_common_switch8)
    i.__scatterload_copy                     0x000009fa   Section       14  handlers.o(i.__scatterload_copy)
    i.__scatterload_null                     0x00000a08   Section        2  handlers.o(i.__scatterload_null)
    i.__scatterload_zeroinit                 0x00000a0a   Section       14  handlers.o(i.__scatterload_zeroinit)
    i._printf_core                           0x00000a18   Section        0  printfb.o(i._printf_core)
    _printf_core                             0x00000a19   Thumb Code    30  printfb.o(i._printf_core)
    .data                                    0x20000000   Section        8  system_swm190.o(.data)
    .data                                    0x20000008   Section        4  stdout.o(.data)
    STACK                                    0x20000010   Section     1024  startup_swm190.o(STACK)

    Global Symbols

    Symbol Name                              Value     Ov Type        Size  Object(Section)

    BuildAttributes$$THM_ISAv3M$S$PE$A:L22$X:L11$S22$IEEE1$IW$USESV6$~STKCKD$USESV7$~SHL$OSPACE$ROPI$EBA8$MICROLIB$REQ8$PRES8$EABIv2 0x00000000   Number         0  anon$$obj.o ABSOLUTE
    __ARM_use_no_argv                        0x00000000   Number         0  main.o ABSOLUTE
    __Vectors                                0x00000000   Data           4  startup_swm190.o(RESET)
    __arm_fini_                               - Undefined Weak Reference
    __cpp_initialize__aeabi_                  - Undefined Weak Reference
    __cxa_finalize                            - Undefined Weak Reference
    __decompress                              - Undefined Weak Reference
    _clock_init                               - Undefined Weak Reference
    _microlib_exit                            - Undefined Weak Reference
    __Vectors_End                            0x00000100   Data           0  startup_swm190.o(RESET)
    __Vectors_Size                           0x00000100   Number         0  startup_swm190.o ABSOLUTE
    __main                                   0x00000101   Thumb Code     0  entry.o(.ARM.Collect$$$$00000000)
    _main_stk                                0x00000101   Thumb Code     0  entry2.o(.ARM.Collect$$$$00000001)
    _main_scatterload                        0x00000105   Thumb Code     0  entry5.o(.ARM.Collect$$$$00000004)
    __main_after_scatterload                 0x00000109   Thumb Code     0  entry5.o(.ARM.Collect$$$$00000004)
    _main_clock                              0x00000109   Thumb Code     0  entry7b.o(.ARM.Collect$$$$00000008)
    _main_cpp_init                           0x00000109   Thumb Code     0  entry8b.o(.ARM.Collect$$$$0000000A)
    _main_init                               0x00000109   Thumb Code     0  entry9a.o(.ARM.Collect$$$$0000000B)
    __rt_lib_shutdown_fini                   0x00000111   Thumb Code     0  entry12b.o(.ARM.Collect$$$$0000000E)
    __rt_final_cpp                           0x00000115   Thumb Code     0  entry10a.o(.ARM.Collect$$$$0000000F)
    __rt_final_exit                          0x00000115   Thumb Code     0  entry11a.o(.ARM.Collect$$$$00000011)
    SerialInit                               0x00000119   Thumb Code    66  main.o(.text)
    main                                     0x0000015b   Thumb Code    68  main.o(.text)
    fputc                                    0x0000019f   Thumb Code    28  main.o(.text)
    UART_Close                               0x000001e5   Thumb Code    12  swm190_uart.o(.text)
    UART_Init                                0x000001f1   Thumb Code   366  swm190_uart.o(.text)
    UART_Open                                0x0000035f   Thumb Code    12  swm190_uart.o(.text)
    UART_WriteByte                           0x0000036b   Thumb Code     4  swm190_uart.o(.text)
    UART_ReadByte                            0x0000036f   Thumb Code    20  swm190_uart.o(.text)
    UART_IsTXBusy                            0x00000383   Thumb Code    32  swm190_uart.o(.text)
    UART_IsRXFIFOEmpty                       0x000003a3   Thumb Code    10  swm190_uart.o(.text)
    UART_IsTXFIFOFull                        0x000003ad   Thumb Code     8  swm190_uart.o(.text)
    UART_SetBaudrate                         0x000003b5   Thumb Code    34  swm190_uart.o(.text)
    UART_GetBaudrate                         0x000003d7   Thumb Code    26  swm190_uart.o(.text)
    UART_CTSConfig                           0x000003f1   Thumb Code    22  swm190_uart.o(.text)
    UART_CTSLineState                        0x00000407   Thumb Code     8  swm190_uart.o(.text)
    UART_RTSConfig                           0x0000040f   Thumb Code    28  swm190_uart.o(.text)
    UART_RTSLineState                        0x0000042b   Thumb Code     8  swm190_uart.o(.text)
    UART_LINConfig                           0x00000433   Thumb Code    22  swm190_uart.o(.text)
    UART_LINGenerate                         0x00000449   Thumb Code    10  swm190_uart.o(.text)
    UART_LINIsDetected                       0x00000453   Thumb Code     8  swm190_uart.o(.text)
    UART_LINIsGenerated                      0x0000045b   Thumb Code     8  swm190_uart.o(.text)
    UART_ABRStart                            0x00000463   Thumb Code    90  swm190_uart.o(.text)
    UART_ABRIsDone                           0x000004bd   Thumb Code    24  swm190_uart.o(.text)
    UART_INTRXThresholdEn                    0x000004d5   Thumb Code    10  swm190_uart.o(.text)
    UART_INTRXThresholdDis                   0x000004df   Thumb Code    10  swm190_uart.o(.text)
    UART_INTRXThresholdStat                  0x000004e9   Thumb Code     8  swm190_uart.o(.text)
    UART_INTTXThresholdEn                    0x000004f1   Thumb Code    10  swm190_uart.o(.text)
    UART_INTTXThresholdDis                   0x000004fb   Thumb Code    10  swm190_uart.o(.text)
    UART_INTTXThresholdStat                  0x00000505   Thumb Code     8  swm190_uart.o(.text)
    UART_INTTimeoutEn                        0x0000050d   Thumb Code    12  swm190_uart.o(.text)
    UART_INTTimeoutDis                       0x00000519   Thumb Code    12  swm190_uart.o(.text)
    UART_INTTimeoutStat                      0x00000525   Thumb Code     8  swm190_uart.o(.text)
    UART_INTTXDoneEn                         0x0000052d   Thumb Code    10  swm190_uart.o(.text)
    UART_INTTXDoneDis                        0x00000537   Thumb Code    10  swm190_uart.o(.text)
    UART_INTTXDoneStat                       0x00000541   Thumb Code     8  swm190_uart.o(.text)
    WDT_Stop                                 0x0000057d   Thumb Code    10  swm190_wdt.o(.text)
    WDT_Init                                 0x00000587   Thumb Code    88  swm190_wdt.o(.text)
    WDT_Start                                0x000005df   Thumb Code    10  swm190_wdt.o(.text)
    WDT_Feed                                 0x000005e9   Thumb Code     6  swm190_wdt.o(.text)
    WDT_INTClr                               0x000005ef   Thumb Code     6  swm190_wdt.o(.text)
    WDT_INTStat                              0x000005f5   Thumb Code     4  swm190_wdt.o(.text)
    PORT_Init                                0x000005fd   Thumb Code    80  swm190_port.o(.text)
    SystemCoreClockUpdate                    0x0000064d   Thumb Code   148  system_swm190.o(.text)
    switchTo24MHz                            0x000006e1   Thumb Code    16  system_swm190.o(.text)
    switchToXTAL_32K                         0x000006f1   Thumb Code    72  system_swm190.o(.text)
    switchTo32KHz                            0x00000739   Thumb Code    48  system_swm190.o(.text)
    PLLInit                                  0x00000769   Thumb Code    56  system_swm190.o(.text)
    switchToPLL                              0x000007a1   Thumb Code    64  system_swm190.o(.text)
    switchToXTAL                             0x000007e1   Thumb Code   110  system_swm190.o(.text)
    switchTo48MHz                            0x0000084f   Thumb Code    18  system_swm190.o(.text)
    switchTo6MHz                             0x00000861   Thumb Code    46  system_swm190.o(.text)
    switchTo3MHz                             0x0000088f   Thumb Code    46  system_swm190.o(.text)
    SystemInit                               0x000008bd   Thumb Code    24  system_swm190.o(.text)
    Reset_Handler                            0x000008f9   Thumb Code    54  startup_swm190.o(.text)
    NMI_Handler                              0x0000092f   Thumb Code     2  startup_swm190.o(.text)
    HardFault_Handler                        0x00000931   Thumb Code     2  startup_swm190.o(.text)
    SVC_Handler                              0x00000933   Thumb Code     2  startup_swm190.o(.text)
    PendSV_Handler                           0x00000935   Thumb Code     2  startup_swm190.o(.text)
    SysTick_Handler                          0x00000937   Thumb Code     2  startup_swm190.o(.text)
    GPIOA_Handler                            0x00000939   Thumb Code     2  startup_swm190.o(.text)
    GPIOA0_Handler                           0x0000093b   Thumb Code     2  startup_swm190.o(.text)
    UART0_Handler                            0x0000093d   Thumb Code     2  startup_swm190.o(.text)
    UART1_Handler                            0x0000093f   Thumb Code     2  startup_swm190.o(.text)
    SPI0_Handler                             0x00000941   Thumb Code     2  startup_swm190.o(.text)
    TIMR0_Handler                            0x00000943   Thumb Code     2  startup_swm190.o(.text)
    DMA_Handler                              0x00000945   Thumb Code     2  startup_swm190.o(.text)
    PWM0_Handler                             0x00000947   Thumb Code     2  startup_swm190.o(.text)
    BTIMR0_Handler                           0x00000949   Thumb Code     2  startup_swm190.o(.text)
    BTIMR3_Handler                           0x0000094b   Thumb Code     2  startup_swm190.o(.text)
    TIMR1_Handler                            0x0000094d   Thumb Code     2  startup_swm190.o(.text)
    WDT_Handler                              0x0000094f   Thumb Code     2  startup_swm190.o(.text)
    GPIOA4_Handler                           0x00000951   Thumb Code     2  startup_swm190.o(.text)
    I2C0_Handler                             0x00000953   Thumb Code     2  startup_swm190.o(.text)
    GPIOA5_Handler                           0x00000955   Thumb Code     2  startup_swm190.o(.text)
    BTIMR2_Handler                           0x00000957   Thumb Code     2  startup_swm190.o(.text)
    GPIOC_CORDIC_Handler                     0x00000959   Thumb Code     2  startup_swm190.o(.text)
    SPI1_BTIMR1_Handler                      0x0000095b   Thumb Code     2  startup_swm190.o(.text)
    GPIOB_BOD_Handler                        0x0000095d   Thumb Code     2  startup_swm190.o(.text)
    GPIOC4_ADC0_Handler                      0x0000095f   Thumb Code     2  startup_swm190.o(.text)
    GPIOD_RTC_Handler                        0x00000961   Thumb Code     2  startup_swm190.o(.text)
    XTAL_ACMP_Handler                        0x00000963   Thumb Code     2  startup_swm190.o(.text)
    UART2_GPIOB4_Handler                     0x00000965   Thumb Code     2  startup_swm190.o(.text)
    TIMR2_GPIOA15_Handler                    0x00000967   Thumb Code     2  startup_swm190.o(.text)
    TIMR3_HALL_Handler                       0x00000969   Thumb Code     2  startup_swm190.o(.text)
    GPIOC5_I2C1_Handler                      0x0000096b   Thumb Code     2  startup_swm190.o(.text)
    PWM1_GPIOB6_Handler                      0x0000096d   Thumb Code     2  startup_swm190.o(.text)
    UART3_GPIOB5_Handler                     0x0000096f   Thumb Code     2  startup_swm190.o(.text)
    PWM2_SFC_Handler                         0x00000971   Thumb Code     2  startup_swm190.o(.text)
    PWM3_CACHE_Handler                       0x00000973   Thumb Code     2  startup_swm190.o(.text)
    ADC1_GPIOA14_Handler                     0x00000975   Thumb Code     2  startup_swm190.o(.text)
    GPIOE_PWMHALT_Handler                    0x00000977   Thumb Code     2  startup_swm190.o(.text)
    __aeabi_uidiv                            0x0000097d   Thumb Code     0  uidiv.o(.text)
    __aeabi_uidivmod                         0x0000097d   Thumb Code    44  uidiv.o(.text)
    __scatterload                            0x000009a9   Thumb Code    28  init.o(.text)
    __scatterload_rt2                        0x000009a9   Thumb Code     0  init.o(.text)
    __0printf$bare                           0x000009cd   Thumb Code    12  printfb.o(i.__0printf$bare)
    __1printf$bare                           0x000009cd   Thumb Code     0  printfb.o(i.__0printf$bare)
    __2printf                                0x000009cd   Thumb Code     0  printfb.o(i.__0printf$bare)
    __ARM_common_switch8                     0x000009e1   Thumb Code    26  system_swm190.o(i.__ARM_common_switch8)
    __scatterload_copy                       0x000009fb   Thumb Code    14  handlers.o(i.__scatterload_copy)
    __scatterload_null                       0x00000a09   Thumb Code     2  handlers.o(i.__scatterload_null)
    __scatterload_zeroinit                   0x00000a0b   Thumb Code    14  handlers.o(i.__scatterload_zeroinit)
    Region$$Table$$Base                      0x00000a38   Number         0  anon$$obj.o(Region$$Table)
    Region$$Table$$Limit                     0x00000a58   Number         0  anon$$obj.o(Region$$Table)
    SystemCoreClock                          0x20000000   Data           4  system_swm190.o(.data)
    CyclesPerUs                              0x20000004   Data           4  system_swm190.o(.data)
    __stdout                                 0x20000008   Data           4  stdout.o(.data)
    __initial_sp                             0x20000410   Data           0  startup_swm190.o(STACK)



==============================================================================

Memory Map of the image

  Image Entry point : 0x00000101

  Load Region LR_IROM1 (Base: 0x00000000, Size: 0x00000a64, Max: 0x0001e000, ABSOLUTE)

    Execution Region ER_IROM1 (Exec base: 0x00000000, Load base: 0x00000000, Size: 0x00000a58, Max: 0x0001e000, ABSOLUTE)

    Exec Addr    Load Addr    Size         Type   Attr      Idx    E Section Name        Object

    0x00000000   0x00000000   0x00000100   Data   RO          398    RESET               startup_swm190.o
    0x00000100   0x00000100   0x00000000   Code   RO          403  * .ARM.Collect$$$$00000000  mc_p.l(entry.o)
    0x00000100   0x00000100   0x00000004   Code   RO          672    .ARM.Collect$$$$00000001  mc_p.l(entry2.o)
    0x00000104   0x00000104   0x00000004   Code   RO          675    .ARM.Collect$$$$00000004  mc_p.l(entry5.o)
    0x00000108   0x00000108   0x00000000   Code   RO          677    .ARM.Collect$$$$00000008  mc_p.l(entry7b.o)
    0x00000108   0x00000108   0x00000000   Code   RO          679    .ARM.Collect$$$$0000000A  mc_p.l(entry8b.o)
    0x00000108   0x00000108   0x00000008   Code   RO          680    .ARM.Collect$$$$0000000B  mc_p.l(entry9a.o)
    0x00000110   0x00000110   0x00000004   Code   RO          687    .ARM.Collect$$$$0000000E  mc_p.l(entry12b.o)
    0x00000114   0x00000114   0x00000000   Code   RO          682    .ARM.Collect$$$$0000000F  mc_p.l(entry10a.o)
    0x00000114   0x00000114   0x00000000   Code   RO          684    .ARM.Collect$$$$00000011  mc_p.l(entry11a.o)
    0x00000114   0x00000114   0x00000004   Code   RO          673    .ARM.Collect$$$$00002712  mc_p.l(entry2.o)
    0x00000118   0x00000118   0x000000cc   Code   RO            3    .text               main.o
    0x000001e4   0x000001e4   0x00000398   Code   RO          229    .text               swm190_uart.o
    0x0000057c   0x0000057c   0x00000080   Code   RO          249    .text               swm190_wdt.o
    0x000005fc   0x000005fc   0x00000050   Code   RO          309    .text               swm190_port.o
    0x0000064c   0x0000064c   0x000002ac   Code   RO          370    .text               system_swm190.o
    0x000008f8   0x000008f8   0x00000084   Code   RO          399    .text               startup_swm190.o
    0x0000097c   0x0000097c   0x0000002c   Code   RO          406    .text               mc_p.l(uidiv.o)
    0x000009a8   0x000009a8   0x00000024   Code   RO          702    .text               mc_p.l(init.o)
    0x000009cc   0x000009cc   0x00000014   Code   RO          413    i.__0printf$bare    mc_p.l(printfb.o)
    0x000009e0   0x000009e0   0x0000001a   Code   RO          388    i.__ARM_common_switch8  system_swm190.o
    0x000009fa   0x000009fa   0x0000000e   Code   RO          716    i.__scatterload_copy  mc_p.l(handlers.o)
    0x00000a08   0x00000a08   0x00000002   Code   RO          717    i.__scatterload_null  mc_p.l(handlers.o)
    0x00000a0a   0x00000a0a   0x0000000e   Code   RO          718    i.__scatterload_zeroinit  mc_p.l(handlers.o)
    0x00000a18   0x00000a18   0x0000001e   Code   RO          420    i._printf_core      mc_p.l(printfb.o)
    0x00000a36   0x00000a36   0x00000002   PAD
    0x00000a38   0x00000a38   0x00000020   Data   RO          714    Region$$Table       anon$$obj.o


    Execution Region RW_IRAM1 (Exec base: 0x20000000, Load base: 0x00000a58, Size: 0x00000410, Max: 0x00005000, ABSOLUTE)

    Exec Addr    Load Addr    Size         Type   Attr      Idx    E Section Name        Object

    0x20000000   0x00000a58   0x00000008   Data   RW          371    .data               system_swm190.o
    0x20000008   0x00000a60   0x00000004   Data   RW          688    .data               mc_p.l(stdout.o)
    0x2000000c   0x00000a64   0x00000004   PAD
    0x20000010        -       0x00000400   Zero   RW          396    STACK               startup_swm190.o


==============================================================================

Image component sizes


      Code (inc. data)   RO Data    RW Data    ZI Data      Debug   Object Name

       204         42          0          0          0      68500   main.o
       132          4        256          0       1024       2088   startup_swm190.o
         0          0          0          0          0       5756   swm190_i2c.o
        80          0          0          0          0       1272   swm190_port.o
       920         22          0          0          0       7482   swm190_uart.o
       128          4          0          0          0       2202   swm190_wdt.o
       710         44          0          8          0       2759   system_swm190.o

    ----------------------------------------------------------------------
      2174        116        288          8       1024      90059   Object Totals
         0          0         32          0          0          0   (incl. Generated)
         0          0          0          0          0          0   (incl. Padding)

    ----------------------------------------------------------------------

      Code (inc. data)   RO Data    RW Data    ZI Data      Debug   Library Member Name

         0          0          0          0          0          0   entry.o
         0          0          0          0          0          0   entry10a.o
         0          0          0          0          0          0   entry11a.o
         4          0          0          0          0          0   entry12b.o
         8          4          0          0          0          0   entry2.o
         4          0          0          0          0          0   entry5.o
         0          0          0          0          0          0   entry7b.o
         0          0          0          0          0          0   entry8b.o
         8          4          0          0          0          0   entry9a.o
        30          0          0          0          0          0   handlers.o
        36          8          0          0          0         68   init.o
        50          8          0          0          0        144   printfb.o
         0          0          0          4          0          0   stdout.o
        44          0          0          0          0         72   uidiv.o

    ----------------------------------------------------------------------
       186         24          0          4          4        284   Library Totals
         2          0          0          0          4          0   (incl. Padding)

    ----------------------------------------------------------------------

      Code (inc. data)   RO Data    RW Data    ZI Data      Debug   Library Name

       184         24          0          4          0        284   mc_p.l

    ----------------------------------------------------------------------
       186         24          0          4          4        284   Library Totals

    ----------------------------------------------------------------------

==============================================================================


      Code (inc. data)   RO Data    RW Data    ZI Data      Debug   

      2360        140        288         12       1028      90011   Grand Totals
      2360        140        288         12       1028      90011   ELF Image Totals
      2360        140        288         12          0          0   ROM Totals

==============================================================================

    Total RO  Size (Code + RO Data)                 2648 (   2.59kB)
    Total RW  Size (RW Data + ZI Data)              1040 (   1.02kB)
    Total ROM Size (Code + RO Data + RW Data)       2660 (   2.60kB)

==============================================================================

