<!doctype html public "-//w3c//dtd html 4.0 transitional//en">
<html><head>
<title>Static Call Graph - [.\out\SimplWDT_Reset.axf]</title></head>
<body><HR>
<H1>Static Call Graph for image .\out\SimplWDT_Reset.axf</H1><HR>
<BR><P>#&#060CALLGRAPH&#062# ARM Linker, 5060960: Last Updated: Wed Feb 03 11:20:58 2021
<BR><P>
<H3>Maximum Stack Usage =         68 bytes + Unknown(Cycles, Untraceable Function Pointers)</H3><H3>
Call chain for Maximum Stack Depth:</H3>
main &rArr; SerialInit &rArr; UART_Init &rArr; __aeabi_uidivmod
<P>
<H3>
Mutually Recursive functions
</H3> <LI><a href="#[1]">NMI_Handler</a>&nbsp;&nbsp;&nbsp;&rArr;&nbsp;&nbsp;&nbsp;<a href="#[1]">NMI_Handler</a><BR>
 <LI><a href="#[2]">HardFault_Handler</a>&nbsp;&nbsp;&nbsp;&rArr;&nbsp;&nbsp;&nbsp;<a href="#[2]">HardFault_Handler</a><BR>
 <LI><a href="#[3]">SVC_Handler</a>&nbsp;&nbsp;&nbsp;&rArr;&nbsp;&nbsp;&nbsp;<a href="#[3]">SVC_Handler</a><BR>
 <LI><a href="#[4]">PendSV_Handler</a>&nbsp;&nbsp;&nbsp;&rArr;&nbsp;&nbsp;&nbsp;<a href="#[4]">PendSV_Handler</a><BR>
 <LI><a href="#[5]">SysTick_Handler</a>&nbsp;&nbsp;&nbsp;&rArr;&nbsp;&nbsp;&nbsp;<a href="#[5]">SysTick_Handler</a><BR>
 <LI><a href="#[6]">GPIOA_Handler</a>&nbsp;&nbsp;&nbsp;&rArr;&nbsp;&nbsp;&nbsp;<a href="#[6]">GPIOA_Handler</a><BR>
 <LI><a href="#[7]">GPIOA0_Handler</a>&nbsp;&nbsp;&nbsp;&rArr;&nbsp;&nbsp;&nbsp;<a href="#[7]">GPIOA0_Handler</a><BR>
 <LI><a href="#[8]">UART0_Handler</a>&nbsp;&nbsp;&nbsp;&rArr;&nbsp;&nbsp;&nbsp;<a href="#[8]">UART0_Handler</a><BR>
 <LI><a href="#[9]">UART1_Handler</a>&nbsp;&nbsp;&nbsp;&rArr;&nbsp;&nbsp;&nbsp;<a href="#[9]">UART1_Handler</a><BR>
 <LI><a href="#[a]">SPI0_Handler</a>&nbsp;&nbsp;&nbsp;&rArr;&nbsp;&nbsp;&nbsp;<a href="#[a]">SPI0_Handler</a><BR>
 <LI><a href="#[b]">TIMR0_Handler</a>&nbsp;&nbsp;&nbsp;&rArr;&nbsp;&nbsp;&nbsp;<a href="#[b]">TIMR0_Handler</a><BR>
 <LI><a href="#[c]">DMA_Handler</a>&nbsp;&nbsp;&nbsp;&rArr;&nbsp;&nbsp;&nbsp;<a href="#[c]">DMA_Handler</a><BR>
 <LI><a href="#[d]">PWM0_Handler</a>&nbsp;&nbsp;&nbsp;&rArr;&nbsp;&nbsp;&nbsp;<a href="#[d]">PWM0_Handler</a><BR>
 <LI><a href="#[e]">BTIMR0_Handler</a>&nbsp;&nbsp;&nbsp;&rArr;&nbsp;&nbsp;&nbsp;<a href="#[e]">BTIMR0_Handler</a><BR>
 <LI><a href="#[f]">BTIMR3_Handler</a>&nbsp;&nbsp;&nbsp;&rArr;&nbsp;&nbsp;&nbsp;<a href="#[f]">BTIMR3_Handler</a><BR>
 <LI><a href="#[10]">TIMR1_Handler</a>&nbsp;&nbsp;&nbsp;&rArr;&nbsp;&nbsp;&nbsp;<a href="#[10]">TIMR1_Handler</a><BR>
 <LI><a href="#[11]">WDT_Handler</a>&nbsp;&nbsp;&nbsp;&rArr;&nbsp;&nbsp;&nbsp;<a href="#[11]">WDT_Handler</a><BR>
 <LI><a href="#[12]">GPIOA4_Handler</a>&nbsp;&nbsp;&nbsp;&rArr;&nbsp;&nbsp;&nbsp;<a href="#[12]">GPIOA4_Handler</a><BR>
 <LI><a href="#[13]">I2C0_Handler</a>&nbsp;&nbsp;&nbsp;&rArr;&nbsp;&nbsp;&nbsp;<a href="#[13]">I2C0_Handler</a><BR>
 <LI><a href="#[14]">GPIOA5_Handler</a>&nbsp;&nbsp;&nbsp;&rArr;&nbsp;&nbsp;&nbsp;<a href="#[14]">GPIOA5_Handler</a><BR>
 <LI><a href="#[15]">BTIMR2_Handler</a>&nbsp;&nbsp;&nbsp;&rArr;&nbsp;&nbsp;&nbsp;<a href="#[15]">BTIMR2_Handler</a><BR>
 <LI><a href="#[16]">GPIOC_CORDIC_Handler</a>&nbsp;&nbsp;&nbsp;&rArr;&nbsp;&nbsp;&nbsp;<a href="#[16]">GPIOC_CORDIC_Handler</a><BR>
 <LI><a href="#[17]">SPI1_BTIMR1_Handler</a>&nbsp;&nbsp;&nbsp;&rArr;&nbsp;&nbsp;&nbsp;<a href="#[17]">SPI1_BTIMR1_Handler</a><BR>
 <LI><a href="#[18]">GPIOB_BOD_Handler</a>&nbsp;&nbsp;&nbsp;&rArr;&nbsp;&nbsp;&nbsp;<a href="#[18]">GPIOB_BOD_Handler</a><BR>
 <LI><a href="#[19]">GPIOC4_ADC0_Handler</a>&nbsp;&nbsp;&nbsp;&rArr;&nbsp;&nbsp;&nbsp;<a href="#[19]">GPIOC4_ADC0_Handler</a><BR>
 <LI><a href="#[1a]">GPIOD_RTC_Handler</a>&nbsp;&nbsp;&nbsp;&rArr;&nbsp;&nbsp;&nbsp;<a href="#[1a]">GPIOD_RTC_Handler</a><BR>
 <LI><a href="#[1b]">XTAL_ACMP_Handler</a>&nbsp;&nbsp;&nbsp;&rArr;&nbsp;&nbsp;&nbsp;<a href="#[1b]">XTAL_ACMP_Handler</a><BR>
 <LI><a href="#[1c]">UART2_GPIOB4_Handler</a>&nbsp;&nbsp;&nbsp;&rArr;&nbsp;&nbsp;&nbsp;<a href="#[1c]">UART2_GPIOB4_Handler</a><BR>
 <LI><a href="#[1d]">TIMR2_GPIOA15_Handler</a>&nbsp;&nbsp;&nbsp;&rArr;&nbsp;&nbsp;&nbsp;<a href="#[1d]">TIMR2_GPIOA15_Handler</a><BR>
 <LI><a href="#[1e]">TIMR3_HALL_Handler</a>&nbsp;&nbsp;&nbsp;&rArr;&nbsp;&nbsp;&nbsp;<a href="#[1e]">TIMR3_HALL_Handler</a><BR>
 <LI><a href="#[1f]">GPIOC5_I2C1_Handler</a>&nbsp;&nbsp;&nbsp;&rArr;&nbsp;&nbsp;&nbsp;<a href="#[1f]">GPIOC5_I2C1_Handler</a><BR>
 <LI><a href="#[20]">PWM1_GPIOB6_Handler</a>&nbsp;&nbsp;&nbsp;&rArr;&nbsp;&nbsp;&nbsp;<a href="#[20]">PWM1_GPIOB6_Handler</a><BR>
 <LI><a href="#[21]">UART3_GPIOB5_Handler</a>&nbsp;&nbsp;&nbsp;&rArr;&nbsp;&nbsp;&nbsp;<a href="#[21]">UART3_GPIOB5_Handler</a><BR>
 <LI><a href="#[22]">PWM2_SFC_Handler</a>&nbsp;&nbsp;&nbsp;&rArr;&nbsp;&nbsp;&nbsp;<a href="#[22]">PWM2_SFC_Handler</a><BR>
 <LI><a href="#[23]">PWM3_CACHE_Handler</a>&nbsp;&nbsp;&nbsp;&rArr;&nbsp;&nbsp;&nbsp;<a href="#[23]">PWM3_CACHE_Handler</a><BR>
 <LI><a href="#[24]">ADC1_GPIOA14_Handler</a>&nbsp;&nbsp;&nbsp;&rArr;&nbsp;&nbsp;&nbsp;<a href="#[24]">ADC1_GPIOA14_Handler</a><BR>
 <LI><a href="#[25]">GPIOE_PWMHALT_Handler</a>&nbsp;&nbsp;&nbsp;&rArr;&nbsp;&nbsp;&nbsp;<a href="#[25]">GPIOE_PWMHALT_Handler</a><BR>
</UL>
<P>
<H3>
Function Pointers
</H3><UL>
 <LI><a href="#[24]">ADC1_GPIOA14_Handler</a> from startup_swm190.o(.text) referenced from startup_swm190.o(RESET)
 <LI><a href="#[e]">BTIMR0_Handler</a> from startup_swm190.o(.text) referenced from startup_swm190.o(RESET)
 <LI><a href="#[15]">BTIMR2_Handler</a> from startup_swm190.o(.text) referenced from startup_swm190.o(RESET)
 <LI><a href="#[f]">BTIMR3_Handler</a> from startup_swm190.o(.text) referenced from startup_swm190.o(RESET)
 <LI><a href="#[c]">DMA_Handler</a> from startup_swm190.o(.text) referenced from startup_swm190.o(RESET)
 <LI><a href="#[7]">GPIOA0_Handler</a> from startup_swm190.o(.text) referenced from startup_swm190.o(RESET)
 <LI><a href="#[12]">GPIOA4_Handler</a> from startup_swm190.o(.text) referenced from startup_swm190.o(RESET)
 <LI><a href="#[14]">GPIOA5_Handler</a> from startup_swm190.o(.text) referenced from startup_swm190.o(RESET)
 <LI><a href="#[6]">GPIOA_Handler</a> from startup_swm190.o(.text) referenced from startup_swm190.o(RESET)
 <LI><a href="#[18]">GPIOB_BOD_Handler</a> from startup_swm190.o(.text) referenced from startup_swm190.o(RESET)
 <LI><a href="#[19]">GPIOC4_ADC0_Handler</a> from startup_swm190.o(.text) referenced from startup_swm190.o(RESET)
 <LI><a href="#[1f]">GPIOC5_I2C1_Handler</a> from startup_swm190.o(.text) referenced from startup_swm190.o(RESET)
 <LI><a href="#[16]">GPIOC_CORDIC_Handler</a> from startup_swm190.o(.text) referenced from startup_swm190.o(RESET)
 <LI><a href="#[1a]">GPIOD_RTC_Handler</a> from startup_swm190.o(.text) referenced from startup_swm190.o(RESET)
 <LI><a href="#[25]">GPIOE_PWMHALT_Handler</a> from startup_swm190.o(.text) referenced from startup_swm190.o(RESET)
 <LI><a href="#[2]">HardFault_Handler</a> from startup_swm190.o(.text) referenced from startup_swm190.o(RESET)
 <LI><a href="#[13]">I2C0_Handler</a> from startup_swm190.o(.text) referenced from startup_swm190.o(RESET)
 <LI><a href="#[1]">NMI_Handler</a> from startup_swm190.o(.text) referenced from startup_swm190.o(RESET)
 <LI><a href="#[d]">PWM0_Handler</a> from startup_swm190.o(.text) referenced from startup_swm190.o(RESET)
 <LI><a href="#[20]">PWM1_GPIOB6_Handler</a> from startup_swm190.o(.text) referenced from startup_swm190.o(RESET)
 <LI><a href="#[22]">PWM2_SFC_Handler</a> from startup_swm190.o(.text) referenced from startup_swm190.o(RESET)
 <LI><a href="#[23]">PWM3_CACHE_Handler</a> from startup_swm190.o(.text) referenced from startup_swm190.o(RESET)
 <LI><a href="#[4]">PendSV_Handler</a> from startup_swm190.o(.text) referenced from startup_swm190.o(RESET)
 <LI><a href="#[0]">Reset_Handler</a> from startup_swm190.o(.text) referenced from startup_swm190.o(RESET)
 <LI><a href="#[a]">SPI0_Handler</a> from startup_swm190.o(.text) referenced from startup_swm190.o(RESET)
 <LI><a href="#[17]">SPI1_BTIMR1_Handler</a> from startup_swm190.o(.text) referenced from startup_swm190.o(RESET)
 <LI><a href="#[3]">SVC_Handler</a> from startup_swm190.o(.text) referenced from startup_swm190.o(RESET)
 <LI><a href="#[5]">SysTick_Handler</a> from startup_swm190.o(.text) referenced from startup_swm190.o(RESET)
 <LI><a href="#[b]">TIMR0_Handler</a> from startup_swm190.o(.text) referenced from startup_swm190.o(RESET)
 <LI><a href="#[10]">TIMR1_Handler</a> from startup_swm190.o(.text) referenced from startup_swm190.o(RESET)
 <LI><a href="#[1d]">TIMR2_GPIOA15_Handler</a> from startup_swm190.o(.text) referenced from startup_swm190.o(RESET)
 <LI><a href="#[1e]">TIMR3_HALL_Handler</a> from startup_swm190.o(.text) referenced from startup_swm190.o(RESET)
 <LI><a href="#[8]">UART0_Handler</a> from startup_swm190.o(.text) referenced from startup_swm190.o(RESET)
 <LI><a href="#[9]">UART1_Handler</a> from startup_swm190.o(.text) referenced from startup_swm190.o(RESET)
 <LI><a href="#[1c]">UART2_GPIOB4_Handler</a> from startup_swm190.o(.text) referenced from startup_swm190.o(RESET)
 <LI><a href="#[21]">UART3_GPIOB5_Handler</a> from startup_swm190.o(.text) referenced from startup_swm190.o(RESET)
 <LI><a href="#[11]">WDT_Handler</a> from startup_swm190.o(.text) referenced from startup_swm190.o(RESET)
 <LI><a href="#[1b]">XTAL_ACMP_Handler</a> from startup_swm190.o(.text) referenced from startup_swm190.o(RESET)
 <LI><a href="#[27]">__main</a> from entry.o(.ARM.Collect$$$$00000000) referenced from startup_swm190.o(.text)
 <LI><a href="#[28]">fputc</a> from main.o(.text) referenced from printfb.o(i.__0printf$bare)
 <LI><a href="#[26]">main</a> from main.o(.text) referenced from entry9a.o(.ARM.Collect$$$$0000000B)
</UL>
<P>
<H3>
Global Symbols
</H3>
<P><STRONG><a name="[27]"></a>__main</STRONG> (Thumb, 0 bytes, Stack size unknown bytes, entry.o(.ARM.Collect$$$$00000000))
<BR>[Address Reference Count : 1]<UL><LI> startup_swm190.o(.text)
</UL>
<P><STRONG><a name="[4d]"></a>_main_stk</STRONG> (Thumb, 0 bytes, Stack size unknown bytes, entry2.o(.ARM.Collect$$$$00000001))

<P><STRONG><a name="[29]"></a>_main_scatterload</STRONG> (Thumb, 0 bytes, Stack size unknown bytes, entry5.o(.ARM.Collect$$$$00000004))
<BR><BR>[Calls]<UL><LI><a href="#[2a]">&gt;&gt;</a>&nbsp;&nbsp;&nbsp;__scatterload
</UL>

<P><STRONG><a name="[4a]"></a>__main_after_scatterload</STRONG> (Thumb, 0 bytes, Stack size unknown bytes, entry5.o(.ARM.Collect$$$$00000004))
<BR><BR>[Called By]<UL><LI><a href="#[2a]">&gt;&gt;</a>&nbsp;&nbsp;&nbsp;__scatterload
</UL>

<P><STRONG><a name="[4e]"></a>_main_clock</STRONG> (Thumb, 0 bytes, Stack size unknown bytes, entry7b.o(.ARM.Collect$$$$00000008))

<P><STRONG><a name="[4f]"></a>_main_cpp_init</STRONG> (Thumb, 0 bytes, Stack size unknown bytes, entry8b.o(.ARM.Collect$$$$0000000A))

<P><STRONG><a name="[50]"></a>_main_init</STRONG> (Thumb, 0 bytes, Stack size unknown bytes, entry9a.o(.ARM.Collect$$$$0000000B))

<P><STRONG><a name="[2b]"></a>__rt_lib_shutdown_fini</STRONG> (Thumb, 0 bytes, Stack size unknown bytes, entry12b.o(.ARM.Collect$$$$0000000E))
<BR><BR>[Calls]<UL><LI><a href="#[2c]">&gt;&gt;</a>&nbsp;&nbsp;&nbsp;__arm_fini_ (Weak Reference)
</UL>

<P><STRONG><a name="[51]"></a>__rt_final_cpp</STRONG> (Thumb, 0 bytes, Stack size unknown bytes, entry10a.o(.ARM.Collect$$$$0000000F))

<P><STRONG><a name="[52]"></a>__rt_final_exit</STRONG> (Thumb, 0 bytes, Stack size unknown bytes, entry11a.o(.ARM.Collect$$$$00000011))

<P><STRONG><a name="[2d]"></a>SerialInit</STRONG> (Thumb, 66 bytes, Stack size 24 bytes, main.o(.text))
<BR><BR>[Stack]<UL><LI>Max Depth = 68<LI>Call Chain = SerialInit &rArr; UART_Init &rArr; __aeabi_uidivmod
</UL>
<BR>[Calls]<UL><LI><a href="#[30]">&gt;&gt;</a>&nbsp;&nbsp;&nbsp;UART_Open
<LI><a href="#[2f]">&gt;&gt;</a>&nbsp;&nbsp;&nbsp;UART_Init
<LI><a href="#[2e]">&gt;&gt;</a>&nbsp;&nbsp;&nbsp;PORT_Init
</UL>
<BR>[Called By]<UL><LI><a href="#[26]">&gt;&gt;</a>&nbsp;&nbsp;&nbsp;main
</UL>

<P><STRONG><a name="[26]"></a>main</STRONG> (Thumb, 68 bytes, Stack size 0 bytes, main.o(.text))
<BR><BR>[Stack]<UL><LI>Max Depth = 68<LI>Call Chain = main &rArr; SerialInit &rArr; UART_Init &rArr; __aeabi_uidivmod
</UL>
<BR>[Calls]<UL><LI><a href="#[32]">&gt;&gt;</a>&nbsp;&nbsp;&nbsp;__2printf
<LI><a href="#[34]">&gt;&gt;</a>&nbsp;&nbsp;&nbsp;WDT_Start
<LI><a href="#[33]">&gt;&gt;</a>&nbsp;&nbsp;&nbsp;WDT_Init
<LI><a href="#[35]">&gt;&gt;</a>&nbsp;&nbsp;&nbsp;WDT_Feed
<LI><a href="#[31]">&gt;&gt;</a>&nbsp;&nbsp;&nbsp;SystemInit
<LI><a href="#[2d]">&gt;&gt;</a>&nbsp;&nbsp;&nbsp;SerialInit
</UL>
<BR>[Address Reference Count : 1]<UL><LI> entry9a.o(.ARM.Collect$$$$0000000B)
</UL>
<P><STRONG><a name="[28]"></a>fputc</STRONG> (Thumb, 28 bytes, Stack size 16 bytes, main.o(.text))
<BR><BR>[Stack]<UL><LI>Max Depth = 16<LI>Call Chain = fputc
</UL>
<BR>[Calls]<UL><LI><a href="#[36]">&gt;&gt;</a>&nbsp;&nbsp;&nbsp;UART_WriteByte
<LI><a href="#[37]">&gt;&gt;</a>&nbsp;&nbsp;&nbsp;UART_IsTXBusy
</UL>
<BR>[Address Reference Count : 1]<UL><LI> printfb.o(i.__0printf$bare)
</UL>
<P><STRONG><a name="[38]"></a>UART_Close</STRONG> (Thumb, 12 bytes, Stack size 0 bytes, swm190_uart.o(.text))
<BR><BR>[Called By]<UL><LI><a href="#[2f]">&gt;&gt;</a>&nbsp;&nbsp;&nbsp;UART_Init
</UL>

<P><STRONG><a name="[2f]"></a>UART_Init</STRONG> (Thumb, 366 bytes, Stack size 32 bytes, swm190_uart.o(.text))
<BR><BR>[Stack]<UL><LI>Max Depth = 44<LI>Call Chain = UART_Init &rArr; __aeabi_uidivmod
</UL>
<BR>[Calls]<UL><LI><a href="#[39]">&gt;&gt;</a>&nbsp;&nbsp;&nbsp;__aeabi_uidivmod
<LI><a href="#[38]">&gt;&gt;</a>&nbsp;&nbsp;&nbsp;UART_Close
<LI><a href="#[3b]">&gt;&gt;</a>&nbsp;&nbsp;&nbsp;NVIC_DisableIRQ
<LI><a href="#[3a]">&gt;&gt;</a>&nbsp;&nbsp;&nbsp;NVIC_EnableIRQ
</UL>
<BR>[Called By]<UL><LI><a href="#[2d]">&gt;&gt;</a>&nbsp;&nbsp;&nbsp;SerialInit
</UL>

<P><STRONG><a name="[30]"></a>UART_Open</STRONG> (Thumb, 12 bytes, Stack size 0 bytes, swm190_uart.o(.text))
<BR><BR>[Called By]<UL><LI><a href="#[2d]">&gt;&gt;</a>&nbsp;&nbsp;&nbsp;SerialInit
</UL>

<P><STRONG><a name="[36]"></a>UART_WriteByte</STRONG> (Thumb, 4 bytes, Stack size 0 bytes, swm190_uart.o(.text))
<BR><BR>[Called By]<UL><LI><a href="#[28]">&gt;&gt;</a>&nbsp;&nbsp;&nbsp;fputc
</UL>

<P><STRONG><a name="[53]"></a>UART_ReadByte</STRONG> (Thumb, 20 bytes, Stack size 0 bytes, swm190_uart.o(.text), UNUSED)

<P><STRONG><a name="[37]"></a>UART_IsTXBusy</STRONG> (Thumb, 32 bytes, Stack size 0 bytes, swm190_uart.o(.text))
<BR><BR>[Called By]<UL><LI><a href="#[28]">&gt;&gt;</a>&nbsp;&nbsp;&nbsp;fputc
</UL>

<P><STRONG><a name="[54]"></a>UART_IsRXFIFOEmpty</STRONG> (Thumb, 10 bytes, Stack size 0 bytes, swm190_uart.o(.text), UNUSED)

<P><STRONG><a name="[55]"></a>UART_IsTXFIFOFull</STRONG> (Thumb, 8 bytes, Stack size 0 bytes, swm190_uart.o(.text), UNUSED)

<P><STRONG><a name="[3c]"></a>UART_SetBaudrate</STRONG> (Thumb, 34 bytes, Stack size 8 bytes, swm190_uart.o(.text), UNUSED)
<BR><BR>[Calls]<UL><LI><a href="#[39]">&gt;&gt;</a>&nbsp;&nbsp;&nbsp;__aeabi_uidivmod
</UL>

<P><STRONG><a name="[3d]"></a>UART_GetBaudrate</STRONG> (Thumb, 26 bytes, Stack size 8 bytes, swm190_uart.o(.text), UNUSED)
<BR><BR>[Calls]<UL><LI><a href="#[39]">&gt;&gt;</a>&nbsp;&nbsp;&nbsp;__aeabi_uidivmod
</UL>

<P><STRONG><a name="[56]"></a>UART_CTSConfig</STRONG> (Thumb, 22 bytes, Stack size 8 bytes, swm190_uart.o(.text), UNUSED)

<P><STRONG><a name="[57]"></a>UART_CTSLineState</STRONG> (Thumb, 8 bytes, Stack size 0 bytes, swm190_uart.o(.text), UNUSED)

<P><STRONG><a name="[58]"></a>UART_RTSConfig</STRONG> (Thumb, 28 bytes, Stack size 12 bytes, swm190_uart.o(.text), UNUSED)

<P><STRONG><a name="[59]"></a>UART_RTSLineState</STRONG> (Thumb, 8 bytes, Stack size 0 bytes, swm190_uart.o(.text), UNUSED)

<P><STRONG><a name="[5a]"></a>UART_LINConfig</STRONG> (Thumb, 22 bytes, Stack size 8 bytes, swm190_uart.o(.text), UNUSED)

<P><STRONG><a name="[5b]"></a>UART_LINGenerate</STRONG> (Thumb, 10 bytes, Stack size 0 bytes, swm190_uart.o(.text), UNUSED)

<P><STRONG><a name="[5c]"></a>UART_LINIsDetected</STRONG> (Thumb, 8 bytes, Stack size 0 bytes, swm190_uart.o(.text), UNUSED)

<P><STRONG><a name="[5d]"></a>UART_LINIsGenerated</STRONG> (Thumb, 8 bytes, Stack size 0 bytes, swm190_uart.o(.text), UNUSED)

<P><STRONG><a name="[5e]"></a>UART_ABRStart</STRONG> (Thumb, 90 bytes, Stack size 0 bytes, swm190_uart.o(.text), UNUSED)

<P><STRONG><a name="[5f]"></a>UART_ABRIsDone</STRONG> (Thumb, 24 bytes, Stack size 0 bytes, swm190_uart.o(.text), UNUSED)

<P><STRONG><a name="[60]"></a>UART_INTRXThresholdEn</STRONG> (Thumb, 10 bytes, Stack size 0 bytes, swm190_uart.o(.text), UNUSED)

<P><STRONG><a name="[61]"></a>UART_INTRXThresholdDis</STRONG> (Thumb, 10 bytes, Stack size 0 bytes, swm190_uart.o(.text), UNUSED)

<P><STRONG><a name="[62]"></a>UART_INTRXThresholdStat</STRONG> (Thumb, 8 bytes, Stack size 0 bytes, swm190_uart.o(.text), UNUSED)

<P><STRONG><a name="[63]"></a>UART_INTTXThresholdEn</STRONG> (Thumb, 10 bytes, Stack size 0 bytes, swm190_uart.o(.text), UNUSED)

<P><STRONG><a name="[64]"></a>UART_INTTXThresholdDis</STRONG> (Thumb, 10 bytes, Stack size 0 bytes, swm190_uart.o(.text), UNUSED)

<P><STRONG><a name="[65]"></a>UART_INTTXThresholdStat</STRONG> (Thumb, 8 bytes, Stack size 0 bytes, swm190_uart.o(.text), UNUSED)

<P><STRONG><a name="[66]"></a>UART_INTTimeoutEn</STRONG> (Thumb, 12 bytes, Stack size 0 bytes, swm190_uart.o(.text), UNUSED)

<P><STRONG><a name="[67]"></a>UART_INTTimeoutDis</STRONG> (Thumb, 12 bytes, Stack size 0 bytes, swm190_uart.o(.text), UNUSED)

<P><STRONG><a name="[68]"></a>UART_INTTimeoutStat</STRONG> (Thumb, 8 bytes, Stack size 0 bytes, swm190_uart.o(.text), UNUSED)

<P><STRONG><a name="[69]"></a>UART_INTTXDoneEn</STRONG> (Thumb, 10 bytes, Stack size 0 bytes, swm190_uart.o(.text), UNUSED)

<P><STRONG><a name="[6a]"></a>UART_INTTXDoneDis</STRONG> (Thumb, 10 bytes, Stack size 0 bytes, swm190_uart.o(.text), UNUSED)

<P><STRONG><a name="[6b]"></a>UART_INTTXDoneStat</STRONG> (Thumb, 8 bytes, Stack size 0 bytes, swm190_uart.o(.text), UNUSED)

<P><STRONG><a name="[3e]"></a>WDT_Stop</STRONG> (Thumb, 10 bytes, Stack size 0 bytes, swm190_wdt.o(.text))
<BR><BR>[Called By]<UL><LI><a href="#[33]">&gt;&gt;</a>&nbsp;&nbsp;&nbsp;WDT_Init
</UL>

<P><STRONG><a name="[33]"></a>WDT_Init</STRONG> (Thumb, 88 bytes, Stack size 16 bytes, swm190_wdt.o(.text))
<BR><BR>[Stack]<UL><LI>Max Depth = 16<LI>Call Chain = WDT_Init
</UL>
<BR>[Calls]<UL><LI><a href="#[3e]">&gt;&gt;</a>&nbsp;&nbsp;&nbsp;WDT_Stop
</UL>
<BR>[Called By]<UL><LI><a href="#[26]">&gt;&gt;</a>&nbsp;&nbsp;&nbsp;main
</UL>

<P><STRONG><a name="[34]"></a>WDT_Start</STRONG> (Thumb, 10 bytes, Stack size 0 bytes, swm190_wdt.o(.text))
<BR><BR>[Called By]<UL><LI><a href="#[26]">&gt;&gt;</a>&nbsp;&nbsp;&nbsp;main
</UL>

<P><STRONG><a name="[35]"></a>WDT_Feed</STRONG> (Thumb, 6 bytes, Stack size 0 bytes, swm190_wdt.o(.text))
<BR><BR>[Called By]<UL><LI><a href="#[26]">&gt;&gt;</a>&nbsp;&nbsp;&nbsp;main
</UL>

<P><STRONG><a name="[6c]"></a>WDT_INTClr</STRONG> (Thumb, 6 bytes, Stack size 0 bytes, swm190_wdt.o(.text), UNUSED)

<P><STRONG><a name="[6d]"></a>WDT_INTStat</STRONG> (Thumb, 4 bytes, Stack size 0 bytes, swm190_wdt.o(.text), UNUSED)

<P><STRONG><a name="[2e]"></a>PORT_Init</STRONG> (Thumb, 80 bytes, Stack size 16 bytes, swm190_port.o(.text))
<BR><BR>[Stack]<UL><LI>Max Depth = 16<LI>Call Chain = PORT_Init
</UL>
<BR>[Called By]<UL><LI><a href="#[46]">&gt;&gt;</a>&nbsp;&nbsp;&nbsp;switchToXTAL
<LI><a href="#[2d]">&gt;&gt;</a>&nbsp;&nbsp;&nbsp;SerialInit
</UL>

<P><STRONG><a name="[3f]"></a>SystemCoreClockUpdate</STRONG> (Thumb, 148 bytes, Stack size 24 bytes, system_swm190.o(.text))
<BR><BR>[Stack]<UL><LI>Max Depth = 36<LI>Call Chain = SystemCoreClockUpdate &rArr; __aeabi_uidivmod
</UL>
<BR>[Calls]<UL><LI><a href="#[39]">&gt;&gt;</a>&nbsp;&nbsp;&nbsp;__aeabi_uidivmod
<LI><a href="#[40]">&gt;&gt;</a>&nbsp;&nbsp;&nbsp;__ARM_common_switch8
</UL>
<BR>[Called By]<UL><LI><a href="#[31]">&gt;&gt;</a>&nbsp;&nbsp;&nbsp;SystemInit
</UL>

<P><STRONG><a name="[42]"></a>switchTo24MHz</STRONG> (Thumb, 16 bytes, Stack size 0 bytes, system_swm190.o(.text), UNUSED)
<BR><BR>[Called By]<UL><LI><a href="#[49]">&gt;&gt;</a>&nbsp;&nbsp;&nbsp;switchTo3MHz
<LI><a href="#[46]">&gt;&gt;</a>&nbsp;&nbsp;&nbsp;switchToXTAL
<LI><a href="#[44]">&gt;&gt;</a>&nbsp;&nbsp;&nbsp;switchToPLL
<LI><a href="#[43]">&gt;&gt;</a>&nbsp;&nbsp;&nbsp;switchTo32KHz
<LI><a href="#[41]">&gt;&gt;</a>&nbsp;&nbsp;&nbsp;switchToXTAL_32K
</UL>

<P><STRONG><a name="[41]"></a>switchToXTAL_32K</STRONG> (Thumb, 72 bytes, Stack size 4 bytes, system_swm190.o(.text), UNUSED)
<BR><BR>[Calls]<UL><LI><a href="#[42]">&gt;&gt;</a>&nbsp;&nbsp;&nbsp;switchTo24MHz
</UL>

<P><STRONG><a name="[43]"></a>switchTo32KHz</STRONG> (Thumb, 48 bytes, Stack size 4 bytes, system_swm190.o(.text), UNUSED)
<BR><BR>[Calls]<UL><LI><a href="#[42]">&gt;&gt;</a>&nbsp;&nbsp;&nbsp;switchTo24MHz
</UL>

<P><STRONG><a name="[45]"></a>PLLInit</STRONG> (Thumb, 56 bytes, Stack size 0 bytes, system_swm190.o(.text), UNUSED)
<BR><BR>[Called By]<UL><LI><a href="#[44]">&gt;&gt;</a>&nbsp;&nbsp;&nbsp;switchToPLL
</UL>

<P><STRONG><a name="[44]"></a>switchToPLL</STRONG> (Thumb, 64 bytes, Stack size 8 bytes, system_swm190.o(.text), UNUSED)
<BR><BR>[Calls]<UL><LI><a href="#[45]">&gt;&gt;</a>&nbsp;&nbsp;&nbsp;PLLInit
<LI><a href="#[42]">&gt;&gt;</a>&nbsp;&nbsp;&nbsp;switchTo24MHz
</UL>

<P><STRONG><a name="[46]"></a>switchToXTAL</STRONG> (Thumb, 110 bytes, Stack size 16 bytes, system_swm190.o(.text), UNUSED)
<BR><BR>[Calls]<UL><LI><a href="#[42]">&gt;&gt;</a>&nbsp;&nbsp;&nbsp;switchTo24MHz
<LI><a href="#[2e]">&gt;&gt;</a>&nbsp;&nbsp;&nbsp;PORT_Init
</UL>

<P><STRONG><a name="[48]"></a>switchTo48MHz</STRONG> (Thumb, 18 bytes, Stack size 0 bytes, system_swm190.o(.text))
<BR><BR>[Called By]<UL><LI><a href="#[47]">&gt;&gt;</a>&nbsp;&nbsp;&nbsp;switchTo6MHz
<LI><a href="#[31]">&gt;&gt;</a>&nbsp;&nbsp;&nbsp;SystemInit
</UL>

<P><STRONG><a name="[47]"></a>switchTo6MHz</STRONG> (Thumb, 46 bytes, Stack size 4 bytes, system_swm190.o(.text), UNUSED)
<BR><BR>[Calls]<UL><LI><a href="#[48]">&gt;&gt;</a>&nbsp;&nbsp;&nbsp;switchTo48MHz
</UL>

<P><STRONG><a name="[49]"></a>switchTo3MHz</STRONG> (Thumb, 46 bytes, Stack size 4 bytes, system_swm190.o(.text), UNUSED)
<BR><BR>[Calls]<UL><LI><a href="#[42]">&gt;&gt;</a>&nbsp;&nbsp;&nbsp;switchTo24MHz
</UL>

<P><STRONG><a name="[31]"></a>SystemInit</STRONG> (Thumb, 24 bytes, Stack size 8 bytes, system_swm190.o(.text))
<BR><BR>[Stack]<UL><LI>Max Depth = 44<LI>Call Chain = SystemInit &rArr; SystemCoreClockUpdate &rArr; __aeabi_uidivmod
</UL>
<BR>[Calls]<UL><LI><a href="#[48]">&gt;&gt;</a>&nbsp;&nbsp;&nbsp;switchTo48MHz
<LI><a href="#[3f]">&gt;&gt;</a>&nbsp;&nbsp;&nbsp;SystemCoreClockUpdate
</UL>
<BR>[Called By]<UL><LI><a href="#[26]">&gt;&gt;</a>&nbsp;&nbsp;&nbsp;main
</UL>

<P><STRONG><a name="[0]"></a>Reset_Handler</STRONG> (Thumb, 54 bytes, Stack size 0 bytes, startup_swm190.o(.text))
<BR>[Address Reference Count : 1]<UL><LI> startup_swm190.o(RESET)
</UL>
<P><STRONG><a name="[1]"></a>NMI_Handler</STRONG> (Thumb, 2 bytes, Stack size 0 bytes, startup_swm190.o(.text))
<BR><BR>[Calls]<UL><LI><a href="#[1]">&gt;&gt;</a>&nbsp;&nbsp;&nbsp;NMI_Handler
</UL>
<BR>[Called By]<UL><LI><a href="#[1]">&gt;&gt;</a>&nbsp;&nbsp;&nbsp;NMI_Handler
</UL>
<BR>[Address Reference Count : 1]<UL><LI> startup_swm190.o(RESET)
</UL>
<P><STRONG><a name="[2]"></a>HardFault_Handler</STRONG> (Thumb, 2 bytes, Stack size 0 bytes, startup_swm190.o(.text))
<BR><BR>[Calls]<UL><LI><a href="#[2]">&gt;&gt;</a>&nbsp;&nbsp;&nbsp;HardFault_Handler
</UL>
<BR>[Called By]<UL><LI><a href="#[2]">&gt;&gt;</a>&nbsp;&nbsp;&nbsp;HardFault_Handler
</UL>
<BR>[Address Reference Count : 1]<UL><LI> startup_swm190.o(RESET)
</UL>
<P><STRONG><a name="[3]"></a>SVC_Handler</STRONG> (Thumb, 2 bytes, Stack size 0 bytes, startup_swm190.o(.text))
<BR><BR>[Calls]<UL><LI><a href="#[3]">&gt;&gt;</a>&nbsp;&nbsp;&nbsp;SVC_Handler
</UL>
<BR>[Called By]<UL><LI><a href="#[3]">&gt;&gt;</a>&nbsp;&nbsp;&nbsp;SVC_Handler
</UL>
<BR>[Address Reference Count : 1]<UL><LI> startup_swm190.o(RESET)
</UL>
<P><STRONG><a name="[4]"></a>PendSV_Handler</STRONG> (Thumb, 2 bytes, Stack size 0 bytes, startup_swm190.o(.text))
<BR><BR>[Calls]<UL><LI><a href="#[4]">&gt;&gt;</a>&nbsp;&nbsp;&nbsp;PendSV_Handler
</UL>
<BR>[Called By]<UL><LI><a href="#[4]">&gt;&gt;</a>&nbsp;&nbsp;&nbsp;PendSV_Handler
</UL>
<BR>[Address Reference Count : 1]<UL><LI> startup_swm190.o(RESET)
</UL>
<P><STRONG><a name="[5]"></a>SysTick_Handler</STRONG> (Thumb, 2 bytes, Stack size 0 bytes, startup_swm190.o(.text))
<BR><BR>[Calls]<UL><LI><a href="#[5]">&gt;&gt;</a>&nbsp;&nbsp;&nbsp;SysTick_Handler
</UL>
<BR>[Called By]<UL><LI><a href="#[5]">&gt;&gt;</a>&nbsp;&nbsp;&nbsp;SysTick_Handler
</UL>
<BR>[Address Reference Count : 1]<UL><LI> startup_swm190.o(RESET)
</UL>
<P><STRONG><a name="[6]"></a>GPIOA_Handler</STRONG> (Thumb, 2 bytes, Stack size 0 bytes, startup_swm190.o(.text))
<BR><BR>[Calls]<UL><LI><a href="#[6]">&gt;&gt;</a>&nbsp;&nbsp;&nbsp;GPIOA_Handler
</UL>
<BR>[Called By]<UL><LI><a href="#[6]">&gt;&gt;</a>&nbsp;&nbsp;&nbsp;GPIOA_Handler
</UL>
<BR>[Address Reference Count : 1]<UL><LI> startup_swm190.o(RESET)
</UL>
<P><STRONG><a name="[7]"></a>GPIOA0_Handler</STRONG> (Thumb, 2 bytes, Stack size 0 bytes, startup_swm190.o(.text))
<BR><BR>[Calls]<UL><LI><a href="#[7]">&gt;&gt;</a>&nbsp;&nbsp;&nbsp;GPIOA0_Handler
</UL>
<BR>[Called By]<UL><LI><a href="#[7]">&gt;&gt;</a>&nbsp;&nbsp;&nbsp;GPIOA0_Handler
</UL>
<BR>[Address Reference Count : 1]<UL><LI> startup_swm190.o(RESET)
</UL>
<P><STRONG><a name="[8]"></a>UART0_Handler</STRONG> (Thumb, 2 bytes, Stack size 0 bytes, startup_swm190.o(.text))
<BR><BR>[Calls]<UL><LI><a href="#[8]">&gt;&gt;</a>&nbsp;&nbsp;&nbsp;UART0_Handler
</UL>
<BR>[Called By]<UL><LI><a href="#[8]">&gt;&gt;</a>&nbsp;&nbsp;&nbsp;UART0_Handler
</UL>
<BR>[Address Reference Count : 1]<UL><LI> startup_swm190.o(RESET)
</UL>
<P><STRONG><a name="[9]"></a>UART1_Handler</STRONG> (Thumb, 2 bytes, Stack size 0 bytes, startup_swm190.o(.text))
<BR><BR>[Calls]<UL><LI><a href="#[9]">&gt;&gt;</a>&nbsp;&nbsp;&nbsp;UART1_Handler
</UL>
<BR>[Called By]<UL><LI><a href="#[9]">&gt;&gt;</a>&nbsp;&nbsp;&nbsp;UART1_Handler
</UL>
<BR>[Address Reference Count : 1]<UL><LI> startup_swm190.o(RESET)
</UL>
<P><STRONG><a name="[a]"></a>SPI0_Handler</STRONG> (Thumb, 2 bytes, Stack size 0 bytes, startup_swm190.o(.text))
<BR><BR>[Calls]<UL><LI><a href="#[a]">&gt;&gt;</a>&nbsp;&nbsp;&nbsp;SPI0_Handler
</UL>
<BR>[Called By]<UL><LI><a href="#[a]">&gt;&gt;</a>&nbsp;&nbsp;&nbsp;SPI0_Handler
</UL>
<BR>[Address Reference Count : 1]<UL><LI> startup_swm190.o(RESET)
</UL>
<P><STRONG><a name="[b]"></a>TIMR0_Handler</STRONG> (Thumb, 2 bytes, Stack size 0 bytes, startup_swm190.o(.text))
<BR><BR>[Calls]<UL><LI><a href="#[b]">&gt;&gt;</a>&nbsp;&nbsp;&nbsp;TIMR0_Handler
</UL>
<BR>[Called By]<UL><LI><a href="#[b]">&gt;&gt;</a>&nbsp;&nbsp;&nbsp;TIMR0_Handler
</UL>
<BR>[Address Reference Count : 1]<UL><LI> startup_swm190.o(RESET)
</UL>
<P><STRONG><a name="[c]"></a>DMA_Handler</STRONG> (Thumb, 2 bytes, Stack size 0 bytes, startup_swm190.o(.text))
<BR><BR>[Calls]<UL><LI><a href="#[c]">&gt;&gt;</a>&nbsp;&nbsp;&nbsp;DMA_Handler
</UL>
<BR>[Called By]<UL><LI><a href="#[c]">&gt;&gt;</a>&nbsp;&nbsp;&nbsp;DMA_Handler
</UL>
<BR>[Address Reference Count : 1]<UL><LI> startup_swm190.o(RESET)
</UL>
<P><STRONG><a name="[d]"></a>PWM0_Handler</STRONG> (Thumb, 2 bytes, Stack size 0 bytes, startup_swm190.o(.text))
<BR><BR>[Calls]<UL><LI><a href="#[d]">&gt;&gt;</a>&nbsp;&nbsp;&nbsp;PWM0_Handler
</UL>
<BR>[Called By]<UL><LI><a href="#[d]">&gt;&gt;</a>&nbsp;&nbsp;&nbsp;PWM0_Handler
</UL>
<BR>[Address Reference Count : 1]<UL><LI> startup_swm190.o(RESET)
</UL>
<P><STRONG><a name="[e]"></a>BTIMR0_Handler</STRONG> (Thumb, 2 bytes, Stack size 0 bytes, startup_swm190.o(.text))
<BR><BR>[Calls]<UL><LI><a href="#[e]">&gt;&gt;</a>&nbsp;&nbsp;&nbsp;BTIMR0_Handler
</UL>
<BR>[Called By]<UL><LI><a href="#[e]">&gt;&gt;</a>&nbsp;&nbsp;&nbsp;BTIMR0_Handler
</UL>
<BR>[Address Reference Count : 1]<UL><LI> startup_swm190.o(RESET)
</UL>
<P><STRONG><a name="[f]"></a>BTIMR3_Handler</STRONG> (Thumb, 2 bytes, Stack size 0 bytes, startup_swm190.o(.text))
<BR><BR>[Calls]<UL><LI><a href="#[f]">&gt;&gt;</a>&nbsp;&nbsp;&nbsp;BTIMR3_Handler
</UL>
<BR>[Called By]<UL><LI><a href="#[f]">&gt;&gt;</a>&nbsp;&nbsp;&nbsp;BTIMR3_Handler
</UL>
<BR>[Address Reference Count : 1]<UL><LI> startup_swm190.o(RESET)
</UL>
<P><STRONG><a name="[10]"></a>TIMR1_Handler</STRONG> (Thumb, 2 bytes, Stack size 0 bytes, startup_swm190.o(.text))
<BR><BR>[Calls]<UL><LI><a href="#[10]">&gt;&gt;</a>&nbsp;&nbsp;&nbsp;TIMR1_Handler
</UL>
<BR>[Called By]<UL><LI><a href="#[10]">&gt;&gt;</a>&nbsp;&nbsp;&nbsp;TIMR1_Handler
</UL>
<BR>[Address Reference Count : 1]<UL><LI> startup_swm190.o(RESET)
</UL>
<P><STRONG><a name="[11]"></a>WDT_Handler</STRONG> (Thumb, 2 bytes, Stack size 0 bytes, startup_swm190.o(.text))
<BR><BR>[Calls]<UL><LI><a href="#[11]">&gt;&gt;</a>&nbsp;&nbsp;&nbsp;WDT_Handler
</UL>
<BR>[Called By]<UL><LI><a href="#[11]">&gt;&gt;</a>&nbsp;&nbsp;&nbsp;WDT_Handler
</UL>
<BR>[Address Reference Count : 1]<UL><LI> startup_swm190.o(RESET)
</UL>
<P><STRONG><a name="[12]"></a>GPIOA4_Handler</STRONG> (Thumb, 2 bytes, Stack size 0 bytes, startup_swm190.o(.text))
<BR><BR>[Calls]<UL><LI><a href="#[12]">&gt;&gt;</a>&nbsp;&nbsp;&nbsp;GPIOA4_Handler
</UL>
<BR>[Called By]<UL><LI><a href="#[12]">&gt;&gt;</a>&nbsp;&nbsp;&nbsp;GPIOA4_Handler
</UL>
<BR>[Address Reference Count : 1]<UL><LI> startup_swm190.o(RESET)
</UL>
<P><STRONG><a name="[13]"></a>I2C0_Handler</STRONG> (Thumb, 2 bytes, Stack size 0 bytes, startup_swm190.o(.text))
<BR><BR>[Calls]<UL><LI><a href="#[13]">&gt;&gt;</a>&nbsp;&nbsp;&nbsp;I2C0_Handler
</UL>
<BR>[Called By]<UL><LI><a href="#[13]">&gt;&gt;</a>&nbsp;&nbsp;&nbsp;I2C0_Handler
</UL>
<BR>[Address Reference Count : 1]<UL><LI> startup_swm190.o(RESET)
</UL>
<P><STRONG><a name="[14]"></a>GPIOA5_Handler</STRONG> (Thumb, 2 bytes, Stack size 0 bytes, startup_swm190.o(.text))
<BR><BR>[Calls]<UL><LI><a href="#[14]">&gt;&gt;</a>&nbsp;&nbsp;&nbsp;GPIOA5_Handler
</UL>
<BR>[Called By]<UL><LI><a href="#[14]">&gt;&gt;</a>&nbsp;&nbsp;&nbsp;GPIOA5_Handler
</UL>
<BR>[Address Reference Count : 1]<UL><LI> startup_swm190.o(RESET)
</UL>
<P><STRONG><a name="[15]"></a>BTIMR2_Handler</STRONG> (Thumb, 2 bytes, Stack size 0 bytes, startup_swm190.o(.text))
<BR><BR>[Calls]<UL><LI><a href="#[15]">&gt;&gt;</a>&nbsp;&nbsp;&nbsp;BTIMR2_Handler
</UL>
<BR>[Called By]<UL><LI><a href="#[15]">&gt;&gt;</a>&nbsp;&nbsp;&nbsp;BTIMR2_Handler
</UL>
<BR>[Address Reference Count : 1]<UL><LI> startup_swm190.o(RESET)
</UL>
<P><STRONG><a name="[16]"></a>GPIOC_CORDIC_Handler</STRONG> (Thumb, 2 bytes, Stack size 0 bytes, startup_swm190.o(.text))
<BR><BR>[Calls]<UL><LI><a href="#[16]">&gt;&gt;</a>&nbsp;&nbsp;&nbsp;GPIOC_CORDIC_Handler
</UL>
<BR>[Called By]<UL><LI><a href="#[16]">&gt;&gt;</a>&nbsp;&nbsp;&nbsp;GPIOC_CORDIC_Handler
</UL>
<BR>[Address Reference Count : 1]<UL><LI> startup_swm190.o(RESET)
</UL>
<P><STRONG><a name="[17]"></a>SPI1_BTIMR1_Handler</STRONG> (Thumb, 2 bytes, Stack size 0 bytes, startup_swm190.o(.text))
<BR><BR>[Calls]<UL><LI><a href="#[17]">&gt;&gt;</a>&nbsp;&nbsp;&nbsp;SPI1_BTIMR1_Handler
</UL>
<BR>[Called By]<UL><LI><a href="#[17]">&gt;&gt;</a>&nbsp;&nbsp;&nbsp;SPI1_BTIMR1_Handler
</UL>
<BR>[Address Reference Count : 1]<UL><LI> startup_swm190.o(RESET)
</UL>
<P><STRONG><a name="[18]"></a>GPIOB_BOD_Handler</STRONG> (Thumb, 2 bytes, Stack size 0 bytes, startup_swm190.o(.text))
<BR><BR>[Calls]<UL><LI><a href="#[18]">&gt;&gt;</a>&nbsp;&nbsp;&nbsp;GPIOB_BOD_Handler
</UL>
<BR>[Called By]<UL><LI><a href="#[18]">&gt;&gt;</a>&nbsp;&nbsp;&nbsp;GPIOB_BOD_Handler
</UL>
<BR>[Address Reference Count : 1]<UL><LI> startup_swm190.o(RESET)
</UL>
<P><STRONG><a name="[19]"></a>GPIOC4_ADC0_Handler</STRONG> (Thumb, 2 bytes, Stack size 0 bytes, startup_swm190.o(.text))
<BR><BR>[Calls]<UL><LI><a href="#[19]">&gt;&gt;</a>&nbsp;&nbsp;&nbsp;GPIOC4_ADC0_Handler
</UL>
<BR>[Called By]<UL><LI><a href="#[19]">&gt;&gt;</a>&nbsp;&nbsp;&nbsp;GPIOC4_ADC0_Handler
</UL>
<BR>[Address Reference Count : 1]<UL><LI> startup_swm190.o(RESET)
</UL>
<P><STRONG><a name="[1a]"></a>GPIOD_RTC_Handler</STRONG> (Thumb, 2 bytes, Stack size 0 bytes, startup_swm190.o(.text))
<BR><BR>[Calls]<UL><LI><a href="#[1a]">&gt;&gt;</a>&nbsp;&nbsp;&nbsp;GPIOD_RTC_Handler
</UL>
<BR>[Called By]<UL><LI><a href="#[1a]">&gt;&gt;</a>&nbsp;&nbsp;&nbsp;GPIOD_RTC_Handler
</UL>
<BR>[Address Reference Count : 1]<UL><LI> startup_swm190.o(RESET)
</UL>
<P><STRONG><a name="[1b]"></a>XTAL_ACMP_Handler</STRONG> (Thumb, 2 bytes, Stack size 0 bytes, startup_swm190.o(.text))
<BR><BR>[Calls]<UL><LI><a href="#[1b]">&gt;&gt;</a>&nbsp;&nbsp;&nbsp;XTAL_ACMP_Handler
</UL>
<BR>[Called By]<UL><LI><a href="#[1b]">&gt;&gt;</a>&nbsp;&nbsp;&nbsp;XTAL_ACMP_Handler
</UL>
<BR>[Address Reference Count : 1]<UL><LI> startup_swm190.o(RESET)
</UL>
<P><STRONG><a name="[1c]"></a>UART2_GPIOB4_Handler</STRONG> (Thumb, 2 bytes, Stack size 0 bytes, startup_swm190.o(.text))
<BR><BR>[Calls]<UL><LI><a href="#[1c]">&gt;&gt;</a>&nbsp;&nbsp;&nbsp;UART2_GPIOB4_Handler
</UL>
<BR>[Called By]<UL><LI><a href="#[1c]">&gt;&gt;</a>&nbsp;&nbsp;&nbsp;UART2_GPIOB4_Handler
</UL>
<BR>[Address Reference Count : 1]<UL><LI> startup_swm190.o(RESET)
</UL>
<P><STRONG><a name="[1d]"></a>TIMR2_GPIOA15_Handler</STRONG> (Thumb, 2 bytes, Stack size 0 bytes, startup_swm190.o(.text))
<BR><BR>[Calls]<UL><LI><a href="#[1d]">&gt;&gt;</a>&nbsp;&nbsp;&nbsp;TIMR2_GPIOA15_Handler
</UL>
<BR>[Called By]<UL><LI><a href="#[1d]">&gt;&gt;</a>&nbsp;&nbsp;&nbsp;TIMR2_GPIOA15_Handler
</UL>
<BR>[Address Reference Count : 1]<UL><LI> startup_swm190.o(RESET)
</UL>
<P><STRONG><a name="[1e]"></a>TIMR3_HALL_Handler</STRONG> (Thumb, 2 bytes, Stack size 0 bytes, startup_swm190.o(.text))
<BR><BR>[Calls]<UL><LI><a href="#[1e]">&gt;&gt;</a>&nbsp;&nbsp;&nbsp;TIMR3_HALL_Handler
</UL>
<BR>[Called By]<UL><LI><a href="#[1e]">&gt;&gt;</a>&nbsp;&nbsp;&nbsp;TIMR3_HALL_Handler
</UL>
<BR>[Address Reference Count : 1]<UL><LI> startup_swm190.o(RESET)
</UL>
<P><STRONG><a name="[1f]"></a>GPIOC5_I2C1_Handler</STRONG> (Thumb, 2 bytes, Stack size 0 bytes, startup_swm190.o(.text))
<BR><BR>[Calls]<UL><LI><a href="#[1f]">&gt;&gt;</a>&nbsp;&nbsp;&nbsp;GPIOC5_I2C1_Handler
</UL>
<BR>[Called By]<UL><LI><a href="#[1f]">&gt;&gt;</a>&nbsp;&nbsp;&nbsp;GPIOC5_I2C1_Handler
</UL>
<BR>[Address Reference Count : 1]<UL><LI> startup_swm190.o(RESET)
</UL>
<P><STRONG><a name="[20]"></a>PWM1_GPIOB6_Handler</STRONG> (Thumb, 2 bytes, Stack size 0 bytes, startup_swm190.o(.text))
<BR><BR>[Calls]<UL><LI><a href="#[20]">&gt;&gt;</a>&nbsp;&nbsp;&nbsp;PWM1_GPIOB6_Handler
</UL>
<BR>[Called By]<UL><LI><a href="#[20]">&gt;&gt;</a>&nbsp;&nbsp;&nbsp;PWM1_GPIOB6_Handler
</UL>
<BR>[Address Reference Count : 1]<UL><LI> startup_swm190.o(RESET)
</UL>
<P><STRONG><a name="[21]"></a>UART3_GPIOB5_Handler</STRONG> (Thumb, 2 bytes, Stack size 0 bytes, startup_swm190.o(.text))
<BR><BR>[Calls]<UL><LI><a href="#[21]">&gt;&gt;</a>&nbsp;&nbsp;&nbsp;UART3_GPIOB5_Handler
</UL>
<BR>[Called By]<UL><LI><a href="#[21]">&gt;&gt;</a>&nbsp;&nbsp;&nbsp;UART3_GPIOB5_Handler
</UL>
<BR>[Address Reference Count : 1]<UL><LI> startup_swm190.o(RESET)
</UL>
<P><STRONG><a name="[22]"></a>PWM2_SFC_Handler</STRONG> (Thumb, 2 bytes, Stack size 0 bytes, startup_swm190.o(.text))
<BR><BR>[Calls]<UL><LI><a href="#[22]">&gt;&gt;</a>&nbsp;&nbsp;&nbsp;PWM2_SFC_Handler
</UL>
<BR>[Called By]<UL><LI><a href="#[22]">&gt;&gt;</a>&nbsp;&nbsp;&nbsp;PWM2_SFC_Handler
</UL>
<BR>[Address Reference Count : 1]<UL><LI> startup_swm190.o(RESET)
</UL>
<P><STRONG><a name="[23]"></a>PWM3_CACHE_Handler</STRONG> (Thumb, 2 bytes, Stack size 0 bytes, startup_swm190.o(.text))
<BR><BR>[Calls]<UL><LI><a href="#[23]">&gt;&gt;</a>&nbsp;&nbsp;&nbsp;PWM3_CACHE_Handler
</UL>
<BR>[Called By]<UL><LI><a href="#[23]">&gt;&gt;</a>&nbsp;&nbsp;&nbsp;PWM3_CACHE_Handler
</UL>
<BR>[Address Reference Count : 1]<UL><LI> startup_swm190.o(RESET)
</UL>
<P><STRONG><a name="[24]"></a>ADC1_GPIOA14_Handler</STRONG> (Thumb, 2 bytes, Stack size 0 bytes, startup_swm190.o(.text))
<BR><BR>[Calls]<UL><LI><a href="#[24]">&gt;&gt;</a>&nbsp;&nbsp;&nbsp;ADC1_GPIOA14_Handler
</UL>
<BR>[Called By]<UL><LI><a href="#[24]">&gt;&gt;</a>&nbsp;&nbsp;&nbsp;ADC1_GPIOA14_Handler
</UL>
<BR>[Address Reference Count : 1]<UL><LI> startup_swm190.o(RESET)
</UL>
<P><STRONG><a name="[25]"></a>GPIOE_PWMHALT_Handler</STRONG> (Thumb, 2 bytes, Stack size 0 bytes, startup_swm190.o(.text))
<BR><BR>[Calls]<UL><LI><a href="#[25]">&gt;&gt;</a>&nbsp;&nbsp;&nbsp;GPIOE_PWMHALT_Handler
</UL>
<BR>[Called By]<UL><LI><a href="#[25]">&gt;&gt;</a>&nbsp;&nbsp;&nbsp;GPIOE_PWMHALT_Handler
</UL>
<BR>[Address Reference Count : 1]<UL><LI> startup_swm190.o(RESET)
</UL>
<P><STRONG><a name="[6e]"></a>__aeabi_uidiv</STRONG> (Thumb, 0 bytes, Stack size 12 bytes, uidiv.o(.text), UNUSED)

<P><STRONG><a name="[39]"></a>__aeabi_uidivmod</STRONG> (Thumb, 44 bytes, Stack size 12 bytes, uidiv.o(.text))
<BR><BR>[Stack]<UL><LI>Max Depth = 12<LI>Call Chain = __aeabi_uidivmod
</UL>
<BR>[Called By]<UL><LI><a href="#[3f]">&gt;&gt;</a>&nbsp;&nbsp;&nbsp;SystemCoreClockUpdate
<LI><a href="#[3d]">&gt;&gt;</a>&nbsp;&nbsp;&nbsp;UART_GetBaudrate
<LI><a href="#[3c]">&gt;&gt;</a>&nbsp;&nbsp;&nbsp;UART_SetBaudrate
<LI><a href="#[2f]">&gt;&gt;</a>&nbsp;&nbsp;&nbsp;UART_Init
</UL>

<P><STRONG><a name="[2a]"></a>__scatterload</STRONG> (Thumb, 28 bytes, Stack size 0 bytes, init.o(.text))
<BR><BR>[Calls]<UL><LI><a href="#[4a]">&gt;&gt;</a>&nbsp;&nbsp;&nbsp;__main_after_scatterload
</UL>
<BR>[Called By]<UL><LI><a href="#[29]">&gt;&gt;</a>&nbsp;&nbsp;&nbsp;_main_scatterload
</UL>

<P><STRONG><a name="[6f]"></a>__scatterload_rt2</STRONG> (Thumb, 0 bytes, Stack size 0 bytes, init.o(.text), UNUSED)

<P><STRONG><a name="[4b]"></a>__0printf$bare</STRONG> (Thumb, 12 bytes, Stack size 8 bytes, printfb.o(i.__0printf$bare), UNUSED)
<BR><BR>[Calls]<UL><LI><a href="#[4c]">&gt;&gt;</a>&nbsp;&nbsp;&nbsp;_printf_core
</UL>

<P><STRONG><a name="[70]"></a>__1printf$bare</STRONG> (Thumb, 0 bytes, Stack size 8 bytes, printfb.o(i.__0printf$bare), UNUSED)

<P><STRONG><a name="[32]"></a>__2printf</STRONG> (Thumb, 0 bytes, Stack size 8 bytes, printfb.o(i.__0printf$bare))
<BR><BR>[Stack]<UL><LI>Max Depth = 8<LI>Call Chain = __2printf
</UL>
<BR>[Called By]<UL><LI><a href="#[26]">&gt;&gt;</a>&nbsp;&nbsp;&nbsp;main
</UL>

<P><STRONG><a name="[40]"></a>__ARM_common_switch8</STRONG> (Thumb, 26 bytes, Stack size 8 bytes, system_swm190.o(i.__ARM_common_switch8))
<BR><BR>[Stack]<UL><LI>Max Depth = 8<LI>Call Chain = __ARM_common_switch8
</UL>
<BR>[Called By]<UL><LI><a href="#[3f]">&gt;&gt;</a>&nbsp;&nbsp;&nbsp;SystemCoreClockUpdate
</UL>

<P><STRONG><a name="[71]"></a>__scatterload_copy</STRONG> (Thumb, 14 bytes, Stack size unknown bytes, handlers.o(i.__scatterload_copy), UNUSED)

<P><STRONG><a name="[72]"></a>__scatterload_null</STRONG> (Thumb, 2 bytes, Stack size unknown bytes, handlers.o(i.__scatterload_null), UNUSED)

<P><STRONG><a name="[73]"></a>__scatterload_zeroinit</STRONG> (Thumb, 14 bytes, Stack size unknown bytes, handlers.o(i.__scatterload_zeroinit), UNUSED)
<P>
<H3>
Local Symbols
</H3>
<P><STRONG><a name="[3a]"></a>NVIC_EnableIRQ</STRONG> (Thumb, 14 bytes, Stack size 0 bytes, swm190_uart.o(.text))
<BR><BR>[Called By]<UL><LI><a href="#[2f]">&gt;&gt;</a>&nbsp;&nbsp;&nbsp;UART_Init
</UL>

<P><STRONG><a name="[3b]"></a>NVIC_DisableIRQ</STRONG> (Thumb, 16 bytes, Stack size 0 bytes, swm190_uart.o(.text))
<BR><BR>[Called By]<UL><LI><a href="#[2f]">&gt;&gt;</a>&nbsp;&nbsp;&nbsp;UART_Init
</UL>

<P><STRONG><a name="[4c]"></a>_printf_core</STRONG> (Thumb, 30 bytes, Stack size 24 bytes, printfb.o(i._printf_core), UNUSED)
<BR><BR>[Called By]<UL><LI><a href="#[4b]">&gt;&gt;</a>&nbsp;&nbsp;&nbsp;__0printf$bare
</UL>
<P>
<H3>
Undefined Global Symbols
</H3>
<P><STRONG><a name="[2c]"></a>__arm_fini_</STRONG> (Unknown, 0 bytes, Stack size 0 bytes, UNDEFINED)
<BR><BR>[Called By]<UL><LI><a href="#[2b]">&gt;&gt;</a>&nbsp;&nbsp;&nbsp;__rt_lib_shutdown_fini
</UL>
<HR></body></html>
