<html>
<body>
<pre>
<h1>µVision Build Log</h1>
<h2>Tool Versions:</h2>
IDE-Version: ¦ÌVision V5.29.0.0
Copyright (C) 2019 ARM Ltd and ARM Germany GmbH. All rights reserved.
License Information: 11 1, 1, LIC=MPPLD-8V535-454T5-GQFZC-EHBE1-358PB
 
Tool Versions:
Toolchain:       MDK-ARM Plus  Version: 5.29.0.0
Toolchain Path:  C:\Keil_v5\ARM\ARMCC\Bin
C Compiler:      Armcc.exe V5.06 update 6 (build 750)
Assembler:       Armasm.exe V5.06 update 6 (build 750)
Linker/Locator:  ArmLink.exe V5.06 update 6 (build 750)
Library Manager: ArmAr.exe V5.06 update 6 (build 750)
Hex Converter:   FromElf.exe V5.06 update 6 (build 750)
CPU DLL:         SARMCM3.DLL V5.29.0.0
Dialog DLL:      DARMCM1.DLL V1.19.2.0
Target DLL:      Segger\JL2CM3.dll V2.99.36.0
Dialog DLL:      TARMCM1.DLL V1.14.1.0
 
<h2>Project:</h2>
C:\Users\xueji\Desktop\LIB\SWM190_Lib-201225\SWM190_Lib\PWM\SimplPWM\SimplPWM.uvprojx
Project File Date:  01/20/2021

<h2>Output:</h2>
*** Using Compiler 'V5.06 update 6 (build 750)', folder: 'C:\Keil_v5\ARM\ARMCC\Bin'
Build target 'SWM190'
compiling main.c...
app\main.c(97): warning:  #177-D: variable "i"  was declared but never referenced
  	uint32_t i;
app\main.c: 1 warning, 0 errors
compiling SWM190_adc.c...
compiling SWM190_gpio.c...
compiling SWM190_exti.c...
compiling SWM190_i2c.c...
compiling SWM190_uart.c...
compiling SWM190_timr.c...
compiling SWM190_pwm.c...
compiling SWM190_wdt.c...
compiling SWM190_dma.c...
compiling SWM190_flash.c...
compiling SWM190_port.c...
compiling SWM190_rtc.c...
compiling system_SWM190.c...
compiling SWM190_spi.c...
linking...
Program Size: Code=6060 RO-data=288 RW-data=56 ZI-data=1024  
After Build - User command #1: fromelf --bin -o "C:\Users\xueji\Desktop\LIB\SWM190_Lib-201225\SWM190_Lib\PWM\SimplPWM\out\SimplPWM.bin" "C:\Users\xueji\Desktop\LIB\SWM190_Lib-201225\SWM190_Lib\PWM\SimplPWM\out\SimplPWM.axf"
".\out\SimplPWM.axf" - 0 Error(s), 1 Warning(s).

<h2>Software Packages used:</h2>

Package Vendor: ARM
                http://www.keil.com/pack/ARM.CMSIS.5.6.0.pack
                ARM.CMSIS.5.6.0
                CMSIS (Cortex Microcontroller Software Interface Standard)
   * Component: CORE Version: 5.3.0

Package Vendor: Synwit
                http://www.synwit.com/pack/Synwit.SWM32_DFP.1.8.4.pack
                Synwit.SWM32_DFP.1.8.4
                Synwit 32bit MCU Device Support

<h2>Collection of Component include folders:</h2>
  .\RTE\_SWM190
  C:\Users\xueji\AppData\Local\Arm\Packs\ARM\CMSIS\5.6.0\CMSIS\Core\Include
  C:\Users\xueji\AppData\Local\Arm\Packs\Synwit\SWM32_DFP\1.8.4\CSL\SWM190\CMSIS\DeviceSupport

<h2>Collection of Component Files used:</h2>

   * Component: ARM::CMSIS:CORE:5.3.0
Build Time Elapsed:  00:00:01
</pre>
</body>
</html>
